Archive member included to satisfy reference by file (symbol)

Generated_Source\PSoC6\pdl\middleware\ble\lib\cy_ble_stack_gcc_host_ipc_cm4.a(CyBleStackMgrIP_Interface.o)
                              .\CortexM4\ARM_GCC_541\Debug\cy_ble.o (Cy_BLE_EnableDleFeature)
Generated_Source\PSoC6\pdl\middleware\ble\lib\cy_ble_stack_gcc_host_ipc_cm4.a(BT_os.o)
                              Generated_Source\PSoC6\pdl\middleware\ble\lib\cy_ble_stack_gcc_host_ipc_cm4.a(CyBleStackMgrIP_Interface.o) (cyBleStackMemoryConfig)
Generated_Source\PSoC6\pdl\middleware\ble\lib\cy_ble_stack_gcc_host_ipc_cm4.a(CyBleStackMgr_StackTaskHandler.o)
                              Generated_Source\PSoC6\pdl\middleware\ble\lib\cy_ble_stack_gcc_host_ipc_cm4.a(CyBleStackMgrIP_Interface.o) (CyBle_CreateBleStackTask)
Generated_Source\PSoC6\pdl\middleware\ble\lib\cy_ble_stack_gcc_host_ipc_cm4.a(storage_pl.o)
                              Generated_Source\PSoC6\pdl\middleware\ble\lib\cy_ble_stack_gcc_host_ipc_cm4.a(CyBleStackMgrIP_Interface.o) (storage_manager_init)
Generated_Source\PSoC6\pdl\middleware\ble\lib\cy_ble_stack_gcc_host_ipc_cm4.a(mint_os.o)
                              Generated_Source\PSoC6\pdl\middleware\ble\lib\cy_ble_stack_gcc_host_ipc_cm4.a(CyBleStackMgrIP_Interface.o) (OS_init)
Generated_Source\PSoC6\pdl\middleware\ble\lib\cy_ble_stack_gcc_host_ipc_cm4.a(mint_os_queue.o)
                              Generated_Source\PSoC6\pdl\middleware\ble\lib\cy_ble_stack_gcc_host_ipc_cm4.a(mint_os.o) (OS_TOTAL_QUEUES)
Generated_Source\PSoC6\pdl\middleware\ble\lib\cy_ble_stack_gcc_host_ipc_cm4.a(mint_os_task.o)
                              Generated_Source\PSoC6\pdl\middleware\ble\lib\cy_ble_stack_gcc_host_ipc_cm4.a(mint_os.o) (idle_func_handler)
Generated_Source\PSoC6\pdl\middleware\ble\lib\cy_ble_stack_gcc_host_ipc_cm4.a(mint_buf_mgmt.o)
                              Generated_Source\PSoC6\pdl\middleware\ble\lib\cy_ble_stack_gcc_host_ipc_cm4.a(BT_os.o) (mint_buf_mgmt_allocate_buffer)
Generated_Source\PSoC6\pdl\middleware\ble\lib\cy_ble_stack_gcc_host_ipc_cm4.a(transport_ipc.o)
                              Generated_Source\PSoC6\pdl\middleware\ble\lib\cy_ble_stack_gcc_host_ipc_cm4.a(CyBleStackMgr_StackTaskHandler.o) (CyBleHost_HciIpcFreePktBuffer)
Generated_Source\PSoC6\pdl\middleware\ble\lib\cy_ble_stack_gcc_host_ipc_cm4.a(CyBleStackMgr_PSoCIPCHal.o)
                              Generated_Source\PSoC6\pdl\middleware\ble\lib\cy_ble_stack_gcc_host_ipc_cm4.a(transport_ipc.o) (CyBleHost_IPC_HAL_InitWithStaticMem)
Generated_Source\PSoC6\pdl\middleware\ble\lib\cy_ble_stack_gcc_host_ipc_cm4.a(host_main.o)
                              Generated_Source\PSoC6\pdl\middleware\ble\lib\cy_ble_stack_gcc_host_ipc_cm4.a(CyBleStackMgrIP_Interface.o) (CyBle_HostInit)
Generated_Source\PSoC6\pdl\middleware\ble\lib\cy_ble_stack_gcc_host_ipc_cm4.a(att_api.o)
                              Generated_Source\PSoC6\pdl\middleware\ble\lib\cy_ble_stack_gcc_host_ipc_cm4.a(host_main.o) (BT_att_register)
Generated_Source\PSoC6\pdl\middleware\ble\lib\cy_ble_stack_gcc_host_ipc_cm4.a(att_init.o)
                              Generated_Source\PSoC6\pdl\middleware\ble\lib\cy_ble_stack_gcc_host_ipc_cm4.a(att_api.o) (att_connections)
Generated_Source\PSoC6\pdl\middleware\ble\lib\cy_ble_stack_gcc_host_ipc_cm4.a(att_internal.o)
                              Generated_Source\PSoC6\pdl\middleware\ble\lib\cy_ble_stack_gcc_host_ipc_cm4.a(att_api.o) (att_get_fsm_event)
Generated_Source\PSoC6\pdl\middleware\ble\lib\cy_ble_stack_gcc_host_ipc_cm4.a(BT_common.o)
                              Generated_Source\PSoC6\pdl\middleware\ble\lib\cy_ble_stack_gcc_host_ipc_cm4.a(host_main.o) (BT_bluetooth_off)
Generated_Source\PSoC6\pdl\middleware\ble\lib\cy_ble_stack_gcc_host_ipc_cm4.a(device_queue.o)
                              Generated_Source\PSoC6\pdl\middleware\ble\lib\cy_ble_stack_gcc_host_ipc_cm4.a(host_main.o) (CyBle_DeviceQueueHeapDeInit)
Generated_Source\PSoC6\pdl\middleware\ble\lib\cy_ble_stack_gcc_host_ipc_cm4.a(l2cap.o)
                              Generated_Source\PSoC6\pdl\middleware\ble\lib\cy_ble_stack_gcc_host_ipc_cm4.a(host_main.o) (CyBle_L2capCB)
Generated_Source\PSoC6\pdl\middleware\ble\lib\cy_ble_stack_gcc_host_ipc_cm4.a(l2cap_disconnect.o)
                              Generated_Source\PSoC6\pdl\middleware\ble\lib\cy_ble_stack_gcc_host_ipc_cm4.a(l2cap.o) (l2ca_disconnect_req)
Generated_Source\PSoC6\pdl\middleware\ble\lib\cy_ble_stack_gcc_host_ipc_cm4.a(l2cap_init.o)
                              Generated_Source\PSoC6\pdl\middleware\ble\lib\cy_ble_stack_gcc_host_ipc_cm4.a(l2cap_disconnect.o) (l2cap_fixed_channel)
Generated_Source\PSoC6\pdl\middleware\ble\lib\cy_ble_stack_gcc_host_ipc_cm4.a(l2cap_utils.o)
                              Generated_Source\PSoC6\pdl\middleware\ble\lib\cy_ble_stack_gcc_host_ipc_cm4.a(l2cap_disconnect.o) (l2cap_buffer_dequeue)
Generated_Source\PSoC6\pdl\middleware\ble\lib\cy_ble_stack_gcc_host_ipc_cm4.a(l2cap_lmp.o)
[...]
Memory Configuration

Name             Origin             Length             Attributes
ram              0x08024000         0x00023800         xrw
flash            0x10080000         0x00080000         xr
em_eeprom        0x14000000         0x00008000         xr
sflash_user_data 0x16000800         0x00000800         xr
sflash_nar       0x16001a00         0x00000200         xr
sflash_public_key 0x16005a00         0x00000c00         xr
sflash_toc_2     0x16007c00         0x00000200         xr
sflash_rtoc_2    0x16007e00         0x00000200         xr
xip              0x18000000         0x08000000         xr
efuse            0x90700000         0x00100000         r
*default*        0x00000000         0xffffffff

Linker script and memory map

LOAD c:/program files (x86)/cypress/psoc creator/4.2/psoc creator/import/gnu/arm/5.4.1/bin/../lib/gcc/arm-none-eabi/5.4.1/armv7e-m/softfp/crti.o
LOAD c:/program files (x86)/cypress/psoc creator/4.2/psoc creator/import/gnu/arm/5.4.1/bin/../lib/gcc/arm-none-eabi/5.4.1/armv7e-m/softfp/crtbegin.o
LOAD c:/program files (x86)/cypress/psoc creator/4.2/psoc creator/import/gnu/arm/5.4.1/bin/../lib/gcc/arm-none-eabi/5.4.1/../../../../arm-none-eabi/lib/armv7e-m/softfp/crt0.o
START GROUP
LOAD Generated_Source\PSoC6\pdl\middleware\ble\lib\cy_ble_stack_gcc_host_ipc_cm4.a
LOAD .\CortexM4\ARM_GCC_541\Debug\ble_task.o
LOAD .\CortexM4\ARM_GCC_541\Debug\display_task.o
LOAD .\CortexM4\ARM_GCC_541\Debug\rtc_task.o
LOAD .\CortexM4\ARM_GCC_541\Debug\status_led_task.o
LOAD .\CortexM4\ARM_GCC_541\Debug\uart_debug.o
LOAD .\CortexM4\ARM_GCC_541\Debug\startup_psoc63_cm4.o
LOAD .\CortexM4\ARM_GCC_541\Debug\main_cm4.o
LOAD .\CortexM4\ARM_GCC_541\Debug\screen_contents.o
LOAD .\CortexM4\ARM_GCC_541\Debug\system_psoc63_cm4.o
LOAD .\CortexM4\ARM_GCC_541\Debug\cy_eink_fonts.o
LOAD .\CortexM4\ARM_GCC_541\Debug\cy_eink_library.o
LOAD .\CortexM4\ARM_GCC_541\Debug\pervasive_eink_hardware_driver.o
LOAD .\CortexM4\ARM_GCC_541\Debug\cy_eink_psoc_interface.o
LOAD .\CortexM4\ARM_GCC_541\Debug\cy_ipc_config.o
LOAD .\CortexM4\ARM_GCC_541\Debug\stdio_user.o
LOAD .\CortexM4\ARM_GCC_541\Debug\cyfitter_sysint_cfg.o
LOAD .\CortexM4\ARM_GCC_541\Debug\cymetadata.o
LOAD .\CortexM4\ARM_GCC_541\Debug\DEBUG_UART.o
LOAD .\CortexM4\ARM_GCC_541\Debug\BLE.o
LOAD .\CortexM4\ARM_GCC_541\Debug\BLE_config.o
LOAD .\CortexM4\ARM_GCC_541\Debug\BLE_cts_config.o
LOAD .\CortexM4\ARM_GCC_541\Debug\RTC.o
LOAD .\CortexM4\ARM_GCC_541\Debug\CY_EINK_SPIM.o
LOAD .\CortexM4\ARM_GCC_541\Debug\ADC.o
LOAD .\CortexM4\ARM_GCC_541\Debug\ADC_INT.o
LOAD .\CortexM4\ARM_GCC_541\Debug\ADC_INIT.o
LOAD .\CortexM4\ARM_GCC_541\Debug\ADC_PM.o
LOAD .\CortexM4\ARM_GCC_541\Debug\cy_sysint.o
LOAD .\CortexM4\ARM_GCC_541\Debug\cy_ipc_drv.o
LOAD .\CortexM4\ARM_GCC_541\Debug\cy_ipc_sema.o
LOAD .\CortexM4\ARM_GCC_541\Debug\cy_ipc_pipe.o
LOAD .\CortexM4\ARM_GCC_541\Debug\cy_sysclk.o
LOAD .\CortexM4\ARM_GCC_541\Debug\cy_wdt.o
LOAD .\CortexM4\ARM_GCC_541\Debug\cy_rtc.o
LOAD .\CortexM4\ARM_GCC_541\Debug\cy_scb_common.o
LOAD .\CortexM4\ARM_GCC_541\Debug\cy_scb_i2c.o
LOAD .\CortexM4\ARM_GCC_541\Debug\cy_scb_ezi2c.o
LOAD .\CortexM4\ARM_GCC_541\Debug\cy_scb_spi.o
LOAD .\CortexM4\ARM_GCC_541\Debug\cy_scb_uart.o
LOAD .\CortexM4\ARM_GCC_541\Debug\cy_efuse.o
LOAD .\CortexM4\ARM_GCC_541\Debug\cy_flash.o
LOAD .\CortexM4\ARM_GCC_541\Debug\cy_gpio.o
LOAD .\CortexM4\ARM_GCC_541\Debug\cy_sar.o
LOAD .\CortexM4\ARM_GCC_541\Debug\cy_sysanalog.o
LOAD .\CortexM4\ARM_GCC_541\Debug\cy_syspm.o
LOAD .\CortexM4\ARM_GCC_541\Debug\cy_syslib.o
LOAD .\CortexM4\ARM_GCC_541\Debug\cy_syslib_gcc.o
LOAD .\CortexM4\ARM_GCC_541\Debug\cy_trigmux.o
LOAD .\CortexM4\ARM_GCC_541\Debug\cy_systick.o
LOAD .\CortexM4\ARM_GCC_541\Debug\cy_profile.o
LOAD .\CortexM4\ARM_GCC_541\Debug\cy_prot.o
LOAD .\CortexM4\ARM_GCC_541\Debug\cy_lvd.o
LOAD .\CortexM4\ARM_GCC_541\Debug\cy_ble.o
LOAD .\CortexM4\ARM_GCC_541\Debug\cy_ble_hal_int.o
LOAD .\CortexM4\ARM_GCC_541\Debug\cy_ble_hal_pvt.o
LOAD .\CortexM4\ARM_GCC_541\Debug\cy_ble_gap.o
LOAD .\CortexM4\ARM_GCC_541\Debug\cy_ble_gatt.o
LOAD .\CortexM4\ARM_GCC_541\Debug\cy_ble_event_handler.o
LOAD .\CortexM4\ARM_GCC_541\Debug\cy_ble_ancs.o
LOAD .\CortexM4\ARM_GCC_541\Debug\cy_ble_ans.o
LOAD .\CortexM4\ARM_GCC_541\Debug\cy_ble_aios.o
LOAD .\CortexM4\ARM_GCC_541\Debug\cy_ble_bas.o
LOAD .\CortexM4\ARM_GCC_541\Debug\cy_ble_bcs.o
LOAD .\CortexM4\ARM_GCC_541\Debug\cy_ble_bls.o
LOAD .\CortexM4\ARM_GCC_541\Debug\cy_ble_bms.o
LOAD .\CortexM4\ARM_GCC_541\Debug\cy_ble_bts.o
LOAD .\CortexM4\ARM_GCC_541\Debug\cy_ble_cgms.o
LOAD .\CortexM4\ARM_GCC_541\Debug\cy_ble_cps.o
LOAD .\CortexM4\ARM_GCC_541\Debug\cy_ble_cscs.o
LOAD .\CortexM4\ARM_GCC_541\Debug\cy_ble_cts.o
LOAD .\CortexM4\ARM_GCC_541\Debug\cy_ble_custom.o
LOAD .\CortexM4\ARM_GCC_541\Debug\cy_ble_dis.o
LOAD .\CortexM4\ARM_GCC_541\Debug\cy_ble_ess.o
LOAD .\CortexM4\ARM_GCC_541\Debug\cy_ble_gls.o
LOAD .\CortexM4\ARM_GCC_541\Debug\cy_ble_hids.o
LOAD .\CortexM4\ARM_GCC_541\Debug\cy_ble_hps.o
LOAD .\CortexM4\ARM_GCC_541\Debug\cy_ble_hrs.o
LOAD .\CortexM4\ARM_GCC_541\Debug\cy_ble_hts.o
LOAD .\CortexM4\ARM_GCC_541\Debug\cy_ble_ias.o
LOAD .\CortexM4\ARM_GCC_541\Debug\cy_ble_ips.o
LOAD .\CortexM4\ARM_GCC_541\Debug\cy_ble_lls.o
LOAD .\CortexM4\ARM_GCC_541\Debug\cy_ble_lns.o
LOAD .\CortexM4\ARM_GCC_541\Debug\cy_ble_ndcs.o
LOAD .\CortexM4\ARM_GCC_541\Debug\cy_ble_plxs.o
LOAD .\CortexM4\ARM_GCC_541\Debug\cy_ble_pass.o
LOAD .\CortexM4\ARM_GCC_541\Debug\cy_ble_rscs.o
LOAD .\CortexM4\ARM_GCC_541\Debug\cy_ble_rtus.o
LOAD .\CortexM4\ARM_GCC_541\Debug\cy_ble_scps.o
LOAD .\CortexM4\ARM_GCC_541\Debug\cy_ble_tps.o
LOAD .\CortexM4\ARM_GCC_541\Debug\cy_ble_uds.o
LOAD .\CortexM4\ARM_GCC_541\Debug\cy_ble_wpts.o
LOAD .\CortexM4\ARM_GCC_541\Debug\cy_ble_wss.o
LOAD .\CortexM4\ARM_GCC_541\Debug\cy_ble_clk.o
LOAD .\CortexM4\ARM_GCC_541\Debug\retarget.o
LOAD .\CortexM4\ARM_GCC_541\Debug\croutine.o
LOAD .\CortexM4\ARM_GCC_541\Debug\event_groups.o
LOAD .\CortexM4\ARM_GCC_541\Debug\list.o
LOAD .\CortexM4\ARM_GCC_541\Debug\queue.o
LOAD .\CortexM4\ARM_GCC_541\Debug\tasks.o
LOAD .\CortexM4\ARM_GCC_541\Debug\timers.o
LOAD .\CortexM4\ARM_GCC_541\Debug\stream_buffer.o
LOAD .\CortexM4\ARM_GCC_541\Debug\port.o
LOAD .\CortexM4\ARM_GCC_541\Debug\heap_1.o
END GROUP
START GROUP
LOAD c:/program files (x86)/cypress/psoc creator/4.2/psoc creator/import/gnu/arm/5.4.1/bin/../lib/gcc/arm-none-eabi/5.4.1/armv7e-m/softfp\libgcc.a
LOAD c:/program files (x86)/cypress/psoc creator/4.2/psoc creator/import/gnu/arm/5.4.1/bin/../lib/gcc/arm-none-eabi/5.4.1/../../../../arm-none-eabi/lib/armv7e-m/softfp\libg_nano.a
LOAD c:/program files (x86)/cypress/psoc creator/4.2/psoc creator/import/gnu/arm/5.4.1/bin/../lib/gcc/arm-none-eabi/5.4.1/../../../../arm-none-eabi/lib/armv7e-m/softfp\libc_nano.a
END GROUP
START GROUP
LOAD c:/program files (x86)/cypress/psoc creator/4.2/psoc creator/import/gnu/arm/5.4.1/bin/../lib/gcc/arm-none-eabi/5.4.1/armv7e-m/softfp\libgcc.a
LOAD c:/program files (x86)/cypress/psoc creator/4.2/psoc creator/import/gnu/arm/5.4.1/bin/../lib/gcc/arm-none-eabi/5.4.1/../../../../arm-none-eabi/lib/armv7e-m/softfp\libc_nano.a
END GROUP
LOAD c:/program files (x86)/cypress/psoc creator/4.2/psoc creator/import/gnu/arm/5.4.1/bin/../lib/gcc/arm-none-eabi/5.4.1/armv7e-m/softfp/crtend.o
LOAD c:/program files (x86)/cypress/psoc creator/4.2/psoc creator/import/gnu/arm/5.4.1/bin/../lib/gcc/arm-none-eabi/5.4.1/armv7e-m/softfp/crtn.o
START GROUP
LOAD c:/program files (x86)/cypress/psoc creator/4.2/psoc creator/import/gnu/arm/5.4.1/bin/../lib/gcc/arm-none-eabi/5.4.1/armv7e-m/softfp\libgcc.a
LOAD c:/program files (x86)/cypress/psoc creator/4.2/psoc creator/import/gnu/arm/5.4.1/bin/../lib/gcc/arm-none-eabi/5.4.1/../../../../arm-none-eabi/lib/armv7e-m/softfp\libc.a
LOAD c:/program files (x86)/cypress/psoc creator/4.2/psoc creator/import/gnu/arm/5.4.1/bin/../lib/gcc/arm-none-eabi/5.4.1/../../../../arm-none-eabi/lib/armv7e-m/softfp\libnosys.a
END GROUP
START GROUP
LOAD c:/program files (x86)/cypress/psoc creator/4.2/psoc creator/import/gnu/arm/5.4.1/bin/../lib/gcc/arm-none-eabi/5.4.1/armv7e-m/softfp\libgcc.a
LOAD c:/program files (x86)/cypress/psoc creator/4.2/psoc creator/import/gnu/arm/5.4.1/bin/../lib/gcc/arm-none-eabi/5.4.1/../../../../arm-none-eabi/lib/armv7e-m/softfp\libc.a
LOAD c:/program files (x86)/cypress/psoc creator/4.2/psoc creator/import/gnu/arm/5.4.1/bin/../lib/gcc/arm-none-eabi/5.4.1/../../../../arm-none-eabi/lib/armv7e-m/softfp\libm.a
LOAD c:/program files (x86)/cypress/psoc creator/4.2/psoc creator/import/gnu/arm/5.4.1/bin/../lib/gcc/arm-none-eabi/5.4.1/../../../../arm-none-eabi/lib/armv7e-m/softfp\libnosys.a
END GROUP

.text           0x10080000     0xe520
                0x10080000                . = ALIGN (0x4)
                0x10080000                __Vectors = .
 *(.vectors)
 .vectors       0x10080000      0x28c .\CortexM4\ARM_GCC_541\Debug\startup_psoc63_cm4.o
                0x1008028c                . = ALIGN (0x4)
                0x1008028c                __Vectors_End = .
                0x0000028c                __Vectors_Size = (__Vectors_End - __Vectors)
                0x1008028c                __end__ = .
                0x1008028c                . = ALIGN (0x4)
 *(.text*)
 .text          0x1008028c       0x5c c:/program files (x86)/cypress/psoc creator/4.2/psoc creator/import/gnu/arm/5.4.1/bin/../lib/gcc/arm-none-eabi/5.4.1/armv7e-m/softfp/crtbegin.o
 .text.AdvertisementEventHandler
                0x100802e8       0x50 .\CortexM4\ARM_GCC_541\Debug\ble_task.o
 .text.DisconnectEventHandler
                0x10080338       0x28 .\CortexM4\ARM_GCC_541\Debug\ble_task.o
 .text.CallBackCts
                0x10080360       0x74 .\CortexM4\ARM_GCC_541\Debug\ble_task.o
 .text.BleControllerInterruptEventHandler
                0x100803d4       0x38 .\CortexM4\ARM_GCC_541\Debug\ble_task.o
 .text.IsrGPIO  0x1008040c       0x70 .\CortexM4\ARM_GCC_541\Debug\ble_task.o
 .text.IsDeviceInBondList
                0x1008047c       0x40 .\CortexM4\ARM_GCC_541\Debug\ble_task.o
 .text.StackEventHandler
                0x100804bc      0x168 .\CortexM4\ARM_GCC_541\Debug\ble_task.o
 .text.RegisterGPIOInterruptHandler
                0x10080624       0x4c .\CortexM4\ARM_GCC_541\Debug\ble_task.o
 .text.ProcessBleEvents
                0x10080670       0x3c .\CortexM4\ARM_GCC_541\Debug\ble_task.o
 .text.Task_Ble
                0x100806ac       0x90 .\CortexM4\ARM_GCC_541\Debug\ble_task.o
                0x100806ac                Task_Ble
 .text.DelayMs  0x1008073c       0x1c .\CortexM4\ARM_GCC_541\Debug\display_task.o
 .text.GetRtcStrings
                0x10080758       0x44 .\CortexM4\ARM_GCC_541\Debug\display_task.o
 .text.Task_Display
                0x1008079c       0xd0 .\CortexM4\ARM_GCC_541\Debug\display_task.o
                0x1008079c                Task_Display
 .text.Task_Rtc
                0x1008086c       0xdc .\CortexM4\ARM_GCC_541\Debug\rtc_task.o
                0x1008086c                Task_Rtc
 .text.Cy_RTC_Alarm1Interrupt
                0x10080948       0x6c .\CortexM4\ARM_GCC_541\Debug\rtc_task.o
                0x10080948                Cy_RTC_Alarm1Interrupt
 .text.StatusLedRedTimerStart
                0x100809b4       0x40 .\CortexM4\ARM_GCC_541\Debug\status_led_task.o
 .text.StatusLedOrangeTimerStart
                0x100809f4       0x40 .\CortexM4\ARM_GCC_541\Debug\status_led_task.o
 .text.StatusLedOrangeTimerUpdate
                0x10080a34       0x20 .\CortexM4\ARM_GCC_541\Debug\status_led_task.o
 .text.StatusLedRedTimerUpdate
                0x10080a54       0x20 .\CortexM4\ARM_GCC_541\Debug\status_led_task.o
 .text.StatusLedRedTimerCallback
                0x10080a74       0x28 .\CortexM4\ARM_GCC_541\Debug\status_led_task.o
 .text.StatusLedOrangeTimerCallback
                0x10080a9c       0x28 .\CortexM4\ARM_GCC_541\Debug\status_led_task.o
 .text.Task_StatusLed
                0x10080ac4      0x150 .\CortexM4\ARM_GCC_541\Debug\status_led_task.o
                0x10080ac4                Task_StatusLed
 .text          0x10080c14       0x94 .\CortexM4\ARM_GCC_541\Debug\startup_psoc63_cm4.o
                0x10080c14                Cy_OnResetUser
                0x10080c16                Cy_SaveIRQ
                0x10080c1e                Cy_RestoreIRQ
                0x10080c24                Reset_Handler
                0x10080c88                tcpwm_1_interrupts_11_IRQHandler
                0x10080c88                cpuss_interrupts_ipc_0_IRQHandler
                0x10080c88                tcpwm_1_interrupts_15_IRQHandler
                0x10080c88                ioss_interrupts_gpio_13_IRQHandler
                0x10080c88                tcpwm_1_interrupts_13_IRQHandler
                0x10080c88                cpuss_interrupts_dw1_8_IRQHandler
                0x10080c88                tcpwm_0_interrupts_0_IRQHandler
                0x10080c88                cpuss_interrupt_fm_IRQHandler
                0x10080c88                cpuss_interrupts_ipc_7_IRQHandler
                0x10080c88                tcpwm_1_interrupts_14_IRQHandler
                0x10080c88                cpuss_interrupts_dw0_11_IRQHandler
                0x10080c88                tcpwm_1_interrupts_9_IRQHandler
                0x10080c88                cpuss_interrupts_cm0_cti_1_IRQHandler
                0x10080c88                tcpwm_1_interrupts_22_IRQHandler
                0x10080c88                cpuss_interrupts_dw0_4_IRQHandler
                0x10080c88                NMI_Handler
                0x10080c88                cpuss_interrupts_dw1_12_IRQHandler
                0x10080c88                tcpwm_1_interrupts_12_IRQHandler
                0x10080c88                smif_interrupt_IRQHandler
                0x10080c88                tcpwm_1_interrupts_2_IRQHandler
                0x10080c88                cpuss_interrupts_ipc_13_IRQHandler
                0x10080c88                udb_interrupts_11_IRQHandler
                0x10080c88                tcpwm_1_interrupts_18_IRQHandler
                0x10080c88                cpuss_interrupts_ipc_6_IRQHandler
                0x10080c88                tcpwm_0_interrupts_2_IRQHandler
                0x10080c88                cpuss_interrupts_dw0_13_IRQHandler
                0x10080c88                udb_interrupts_2_IRQHandler
                0x10080c88                cpuss_interrupts_dw1_7_IRQHandler
                0x10080c88                ioss_interrupts_gpio_1_IRQHandler
                0x10080c88                ioss_interrupts_gpio_7_IRQHandler
                0x10080c88                scb_5_interrupt_IRQHandler
                0x10080c88                udb_interrupts_6_IRQHandler
                0x10080c88                cpuss_interrupts_fault_1_IRQHandler
                0x10080c88                cpuss_interrupts_ipc_4_IRQHandler
                0x10080c88                cpuss_interrupts_ipc_5_IRQHandler
                0x10080c88                cpuss_interrupts_dw1_10_IRQHandler
                0x10080c88                udb_interrupts_0_IRQHandler
                0x10080c88                tcpwm_1_interrupts_6_IRQHandler
                0x10080c88                scb_4_interrupt_IRQHandler
                0x10080c88                pass_interrupt_dacs_IRQHandler
                0x10080c88                ioss_interrupts_gpio_2_IRQHandler
                0x10080c88                cpuss_interrupts_dw1_9_IRQHandler
                0x10080c88                cpuss_interrupts_dw1_13_IRQHandler
                0x10080c88                scb_2_interrupt_IRQHandler
                0x10080c88                cpuss_interrupts_cm0_cti_0_IRQHandler
                0x10080c88                udb_interrupts_5_IRQHandler
                0x10080c88                srss_interrupt_IRQHandler
                0x10080c88                udb_interrupts_12_IRQHandler
                0x10080c88                scb_0_interrupt_IRQHandler
                0x10080c88                csd_interrupt_IRQHandler
                0x10080c88                udb_interrupts_1_IRQHandler
                0x10080c88                profile_interrupt_IRQHandler
                0x10080c88                tcpwm_1_interrupts_1_IRQHandler
                0x10080c88                cpuss_interrupts_ipc_12_IRQHandler
                0x10080c88                tcpwm_1_interrupts_3_IRQHandler
                0x10080c88                tcpwm_0_interrupts_7_IRQHandler
                0x10080c88                cpuss_interrupts_dw1_1_IRQHandler
                0x10080c88                cpuss_interrupts_dw1_0_IRQHandler
                0x10080c88                cpuss_interrupts_dw0_9_IRQHandler
                0x10080c88                DebugMon_Handler
                0x10080c88                tcpwm_1_interrupts_23_IRQHandler
                0x10080c88                cpuss_interrupts_dw0_5_IRQHandler
                0x10080c88                tcpwm_1_interrupts_20_IRQHandler
                0x10080c88                ioss_interrupt_gpio_IRQHandler
                0x10080c88                tcpwm_0_interrupts_1_IRQHandler
                0x10080c88                ioss_interrupts_gpio_8_IRQHandler
                0x10080c88                tcpwm_0_interrupts_6_IRQHandler
                0x10080c88                scb_7_interrupt_IRQHandler
                0x10080c88                tcpwm_1_interrupts_7_IRQHandler
                0x10080c88                cpuss_interrupts_ipc_11_IRQHandler
                0x10080c88                udb_interrupts_13_IRQHandler
                0x10080c88                cpuss_interrupts_dw0_15_IRQHandler
                0x10080c88                udb_interrupts_7_IRQHandler
                0x10080c88                cpuss_interrupts_dw1_6_IRQHandler
                0x10080c88                cpuss_interrupt_crypto_IRQHandler
                0x10080c88                scb_1_interrupt_IRQHandler
                0x10080c88                Default_Handler
                0x10080c88                usb_interrupt_hi_IRQHandler
                0x10080c88                tcpwm_1_interrupts_0_IRQHandler
                0x10080c88                udb_interrupts_9_IRQHandler
                0x10080c88                audioss_interrupt_pdm_IRQHandler
                0x10080c88                srss_interrupt_mcwdt_0_IRQHandler
                0x10080c88                scb_3_interrupt_IRQHandler
                0x10080c88                pass_interrupt_ctbs_IRQHandler
                0x10080c88                udb_interrupts_8_IRQHandler
                0x10080c88                ioss_interrupts_gpio_3_IRQHandler
                0x10080c88                scb_6_interrupt_IRQHandler
                0x10080c88                cpuss_interrupts_cm4_cti_0_IRQHandler
                0x10080c88                cpuss_interrupts_dw1_3_IRQHandler
                0x10080c88                pass_interrupt_sar_IRQHandler
                0x10080c88                ioss_interrupts_gpio_0_IRQHandler
                0x10080c88                ioss_interrupts_gpio_14_IRQHandler
                0x10080c88                tcpwm_0_interrupts_4_IRQHandler
                0x10080c88                udb_interrupts_3_IRQHandler
                0x10080c88                tcpwm_0_interrupts_5_IRQHandler
                0x10080c88                cpuss_interrupts_ipc_15_IRQHandler
                0x10080c88                cpuss_interrupts_cm4_cti_1_IRQHandler
                0x10080c88                scb_8_interrupt_IRQHandler
                0x10080c88                srss_interrupt_mcwdt_1_IRQHandler
                0x10080c88                cpuss_interrupts_dw1_2_IRQHandler
                0x10080c88                cpuss_interrupts_dw1_5_IRQHandler
                0x10080c88                cpuss_interrupts_ipc_1_IRQHandler
                0x10080c88                cpuss_interrupts_dw0_0_IRQHandler
                0x10080c88                ioss_interrupts_gpio_12_IRQHandler
                0x10080c88                cpuss_interrupts_ipc_3_IRQHandler
                0x10080c88                tcpwm_1_interrupts_17_IRQHandler
                0x10080c88                srss_interrupt_backup_IRQHandler
                0x10080c88                bless_interrupt_IRQHandler
                0x10080c88                cpuss_interrupts_ipc_10_IRQHandler
                0x10080c88                cpuss_interrupts_ipc_9_IRQHandler
                0x10080c88                cpuss_interrupts_dw0_14_IRQHandler
                0x10080c88                tcpwm_1_interrupts_4_IRQHandler
                0x10080c88                tcpwm_0_interrupts_3_IRQHandler
                0x10080c88                cpuss_interrupts_dw1_15_IRQHandler
                0x10080c88                ioss_interrupts_gpio_10_IRQHandler
                0x10080c88                udb_interrupts_10_IRQHandler
                0x10080c88                cpuss_interrupts_dw0_8_IRQHandler
                0x10080c88                ioss_interrupts_gpio_11_IRQHandler
                0x10080c88                cpuss_interrupts_ipc_14_IRQHandler
                0x10080c88                ioss_interrupts_gpio_5_IRQHandler
                0x10080c88                ioss_interrupts_gpio_4_IRQHandler
                0x10080c88                tcpwm_1_interrupts_8_IRQHandler
                0x10080c88                cpuss_interrupts_dw1_14_IRQHandler
                0x10080c88                usb_interrupt_med_IRQHandler
                0x10080c88                cpuss_interrupts_dw0_2_IRQHandler
                0x10080c88                udb_interrupts_4_IRQHandler
                0x10080c88                tcpwm_1_interrupts_10_IRQHandler
                0x10080c88                cpuss_interrupts_fault_0_IRQHandler
                0x10080c88                cpuss_interrupts_dw0_12_IRQHandler
                0x10080c88                ioss_interrupts_gpio_6_IRQHandler
                0x10080c88                tcpwm_1_interrupts_21_IRQHandler
                0x10080c88                tcpwm_1_interrupts_16_IRQHandler
                0x10080c88                cpuss_interrupts_dw1_4_IRQHandler
                0x10080c88                udb_interrupts_15_IRQHandler
                0x10080c88                cpuss_interrupts_dw1_11_IRQHandler
                0x10080c88                cpuss_interrupts_dw0_6_IRQHandler
                0x10080c88                ioss_interrupt_vdd_IRQHandler
                0x10080c88                cpuss_interrupts_dw0_7_IRQHandler
                0x10080c88                audioss_interrupt_i2s_IRQHandler
                0x10080c88                tcpwm_1_interrupts_5_IRQHandler
                0x10080c88                cpuss_interrupts_ipc_2_IRQHandler
                0x10080c88                cpuss_interrupts_dw0_10_IRQHandler
                0x10080c88                tcpwm_1_interrupts_19_IRQHandler
                0x10080c88                cpuss_interrupts_dw0_1_IRQHandler
                0x10080c88                lpcomp_interrupt_IRQHandler
                0x10080c88                ioss_interrupts_gpio_9_IRQHandler
                0x10080c88                usb_interrupt_lo_IRQHandler
                0x10080c88                cpuss_interrupts_ipc_8_IRQHandler
                0x10080c88                udb_interrupts_14_IRQHandler
                0x10080c88                cpuss_interrupts_dw0_3_IRQHandler
                0x10080c8c                UsageFault_Handler
                0x10080c8c                HardFault_Handler
                0x10080c8c                MemManage_Handler
                0x10080c8c                BusFault_Handler
 .text.main     0x10080ca8       0xdc .\CortexM4\ARM_GCC_541\Debug\main_cm4.o
                0x10080ca8                main
 .text.vApplicationIdleHook
                0x10080d84        0xc .\CortexM4\ARM_GCC_541\Debug\main_cm4.o
                0x10080d84                vApplicationIdleHook
 .text.vApplicationStackOverflowHook
                0x10080d90       0x10 .\CortexM4\ARM_GCC_541\Debug\main_cm4.o
                0x10080d90                vApplicationStackOverflowHook
 .text.vApplicationMallocFailedHook
                0x10080da0       0x10 .\CortexM4\ARM_GCC_541\Debug\main_cm4.o
                0x10080da0                vApplicationMallocFailedHook
 .text.Cy_SystemInit
                0x10080db0        0x4 .\CortexM4\ARM_GCC_541\Debug\system_psoc63_cm4.o
                0x10080db0                Cy_SystemInit
 .text.SystemCoreClockUpdate
                0x10080db4      0x190 .\CortexM4\ARM_GCC_541\Debug\system_psoc63_cm4.o
                0x10080db4                SystemCoreClockUpdate
 .text.SystemInit
                0x10080f44       0x48 .\CortexM4\ARM_GCC_541\Debug\system_psoc63_cm4.o
                0x10080f44                SystemInit
 .text.Cy_SystemInitFpuEnable
                0x10080f8c       0x28 .\CortexM4\ARM_GCC_541\Debug\system_psoc63_cm4.o
                0x10080f8c                Cy_SystemInitFpuEnable
 .text.Cy_EINK_Start
                0x10080fb4       0x20 .\CortexM4\ARM_GCC_541\Debug\cy_eink_library.o
                0x10080fb4                Cy_EINK_Start
 .text.Cy_EINK_Power
                0x10080fd4       0x14 .\CortexM4\ARM_GCC_541\Debug\cy_eink_library.o
                0x10080fd4                Cy_EINK_Power
 .text.Cy_EINK_ShowFrame
                0x10080fe8       0x54 .\CortexM4\ARM_GCC_541\Debug\cy_eink_library.o
                0x10080fe8                Cy_EINK_ShowFrame
 .text.Cy_EINK_ImageToFrameBuffer
                0x1008103c       0x5c .\CortexM4\ARM_GCC_541\Debug\cy_eink_library.o
                0x1008103c                Cy_EINK_ImageToFrameBuffer
 .text.Cy_EINK_TextToFrameBuffer
                0x10081098      0x124 .\CortexM4\ARM_GCC_541\Debug\cy_eink_library.o
                0x10081098                Cy_EINK_TextToFrameBuffer
 .text.Pv_EINK_SendData
                0x100811bc       0x4c .\CortexM4\ARM_GCC_541\Debug\pervasive_eink_hardware_driver.o
                0x100811bc                Pv_EINK_SendData
 .text.Pv_EINK_SendByte
                0x10081208       0x18 .\CortexM4\ARM_GCC_541\Debug\pervasive_eink_hardware_driver.o
                0x10081208                Pv_EINK_SendByte
 .text.Pv_EINK_ReadByte
                0x10081220       0x30 .\CortexM4\ARM_GCC_541\Debug\pervasive_eink_hardware_driver.o
                0x10081220                Pv_EINK_ReadByte
 .text.Pv_EINK_Init
                0x10081250       0x30 .\CortexM4\ARM_GCC_541\Debug\pervasive_eink_hardware_driver.o
                0x10081250                Pv_EINK_Init
 .text.Pv_EINK_InitDriver
                0x10081280      0x11c .\CortexM4\ARM_GCC_541\Debug\pervasive_eink_hardware_driver.o
                0x10081280                Pv_EINK_InitDriver
 .text.Pv_EINK_SetTempFactor
                0x1008139c       0x40 .\CortexM4\ARM_GCC_541\Debug\pervasive_eink_hardware_driver.o
                0x1008139c                Pv_EINK_SetTempFactor
 .text.Pv_EINK_FullStageHandler
                0x100813dc      0x420 .\CortexM4\ARM_GCC_541\Debug\pervasive_eink_hardware_driver.o
                0x100813dc                Pv_EINK_FullStageHandler
 .text.Pv_EINK_PartialStageHandler
                0x100817fc      0x224 .\CortexM4\ARM_GCC_541\Debug\pervasive_eink_hardware_driver.o
                0x100817fc                Pv_EINK_PartialStageHandler
 .text.Pv_EINK_NothingFrame
                0x10081a20       0x5c .\CortexM4\ARM_GCC_541\Debug\pervasive_eink_hardware_driver.o
                0x10081a20                Pv_EINK_NothingFrame
 .text.Pv_EINK_DummyLine
                0x10081a7c       0x34 .\CortexM4\ARM_GCC_541\Debug\pervasive_eink_hardware_driver.o
                0x10081a7c                Pv_EINK_DummyLine
 .text.Pv_EINK_HardwarePowerOn
                0x10081ab0       0x4c .\CortexM4\ARM_GCC_541\Debug\pervasive_eink_hardware_driver.o
                0x10081ab0                Pv_EINK_HardwarePowerOn
 .text.Pv_EINK_HardwarePowerOff
                0x10081afc       0xb0 .\CortexM4\ARM_GCC_541\Debug\pervasive_eink_hardware_driver.o
                0x10081afc                Pv_EINK_HardwarePowerOff
 .text.Cy_EINK_RegisterDelayFunction
                0x10081bac        0xc .\CortexM4\ARM_GCC_541\Debug\cy_eink_psoc_interface.o
                0x10081bac                Cy_EINK_RegisterDelayFunction
 .text.Cy_EINK_InitSPI
                0x10081bb8       0x30 .\CortexM4\ARM_GCC_541\Debug\cy_eink_psoc_interface.o
                0x10081bb8                Cy_EINK_InitSPI
 .text.Cy_EINK_AttachSPI
                0x10081be8       0x1c .\CortexM4\ARM_GCC_541\Debug\cy_eink_psoc_interface.o
                0x10081be8                Cy_EINK_AttachSPI
 .text.Cy_EINK_DetachSPI
                0x10081c04       0x14 .\CortexM4\ARM_GCC_541\Debug\cy_eink_psoc_interface.o
                0x10081c04                Cy_EINK_DetachSPI
 .text.Cy_EINK_WriteSPI
                0x10081c18       0x60 .\CortexM4\ARM_GCC_541\Debug\cy_eink_psoc_interface.o
                0x10081c18                Cy_EINK_WriteSPI
 .text.Cy_EINK_ReadSPI
                0x10081c78       0x68 .\CortexM4\ARM_GCC_541\Debug\cy_eink_psoc_interface.o
                0x10081c78                Cy_EINK_ReadSPI
 .text.Cy_EINK_IsBusy
                0x10081ce0       0x18 .\CortexM4\ARM_GCC_541\Debug\cy_eink_psoc_interface.o
                0x10081ce0                Cy_EINK_IsBusy
 .text.Cy_IPC_SystemPipeIsr
                0x10081cf8        0xc .\CortexM4\ARM_GCC_541\Debug\cy_ipc_config.o
 .text.Cy_IPC_SystemSemaInit
                0x10081d04       0x10 .\CortexM4\ARM_GCC_541\Debug\cy_ipc_config.o
                0x10081d04                Cy_IPC_SystemSemaInit
 .text.Cy_IPC_SystemPipeInit
                0x10081d14       0x24 .\CortexM4\ARM_GCC_541\Debug\cy_ipc_config.o
                0x10081d14                Cy_IPC_SystemPipeInit
 .text.Cy_BLE_Start
                0x10081d38       0x38 .\CortexM4\ARM_GCC_541\Debug\BLE.o
                0x10081d38                Cy_BLE_Start
 .text.RTC_Interrupt
                0x10081d70       0x18 .\CortexM4\ARM_GCC_541\Debug\RTC.o
 .text.RTC_Start
                0x10081d88       0x44 .\CortexM4\ARM_GCC_541\Debug\RTC.o
                0x10081d88                RTC_Start
 .text.Cy_SysInt_SetVector
                0x10081dcc       0x44 .\CortexM4\ARM_GCC_541\Debug\cy_sysint.o
                0x10081dcc                Cy_SysInt_SetVector
 .text.Cy_SysInt_Init
                0x10081e10       0x7c .\CortexM4\ARM_GCC_541\Debug\cy_sysint.o
                0x10081e10                Cy_SysInt_Init
 .text.Cy_IPC_Drv_LockRelease
                0x10081e8c       0x30 .\CortexM4\ARM_GCC_541\Debug\cy_ipc_drv.o
                0x10081e8c                Cy_IPC_Drv_LockRelease
 .text.Cy_IPC_Drv_SendMsgWord
                0x10081ebc       0x3c .\CortexM4\ARM_GCC_541\Debug\cy_ipc_drv.o
                0x10081ebc                Cy_IPC_Drv_SendMsgWord
 .text.Cy_IPC_Drv_ReadMsgWord
                0x10081ef8       0x2c .\CortexM4\ARM_GCC_541\Debug\cy_ipc_drv.o
                0x10081ef8                Cy_IPC_Drv_ReadMsgWord
 .text.Cy_IPC_Sema_Init
                0x10081f24       0xb0 .\CortexM4\ARM_GCC_541\Debug\cy_ipc_sema.o
                0x10081f24                Cy_IPC_Sema_Init
 .text.Cy_IPC_Sema_Set
                0x10081fd4       0x88 .\CortexM4\ARM_GCC_541\Debug\cy_ipc_sema.o
                0x10081fd4                Cy_IPC_Sema_Set
 .text.Cy_IPC_Sema_Clear
                0x1008205c       0x88 .\CortexM4\ARM_GCC_541\Debug\cy_ipc_sema.o
                0x1008205c                Cy_IPC_Sema_Clear
 .text.Cy_IPC_Sema_Status
                0x100820e4       0x40 .\CortexM4\ARM_GCC_541\Debug\cy_ipc_sema.o
                0x100820e4                Cy_IPC_Sema_Status
 .text.Cy_IPC_Pipe_Config
                0x10082124       0x10 .\CortexM4\ARM_GCC_541\Debug\cy_ipc_pipe.o
                0x10082124                Cy_IPC_Pipe_Config
 .text.Cy_IPC_Pipe_EndpointInit
                0x10082134       0xc8 .\CortexM4\ARM_GCC_541\Debug\cy_ipc_pipe.o
                0x10082134                Cy_IPC_Pipe_EndpointInit
 .text.Cy_IPC_Pipe_Init
                0x100821fc       0xc4 .\CortexM4\ARM_GCC_541\Debug\cy_ipc_pipe.o
                0x100821fc                Cy_IPC_Pipe_Init
 .text.Cy_IPC_Pipe_SendMessage
                0x100822c0       0xc0 .\CortexM4\ARM_GCC_541\Debug\cy_ipc_pipe.o
                0x100822c0                Cy_IPC_Pipe_SendMessage
 .text.Cy_IPC_Pipe_RegisterCallback
                0x10082380       0x60 .\CortexM4\ARM_GCC_541\Debug\cy_ipc_pipe.o
                0x10082380                Cy_IPC_Pipe_RegisterCallback
 .text.Cy_IPC_Pipe_RegisterCallbackRel
                0x100823e0       0x3c .\CortexM4\ARM_GCC_541\Debug\cy_ipc_pipe.o
                0x100823e0                Cy_IPC_Pipe_RegisterCallbackRel
 .text.Cy_IPC_Pipe_ExecCallback
                0x1008241c       0xb0 .\CortexM4\ARM_GCC_541\Debug\cy_ipc_pipe.o
                0x1008241c                Cy_IPC_Pipe_ExecCallback
 .text.Cy_IPC_Pipe_ExecuteCallback
                0x100824cc       0x3c .\CortexM4\ARM_GCC_541\Debug\cy_ipc_pipe.o
                0x100824cc                Cy_IPC_Pipe_ExecuteCallback
 .text.Cy_IPC_Pipe_EndpointPause
                0x10082508       0x60 .\CortexM4\ARM_GCC_541\Debug\cy_ipc_pipe.o
                0x10082508                Cy_IPC_Pipe_EndpointPause
 .text.Cy_IPC_Pipe_EndpointResume
                0x10082568       0x58 .\CortexM4\ARM_GCC_541\Debug\cy_ipc_pipe.o
                0x10082568                Cy_IPC_Pipe_EndpointResume
 .text.ConstructTimeDate
                0x100825c0      0x18c .\CortexM4\ARM_GCC_541\Debug\cy_rtc.o
 .text.RelativeToFixed
                0x1008274c      0x18c .\CortexM4\ARM_GCC_541\Debug\cy_rtc.o
 .text.ConstructAlarmTimeDate
                0x100828d8      0x218 .\CortexM4\ARM_GCC_541\Debug\cy_rtc.o
 .text.Cy_RTC_SetDateAndTime
                0x10082af0      0x170 .\CortexM4\ARM_GCC_541\Debug\cy_rtc.o
                0x10082af0                Cy_RTC_SetDateAndTime
 .text.Cy_RTC_GetDateAndTime
                0x10082c60       0xec .\CortexM4\ARM_GCC_541\Debug\cy_rtc.o
                0x10082c60                Cy_RTC_GetDateAndTime
 .text.Cy_RTC_SetAlarmDateAndTime
                0x10082d4c      0x238 .\CortexM4\ARM_GCC_541\Debug\cy_rtc.o
                0x10082d4c                Cy_RTC_SetAlarmDateAndTime
 .text.Cy_RTC_SetDateAndTimeDirect
                0x10082f84      0x288 .\CortexM4\ARM_GCC_541\Debug\cy_rtc.o
                0x10082f84                Cy_RTC_SetDateAndTimeDirect
 .text.Cy_RTC_SetNextDstTime
                0x1008320c       0x98 .\CortexM4\ARM_GCC_541\Debug\cy_rtc.o
                0x1008320c                Cy_RTC_SetNextDstTime
 .text.Cy_RTC_GetDstStatus
                0x100832a4       0x7c .\CortexM4\ARM_GCC_541\Debug\cy_rtc.o
                0x100832a4                Cy_RTC_GetDstStatus
 .text.Cy_RTC_Alarm2Interrupt
                0x10083320        0x4 .\CortexM4\ARM_GCC_541\Debug\cy_rtc.o
                0x10083320                Cy_RTC_Alarm2Interrupt
 .text.Cy_RTC_DstInterrupt
                0x10083324      0x1c4 .\CortexM4\ARM_GCC_541\Debug\cy_rtc.o
                0x10083324                Cy_RTC_DstInterrupt
 .text.Cy_RTC_CenturyInterrupt
                0x100834e8        0x4 .\CortexM4\ARM_GCC_541\Debug\cy_rtc.o
                0x100834e8                Cy_RTC_CenturyInterrupt
 .text.Cy_RTC_GetInterruptStatusMasked
                0x100834ec        0xc .\CortexM4\ARM_GCC_541\Debug\cy_rtc.o
                0x100834ec                Cy_RTC_GetInterruptStatusMasked
 .text.Cy_RTC_ClearInterrupt
                0x100834f8       0x24 .\CortexM4\ARM_GCC_541\Debug\cy_rtc.o
                0x100834f8                Cy_RTC_ClearInterrupt
 .text.Cy_RTC_SetInterruptMask
                0x1008351c       0x24 .\CortexM4\ARM_GCC_541\Debug\cy_rtc.o
                0x1008351c                Cy_RTC_SetInterruptMask
 .text.Cy_RTC_Interrupt
                0x10083540       0x3c .\CortexM4\ARM_GCC_541\Debug\cy_rtc.o
                0x10083540                Cy_RTC_Interrupt
 .text.Cy_SCB_Write
                0x1008357c       0x28 .\CortexM4\ARM_GCC_541\Debug\cy_scb_common.o
                0x1008357c                Cy_SCB_Write
 .text.Cy_SCB_SPI_Init
                0x100835a4      0x28c .\CortexM4\ARM_GCC_541\Debug\cy_scb_spi.o
                0x100835a4                Cy_SCB_SPI_Init
 .text.Cy_SCB_SPI_Disable
                0x10083830       0x24 .\CortexM4\ARM_GCC_541\Debug\cy_scb_spi.o
                0x10083830                Cy_SCB_SPI_Disable
 .text.Cy_Flash_GetRowNum
                0x10083854       0x38 .\CortexM4\ARM_GCC_541\Debug\cy_flash.o
 .text.Cy_Flash_BoundsCheck
                0x1008388c       0x20 .\CortexM4\ARM_GCC_541\Debug\cy_flash.o
 .text.Cy_Flash_ProcessOpcode
                0x100838ac       0xac .\CortexM4\ARM_GCC_541\Debug\cy_flash.o
 .text.Cy_Flash_OperationStatus
                0x10083958       0x44 .\CortexM4\ARM_GCC_541\Debug\cy_flash.o
 .text.Cy_Flash_Init
                0x1008399c       0x4c .\CortexM4\ARM_GCC_541\Debug\cy_flash.o
                0x1008399c                Cy_Flash_Init
 .text.Cy_Flash_WriteRow
                0x100839e8       0x7c .\CortexM4\ARM_GCC_541\Debug\cy_flash.o
                0x100839e8                Cy_Flash_WriteRow
 .text.Cy_Flash_IsOperationComplete
                0x10083a64        0x8 .\CortexM4\ARM_GCC_541\Debug\cy_flash.o
                0x10083a64                Cy_Flash_IsOperationComplete
 .text.Cy_Flash_StartErase
                0x10083a6c       0x6c .\CortexM4\ARM_GCC_541\Debug\cy_flash.o
                0x10083a6c                Cy_Flash_StartErase
 .text.Cy_Flash_StartProgram
                0x10083ad8       0x78 .\CortexM4\ARM_GCC_541\Debug\cy_flash.o
                0x10083ad8                Cy_Flash_StartProgram
 .text.SetReadMarginTrimUlp
                0x10083b50       0x28 .\CortexM4\ARM_GCC_541\Debug\cy_syspm.o
 .text.SetReadMarginTrimLp
                0x10083b78       0x28 .\CortexM4\ARM_GCC_541\Debug\cy_syspm.o
 .text.SetWriteAssistTrimUlp
                0x10083ba0       0x18 .\CortexM4\ARM_GCC_541\Debug\cy_syspm.o
 .text.SetWriteAssistTrimLp
                0x10083bb8       0x18 .\CortexM4\ARM_GCC_541\Debug\cy_syspm.o
 .text.IsVoltageChangePossible
                0x10083bd0       0x34 .\CortexM4\ARM_GCC_541\Debug\cy_syspm.o
 .text.WriteVoltageBitForFlash
                0x10083c04       0x68 .\CortexM4\ARM_GCC_541\Debug\cy_syspm.o
 .text.Cy_SysPm_BuckSetVoltage1
                0x10083c6c       0xa8 .\CortexM4\ARM_GCC_541\Debug\cy_syspm.o
                0x10083c6c                Cy_SysPm_BuckSetVoltage1
 .text.Cy_SysPm_LdoSetVoltage
                0x10083d14       0xc0 .\CortexM4\ARM_GCC_541\Debug\cy_syspm.o
                0x10083d14                Cy_SysPm_LdoSetVoltage
 .text.Cy_SysPm_RegisterCallback
                0x10083dd4       0x70 .\CortexM4\ARM_GCC_541\Debug\cy_syspm.o
                0x10083dd4                Cy_SysPm_RegisterCallback
 .text.Cy_SysPm_UnregisterCallback
                0x10083e44       0x60 .\CortexM4\ARM_GCC_541\Debug\cy_syspm.o
                0x10083e44                Cy_SysPm_UnregisterCallback
 .text.Cy_SysPm_ExecuteCallback
                0x10083ea4       0xc0 .\CortexM4\ARM_GCC_541\Debug\cy_syspm.o
                0x10083ea4                Cy_SysPm_ExecuteCallback
 .text.Cy_SysPm_Sleep
                0x10083f64       0x94 .\CortexM4\ARM_GCC_541\Debug\cy_syspm.o
                0x10083f64                Cy_SysPm_Sleep
 .text.Cy_SysLib_Delay
                0x10083ff8       0x30 .\CortexM4\ARM_GCC_541\Debug\cy_syslib.o
                0x10083ff8                Cy_SysLib_Delay
 .text.Cy_SysLib_DelayUs
                0x10084028       0x14 .\CortexM4\ARM_GCC_541\Debug\cy_syslib.o
                0x10084028                Cy_SysLib_DelayUs
 .text.Cy_SysLib_Halt
                0x1008403c        0x4 .\CortexM4\ARM_GCC_541\Debug\cy_syslib.o
                0x1008403c                Cy_SysLib_Halt
 .text.Cy_SysLib_AssertFailed
                0x10084040       0x1c .\CortexM4\ARM_GCC_541\Debug\cy_syslib.o
                0x10084040                Cy_SysLib_AssertFailed
 .text.Cy_SysLib_ClearFlashCacheAndBuffer
                0x1008405c        0xc .\CortexM4\ARM_GCC_541\Debug\cy_syslib.o
                0x1008405c                Cy_SysLib_ClearFlashCacheAndBuffer
 .text.Cy_SysLib_GetResetReason
                0x10084068       0x18 .\CortexM4\ARM_GCC_541\Debug\cy_syslib.o
                0x10084068                Cy_SysLib_GetResetReason
 .text.Cy_SysLib_ProcessingFault
                0x10084080        0x4 .\CortexM4\ARM_GCC_541\Debug\cy_syslib.o
                0x10084080                Cy_SysLib_ProcessingFault
 .text.Cy_SysLib_FaultHandler
                0x10084084       0xa4 .\CortexM4\ARM_GCC_541\Debug\cy_syslib.o
                0x10084084                Cy_SysLib_FaultHandler
 .text          0x10084128       0x20 .\CortexM4\ARM_GCC_541\Debug\cy_syslib_gcc.o
                0x10084128                Cy_SysLib_DelayCycles
                0x1008413a                Cy_SysLib_EnterCriticalSection
                0x10084142                Cy_SysLib_ExitCriticalSection
 .text.Cy_Prot_GetActivePC
                0x10084148       0x28 .\CortexM4\ARM_GCC_541\Debug\cy_prot.o
                0x10084148                Cy_Prot_GetActivePC
 .text.Cy_BLE_DeepSleepCallback
                0x10084170       0x8c .\CortexM4\ARM_GCC_541\Debug\cy_ble.o
                0x10084170                Cy_BLE_DeepSleepCallback
 .text.Cy_BLE_SleepCallback
                0x100841fc       0x68 .\CortexM4\ARM_GCC_541\Debug\cy_ble.o
                0x100841fc                Cy_BLE_SleepCallback
 .text.Cy_BLE_UnregisterHostPMCallbacks
                0x10084264       0x18 .\CortexM4\ARM_GCC_541\Debug\cy_ble.o
                0x10084264                Cy_BLE_UnregisterHostPMCallbacks
 .text.Cy_BLE_Init
                0x1008427c       0x9c .\CortexM4\ARM_GCC_541\Debug\cy_ble.o
                0x1008427c                Cy_BLE_Init
 .text.Cy_BLE_Enable
                0x10084318       0xfc .\CortexM4\ARM_GCC_541\Debug\cy_ble.o
                0x10084318                Cy_BLE_Enable
 .text.Cy_BLE_RegisterAppHostCallback
                0x10084414       0x18 .\CortexM4\ARM_GCC_541\Debug\cy_ble.o
                0x10084414                Cy_BLE_RegisterAppHostCallback
 .text.Cy_BLE_IPC_HostMsgFlushRecvCallBack
                0x1008442c       0x1c .\CortexM4\ARM_GCC_541\Debug\cy_ble_hal_pvt.o
 .text.Cy_BLE_IPC_HostMsgRecvCallBack
                0x10084448       0x1c .\CortexM4\ARM_GCC_541\Debug\cy_ble_hal_pvt.o
 .text.Cy_BLE_HAL_NvramWrite
                0x10084464      0x2c0 .\CortexM4\ARM_GCC_541\Debug\cy_ble_hal_pvt.o
                0x10084464                Cy_BLE_HAL_NvramWrite
 .text.Cy_BLE_HAL_StackNvramWrite
                0x10084724        0xc .\CortexM4\ARM_GCC_541\Debug\cy_ble_hal_pvt.o
                0x10084724                Cy_BLE_HAL_StackNvramWrite
 .text.Cy_BLE_HAL_BlockCalcCRC8
                0x10084730       0x34 .\CortexM4\ARM_GCC_541\Debug\cy_ble_hal_pvt.o
                0x10084730                Cy_BLE_HAL_BlockCalcCRC8
 .text.Cy_BLE_HAL_CalcCRC8
                0x10084764        0xc .\CortexM4\ARM_GCC_541\Debug\cy_ble_hal_pvt.o
                0x10084764                Cy_BLE_HAL_CalcCRC8
 .text.Cy_BLE_HAL_EnterCriticalSection
                0x10084770        0x8 .\CortexM4\ARM_GCC_541\Debug\cy_ble_hal_pvt.o
                0x10084770                Cy_BLE_HAL_EnterCriticalSection
 .text.Cy_BLE_HAL_ExitCriticalSection
                0x10084778        0x8 .\CortexM4\ARM_GCC_541\Debug\cy_ble_hal_pvt.o
                0x10084778                Cy_BLE_HAL_ExitCriticalSection
 .text.Cy_BLE_Ipc_Cypipe_Isr_Enable
                0x10084780        0xc .\CortexM4\ARM_GCC_541\Debug\cy_ble_hal_pvt.o
                0x10084780                Cy_BLE_Ipc_Cypipe_Isr_Enable
 .text.Cy_BLE_HAL_EnableGlobalInterrupts
                0x1008478c        0x8 .\CortexM4\ARM_GCC_541\Debug\cy_ble_hal_pvt.o
                0x1008478c                Cy_BLE_HAL_EnableGlobalInterrupts
 .text.Cy_BLE_Ipc_Cypipe_Isr_Disable
                0x10084794        0xc .\CortexM4\ARM_GCC_541\Debug\cy_ble_hal_pvt.o
                0x10084794                Cy_BLE_Ipc_Cypipe_Isr_Disable
 .text.Cy_BLE_HAL_DisableGlobalInterrupts
                0x100847a0        0x8 .\CortexM4\ARM_GCC_541\Debug\cy_ble_hal_pvt.o
                0x100847a0                Cy_BLE_HAL_DisableGlobalInterrupts
 .text.Cy_BLE_IPC_HostRegisterClientCallbacks
                0x100847a8       0x34 .\CortexM4\ARM_GCC_541\Debug\cy_ble_hal_pvt.o
                0x100847a8                Cy_BLE_IPC_HostRegisterClientCallbacks
 .text.Cy_BLE_IPC_SendMessageToController
                0x100847dc       0x20 .\CortexM4\ARM_GCC_541\Debug\cy_ble_hal_pvt.o
                0x100847dc                Cy_BLE_IPC_SendMessageToController
 .text.Cy_BLE_HAL_EccHeapInit
                0x100847fc        0x4 .\CortexM4\ARM_GCC_541\Debug\cy_ble_hal_pvt.o
                0x100847fc                Cy_BLE_HAL_EccHeapInit
 .text.Cy_BLE_HAL_EccHeapDeInit
                0x10084800        0x4 .\CortexM4\ARM_GCC_541\Debug\cy_ble_hal_pvt.o
                0x10084800                Cy_BLE_HAL_EccHeapDeInit
 .text.Cy_BLE_HAL_EccGetFeatureHeapReq
                0x10084804        0x4 .\CortexM4\ARM_GCC_541\Debug\cy_ble_hal_pvt.o
                0x10084804                Cy_BLE_HAL_EccGetFeatureHeapReq
 .text.Cy_BLE_HAL_PairingLocalPublicKeyHandler
                0x10084808        0x8 .\CortexM4\ARM_GCC_541\Debug\cy_ble_hal_pvt.o
                0x10084808                Cy_BLE_HAL_PairingLocalPublicKeyHandler
 .text.Cy_BLE_HAL_PairingRemoteKeyHandler
                0x10084810        0x8 .\CortexM4\ARM_GCC_541\Debug\cy_ble_hal_pvt.o
                0x10084810                Cy_BLE_HAL_PairingRemoteKeyHandler
 .text.Cy_BLE_HAL_PairingDhkeyHandler
                0x10084818        0x8 .\CortexM4\ARM_GCC_541\Debug\cy_ble_hal_pvt.o
                0x10084818                Cy_BLE_HAL_PairingDhkeyHandler
 .text.Cy_BLE_HAL_PairingDhkeyCheckHandler
                0x10084820        0x8 .\CortexM4\ARM_GCC_541\Debug\cy_ble_hal_pvt.o
                0x10084820                Cy_BLE_HAL_PairingDhkeyCheckHandler
 .text.Cy_BLE_HAL_PairingKeypressNotificationHandler
                0x10084828        0x8 .\CortexM4\ARM_GCC_541\Debug\cy_ble_hal_pvt.o
                0x10084828                Cy_BLE_HAL_PairingKeypressNotificationHandler
 .text.Cy_BLE_HAL_PairingRandHandler
                0x10084830        0x8 .\CortexM4\ARM_GCC_541\Debug\cy_ble_hal_pvt.o
                0x10084830                Cy_BLE_HAL_PairingRandHandler
 .text.Cy_BLE_HAL_PairingConfirmHandler
                0x10084838        0x8 .\CortexM4\ARM_GCC_541\Debug\cy_ble_hal_pvt.o
                0x10084838                Cy_BLE_HAL_PairingConfirmHandler
 .text.Cy_BLE_HAL_PairingLrConfirmingHandler
                0x10084840        0x8 .\CortexM4\ARM_GCC_541\Debug\cy_ble_hal_pvt.o
                0x10084840                Cy_BLE_HAL_PairingLrConfirmingHandler
 .text.Cy_BLE_HAL_PairingScTbxLocalPubkeyGenerateComplete
                0x10084848        0x8 .\CortexM4\ARM_GCC_541\Debug\cy_ble_hal_pvt.o
                0x10084848                Cy_BLE_HAL_PairingScTbxLocalPubkeyGenerateComplete
 .text.Cy_BLE_HAL_PairingScTbxGenerateLocalP256PublicKey
                0x10084850        0x8 .\CortexM4\ARM_GCC_541\Debug\cy_ble_hal_pvt.o
                0x10084850                Cy_BLE_HAL_PairingScTbxGenerateLocalP256PublicKey
 .text.Cy_BLE_HAL_SeSmpScUserPasskeyHandler
                0x10084858        0x8 .\CortexM4\ARM_GCC_541\Debug\cy_ble_hal_pvt.o
                0x10084858                Cy_BLE_HAL_SeSmpScUserPasskeyHandler
 .text.Cy_BLE_HAL_EccPointMult
                0x10084860        0x4 .\CortexM4\ARM_GCC_541\Debug\cy_ble_hal_pvt.o
                0x10084860                Cy_BLE_HAL_EccPointMult
 .text.Cy_BLE_ServiceInit
                0x10084864       0x8c .\CortexM4\ARM_GCC_541\Debug\cy_ble_gap.o
                0x10084864                Cy_BLE_ServiceInit
 .text.Cy_BLE_StoreAppData
                0x100848f0       0xf4 .\CortexM4\ARM_GCC_541\Debug\cy_ble_gap.o
                0x100848f0                Cy_BLE_StoreAppData
 .text.Cy_BLE_StoreBondingData
                0x100849e4      0x18c .\CortexM4\ARM_GCC_541\Debug\cy_ble_gap.o
                0x100849e4                Cy_BLE_StoreBondingData
 .text.Cy_BLE_GAPP_StartAdvertisement
                0x10084b70      0x120 .\CortexM4\ARM_GCC_541\Debug\cy_ble_gap.o
                0x10084b70                Cy_BLE_GAPP_StartAdvertisement
 .text.Cy_BLE_ChangeAdDeviceAddress
                0x10084c90       0x5c .\CortexM4\ARM_GCC_541\Debug\cy_ble_gap.o
                0x10084c90                Cy_BLE_ChangeAdDeviceAddress
 .text.Cy_BLE_GATTS_WriteAttributeValueCCCD
                0x10084cec       0x6c .\CortexM4\ARM_GCC_541\Debug\cy_ble_gatt.o
                0x10084cec                Cy_BLE_GATTS_WriteAttributeValueCCCD
 .text.Cy_BLE_GATTS_WriteEventHandler
                0x10084d58       0x84 .\CortexM4\ARM_GCC_541\Debug\cy_ble_gatt.o
                0x10084d58                Cy_BLE_GATTS_WriteEventHandler
 .text.Cy_BLE_GATTS_ReadAttributeValueCCCDReqHandler
                0x10084ddc       0x58 .\CortexM4\ARM_GCC_541\Debug\cy_ble_gatt.o
                0x10084ddc                Cy_BLE_GATTS_ReadAttributeValueCCCDReqHandler
 .text.Cy_BLE_GATTC_AddConnHandle
                0x10084e34       0xa0 .\CortexM4\ARM_GCC_541\Debug\cy_ble_gatt.o
                0x10084e34                Cy_BLE_GATTC_AddConnHandle
 .text.Cy_BLE_GATTC_RemoveConnHandle
                0x10084ed4       0xb4 .\CortexM4\ARM_GCC_541\Debug\cy_ble_gatt.o
                0x10084ed4                Cy_BLE_GATTC_RemoveConnHandle
 .text.Cy_BLE_GetDiscoveryIdx
                0x10084f88       0x3c .\CortexM4\ARM_GCC_541\Debug\cy_ble_gatt.o
                0x10084f88                Cy_BLE_GetDiscoveryIdx
 .text.Cy_BLE_GATTC_StartDiscovery
                0x10084fc4       0xc4 .\CortexM4\ARM_GCC_541\Debug\cy_ble_gatt.o
                0x10084fc4                Cy_BLE_GATTC_StartDiscovery
 .text.Cy_BLE_GATTC_DiscoverCharacteristicsEventHandler
                0x10085088       0x98 .\CortexM4\ARM_GCC_541\Debug\cy_ble_gatt.o
                0x10085088                Cy_BLE_GATTC_DiscoverCharacteristicsEventHandler
 .text.Cy_BLE_GATTC_DiscoverCharDescriptorsEventHandler
                0x10085120       0x68 .\CortexM4\ARM_GCC_541\Debug\cy_ble_gatt.o
                0x10085120                Cy_BLE_GATTC_DiscoverCharDescriptorsEventHandler
 .text.Cy_BLE_GATTC_GetCharRange
                0x10085188       0x7c .\CortexM4\ARM_GCC_541\Debug\cy_ble_gatt.o
                0x10085188                Cy_BLE_GATTC_GetCharRange
 .text.Cy_BLE_GATTC_IndicationEventHandler
                0x10085204       0x44 .\CortexM4\ARM_GCC_541\Debug\cy_ble_gatt.o
                0x10085204                Cy_BLE_GATTC_IndicationEventHandler
 .text.Cy_BLE_GAPC_DiscoverCharacteristicsEventHandler
                0x10085248      0x1a0 .\CortexM4\ARM_GCC_541\Debug\cy_ble_event_handler.o
 .text.Cy_BLE_TimeOutEventHandler
                0x100853e8       0xd4 .\CortexM4\ARM_GCC_541\Debug\cy_ble_event_handler.o
 .text.Cy_BLE_SendWriteResponse
                0x100854bc       0x44 .\CortexM4\ARM_GCC_541\Debug\cy_ble_event_handler.o
 .text.Cy_BLE_RegisterServiceEventHandler
                0x10085500       0x5c .\CortexM4\ARM_GCC_541\Debug\cy_ble_event_handler.o
                0x10085500                Cy_BLE_RegisterServiceEventHandler
 .text.Cy_BLE_InvokeServiceEventHandler
                0x1008555c       0x38 .\CortexM4\ARM_GCC_541\Debug\cy_ble_event_handler.o
                0x1008555c                Cy_BLE_InvokeServiceEventHandler
 .text.Cy_BLE_IsDeviceAddressValid
                0x10085594       0x20 .\CortexM4\ARM_GCC_541\Debug\cy_ble_event_handler.o
                0x10085594                Cy_BLE_IsDeviceAddressValid
 .text.Cy_BLE_ReadByGroupEventHandler
                0x100855b4      0x1ac .\CortexM4\ARM_GCC_541\Debug\cy_ble_event_handler.o
                0x100855b4                Cy_BLE_ReadByGroupEventHandler
 .text.Cy_BLE_ReadByTypeEventHandler
                0x10085760      0x218 .\CortexM4\ARM_GCC_541\Debug\cy_ble_event_handler.o
                0x10085760                Cy_BLE_ReadByTypeEventHandler
 .text.Cy_BLE_FindInfoEventHandler
                0x10085978       0xd0 .\CortexM4\ARM_GCC_541\Debug\cy_ble_event_handler.o
                0x10085978                Cy_BLE_FindInfoEventHandler
 .text.Cy_BLE_NextCharDscrDiscovery
                0x10085a48      0x15c .\CortexM4\ARM_GCC_541\Debug\cy_ble_event_handler.o
                0x10085a48                Cy_BLE_NextCharDscrDiscovery
 .text.Cy_BLE_NextCharDiscovery
                0x10085ba4      0x134 .\CortexM4\ARM_GCC_541\Debug\cy_ble_event_handler.o
                0x10085ba4                Cy_BLE_NextCharDiscovery
 .text.Cy_BLE_NextInclDiscovery
                0x10085cd8      0x134 .\CortexM4\ARM_GCC_541\Debug\cy_ble_event_handler.o
                0x10085cd8                Cy_BLE_NextInclDiscovery
 .text.Cy_BLE_LongProcedureEndEventHandler
                0x10085e0c       0xe8 .\CortexM4\ARM_GCC_541\Debug\cy_ble_event_handler.o
                0x10085e0c                Cy_BLE_LongProcedureEndEventHandler
 .text.Cy_BLE_ErrorResponseEventHandler
                0x10085ef4       0x2c .\CortexM4\ARM_GCC_541\Debug\cy_ble_event_handler.o
                0x10085ef4                Cy_BLE_ErrorResponseEventHandler
 .text.Cy_BLE_EventHandler
                0x10085f20      0x8f8 .\CortexM4\ARM_GCC_541\Debug\cy_ble_event_handler.o
                0x10085f20                Cy_BLE_EventHandler
 .text.Cy_BLE_CTSC_DiscoverCharacteristicsEventHandler
                0x10086818       0x9c .\CortexM4\ARM_GCC_541\Debug\cy_ble_cts.o
 .text.Cy_BLE_CTSC_DiscoverCharDescriptorsEventHandler
                0x100868b4       0x6c .\CortexM4\ARM_GCC_541\Debug\cy_ble_cts.o
 .text.Cy_BLE_CTSC_GetCharRange
                0x10086920       0x74 .\CortexM4\ARM_GCC_541\Debug\cy_ble_cts.o
 .text.Cy_BLE_CTSC_ErrorResponseEventHandler
                0x10086994       0x28 .\CortexM4\ARM_GCC_541\Debug\cy_ble_cts.o
 .text.Cy_BLE_CTSC_NotificationEventHandler
                0x100869bc       0x58 .\CortexM4\ARM_GCC_541\Debug\cy_ble_cts.o
 .text.Cy_BLE_CTSC_ReadResponseEventHandler
                0x10086a14       0xe0 .\CortexM4\ARM_GCC_541\Debug\cy_ble_cts.o
 .text.Cy_BLE_CTSC_WriteResponseEventHandler
                0x10086af4       0xcc .\CortexM4\ARM_GCC_541\Debug\cy_ble_cts.o
 .text.Cy_BLE_CTS_EventHandler
                0x10086bc0       0x9c .\CortexM4\ARM_GCC_541\Debug\cy_ble_cts.o
 .text.Cy_BLE_CTS_Init
                0x10086c5c       0x74 .\CortexM4\ARM_GCC_541\Debug\cy_ble_cts.o
                0x10086c5c                Cy_BLE_CTS_Init
 .text.Cy_BLE_CTS_RegisterAttrCallback
                0x10086cd0       0x1c .\CortexM4\ARM_GCC_541\Debug\cy_ble_cts.o
                0x10086cd0                Cy_BLE_CTS_RegisterAttrCallback
 .text.Cy_BLE_CTSC_GetCharacteristicValue
                0x10086cec       0xc0 .\CortexM4\ARM_GCC_541\Debug\cy_ble_cts.o
                0x10086cec                Cy_BLE_CTSC_GetCharacteristicValue
 .text.Cy_BLE_CTSC_SetCharacteristicDescriptor
                0x10086dac       0xb4 .\CortexM4\ARM_GCC_541\Debug\cy_ble_cts.o
                0x10086dac                Cy_BLE_CTSC_SetCharacteristicDescriptor
 .text.vListInitialise
                0x10086e60       0x18 .\CortexM4\ARM_GCC_541\Debug\list.o
                0x10086e60                vListInitialise
 .text.vListInitialiseItem
                0x10086e78        0x8 .\CortexM4\ARM_GCC_541\Debug\list.o
                0x10086e78                vListInitialiseItem
 .text.vListInsertEnd
                0x10086e80       0x18 .\CortexM4\ARM_GCC_541\Debug\list.o
                0x10086e80                vListInsertEnd
 .text.vListInsert
                0x10086e98       0x34 .\CortexM4\ARM_GCC_541\Debug\list.o
                0x10086e98                vListInsert
 .text.uxListRemove
                0x10086ecc       0x28 .\CortexM4\ARM_GCC_541\Debug\list.o
                0x10086ecc                uxListRemove
 .text.prvIsQueueFull
                0x10086ef4       0x20 .\CortexM4\ARM_GCC_541\Debug\queue.o
 .text.prvIsQueueEmpty
                0x10086f14       0x1c .\CortexM4\ARM_GCC_541\Debug\queue.o
 .text.prvCopyDataToQueue
                0x10086f30       0x54 .\CortexM4\ARM_GCC_541\Debug\queue.o
 .text.prvCopyDataFromQueue
                0x10086f84       0x24 .\CortexM4\ARM_GCC_541\Debug\queue.o
 .text.prvUnlockQueue
                0x10086fa8       0x68 .\CortexM4\ARM_GCC_541\Debug\queue.o
 .text.xQueueGenericReset
                0x10087010       0x80 .\CortexM4\ARM_GCC_541\Debug\queue.o
                0x10087010                xQueueGenericReset
 .text.prvInitialiseNewQueue
                0x10087090       0x1c .\CortexM4\ARM_GCC_541\Debug\queue.o
 .text.xQueueGenericCreate
                0x100870ac       0x4c .\CortexM4\ARM_GCC_541\Debug\queue.o
                0x100870ac                xQueueGenericCreate
 .text.xQueueGenericSend
                0x100870f8      0x190 .\CortexM4\ARM_GCC_541\Debug\queue.o
                0x100870f8                xQueueGenericSend
 .text.xQueueGenericSendFromISR
                0x10087288       0xe4 .\CortexM4\ARM_GCC_541\Debug\queue.o
                0x10087288                xQueueGenericSendFromISR
 .text.xQueueReceive
                0x1008736c      0x158 .\CortexM4\ARM_GCC_541\Debug\queue.o
                0x1008736c                xQueueReceive
 .text.vQueueAddToRegistry
                0x100874c4       0x28 .\CortexM4\ARM_GCC_541\Debug\queue.o
                0x100874c4                vQueueAddToRegistry
 .text.vQueueWaitForMessageRestricted
                0x100874ec       0x4c .\CortexM4\ARM_GCC_541\Debug\queue.o
                0x100874ec                vQueueWaitForMessageRestricted
 .text.prvResetNextTaskUnblockTime
                0x10087538       0x2c .\CortexM4\ARM_GCC_541\Debug\tasks.o
 .text.prvDeleteTCB
                0x10087564       0x14 .\CortexM4\ARM_GCC_541\Debug\tasks.o
 .text.prvInitialiseNewTask
                0x10087578       0xa0 .\CortexM4\ARM_GCC_541\Debug\tasks.o
 .text.prvInitialiseTaskLists
                0x10087618       0x58 .\CortexM4\ARM_GCC_541\Debug\tasks.o
 .text.prvAddNewTaskToReadyList
                0x10087670       0xac .\CortexM4\ARM_GCC_541\Debug\tasks.o
 .text.prvCheckTasksWaitingTermination
                0x1008771c       0x44 .\CortexM4\ARM_GCC_541\Debug\tasks.o
 .text.prvAddCurrentTaskToDelayedList
                0x10087760       0x68 .\CortexM4\ARM_GCC_541\Debug\tasks.o
 .text.prvIdleTask
                0x100877c8       0x2c .\CortexM4\ARM_GCC_541\Debug\tasks.o
 .text.xTaskCreate
                0x100877f4       0x64 .\CortexM4\ARM_GCC_541\Debug\tasks.o
                0x100877f4                xTaskCreate
 .text.vTaskStartScheduler
                0x10087858       0x7c .\CortexM4\ARM_GCC_541\Debug\tasks.o
                0x10087858                vTaskStartScheduler
 .text.vTaskSuspendAll
                0x100878d4       0x14 .\CortexM4\ARM_GCC_541\Debug\tasks.o
                0x100878d4                vTaskSuspendAll
 .text.xTaskGetTickCount
                0x100878e8        0xc .\CortexM4\ARM_GCC_541\Debug\tasks.o
                0x100878e8                xTaskGetTickCount
 .text.xTaskIncrementTick
                0x100878f4       0xfc .\CortexM4\ARM_GCC_541\Debug\tasks.o
                0x100878f4                xTaskIncrementTick
 .text.xTaskResumeAll
                0x100879f0       0xf0 .\CortexM4\ARM_GCC_541\Debug\tasks.o
                0x100879f0                xTaskResumeAll
 .text.vTaskDelay
                0x10087ae0       0x50 .\CortexM4\ARM_GCC_541\Debug\tasks.o
                0x10087ae0                vTaskDelay
 .text.vTaskSwitchContext
                0x10087b30       0xc8 .\CortexM4\ARM_GCC_541\Debug\tasks.o
                0x10087b30                vTaskSwitchContext
 .text.vTaskPlaceOnEventList
                0x10087bf8       0x34 .\CortexM4\ARM_GCC_541\Debug\tasks.o
                0x10087bf8                vTaskPlaceOnEventList
 .text.vTaskPlaceOnEventListRestricted
                0x10087c2c       0x3c .\CortexM4\ARM_GCC_541\Debug\tasks.o
                0x10087c2c                vTaskPlaceOnEventListRestricted
 .text.xTaskRemoveFromEventList
                0x10087c68       0x88 .\CortexM4\ARM_GCC_541\Debug\tasks.o
                0x10087c68                xTaskRemoveFromEventList
 .text.vTaskInternalSetTimeOutState
                0x10087cf0       0x14 .\CortexM4\ARM_GCC_541\Debug\tasks.o
                0x10087cf0                vTaskInternalSetTimeOutState
 .text.xTaskCheckForTimeOut
                0x10087d04       0x80 .\CortexM4\ARM_GCC_541\Debug\tasks.o
                0x10087d04                xTaskCheckForTimeOut
 .text.vTaskMissedYield
                0x10087d84       0x10 .\CortexM4\ARM_GCC_541\Debug\tasks.o
                0x10087d84                vTaskMissedYield
 .text.xTaskGetSchedulerState
                0x10087d94       0x20 .\CortexM4\ARM_GCC_541\Debug\tasks.o
                0x10087d94                xTaskGetSchedulerState
 .text.prvGetNextExpireTime
                0x10087db4       0x20 .\CortexM4\ARM_GCC_541\Debug\timers.o
 .text.prvInsertTimerInActiveList
                0x10087dd4       0x44 .\CortexM4\ARM_GCC_541\Debug\timers.o
 .text.prvCheckForValidListAndQueue
                0x10087e18       0x48 .\CortexM4\ARM_GCC_541\Debug\timers.o
 .text.prvInitialiseNewTimer
                0x10087e60       0x40 .\CortexM4\ARM_GCC_541\Debug\timers.o
 .text.xTimerCreateTimerTask
                0x10087ea0       0x50 .\CortexM4\ARM_GCC_541\Debug\timers.o
                0x10087ea0                xTimerCreateTimerTask
 .text.xTimerCreate
                0x10087ef0       0x34 .\CortexM4\ARM_GCC_541\Debug\timers.o
                0x10087ef0                xTimerCreate
 .text.xTimerGenericCommand
                0x10087f24       0x6c .\CortexM4\ARM_GCC_541\Debug\timers.o
                0x10087f24                xTimerGenericCommand
 .text.prvSwitchTimerLists
                0x10087f90       0x74 .\CortexM4\ARM_GCC_541\Debug\timers.o
 .text.prvSampleTimeNow
                0x10088004       0x2c .\CortexM4\ARM_GCC_541\Debug\timers.o
 .text.prvProcessExpiredTimer
                0x10088030       0x5c .\CortexM4\ARM_GCC_541\Debug\timers.o
 .text.prvProcessTimerOrBlockTask
                0x1008808c       0x70 .\CortexM4\ARM_GCC_541\Debug\timers.o
 .text.prvProcessReceivedCommands
                0x100880fc       0xbc .\CortexM4\ARM_GCC_541\Debug\timers.o
 .text.prvTimerTask
                0x100881b8       0x18 .\CortexM4\ARM_GCC_541\Debug\timers.o
 .text.prvTaskExitError
                0x100881d0       0x40 .\CortexM4\ARM_GCC_541\Debug\port.o
 .text.prvPortStartFirstTask
                0x10088210       0x28 .\CortexM4\ARM_GCC_541\Debug\port.o
 .text.vPortEnableVFP
                0x10088238       0x14 .\CortexM4\ARM_GCC_541\Debug\port.o
 .text.pxPortInitialiseStack
                0x1008824c       0x2c .\CortexM4\ARM_GCC_541\Debug\port.o
                0x1008824c                pxPortInitialiseStack
 *fill*         0x10088278        0x8 
 .text.SVC_Handler
                0x10088280       0x24 .\CortexM4\ARM_GCC_541\Debug\port.o
                0x10088280                SVC_Handler
 .text.vPortEnterCritical
                0x100882a4       0x44 .\CortexM4\ARM_GCC_541\Debug\port.o
                0x100882a4                vPortEnterCritical
 .text.vPortExitCritical
                0x100882e8       0x2c .\CortexM4\ARM_GCC_541\Debug\port.o
                0x100882e8                vPortExitCritical
 *fill*         0x10088314        0xc 
 .text.PendSV_Handler
                0x10088320       0x64 .\CortexM4\ARM_GCC_541\Debug\port.o
                0x10088320                PendSV_Handler
 .text.SysTick_Handler
                0x10088384       0x2c .\CortexM4\ARM_GCC_541\Debug\port.o
                0x10088384                SysTick_Handler
 .text.vPortSetupTimerInterrupt
                0x100883b0       0x38 .\CortexM4\ARM_GCC_541\Debug\port.o
                0x100883b0                vPortSetupTimerInterrupt
 .text.xPortStartScheduler
                0x100883e8       0xc4 .\CortexM4\ARM_GCC_541\Debug\port.o
                0x100883e8                xPortStartScheduler
 .text.vPortValidateInterruptPriority
                0x100884ac       0x58 .\CortexM4\ARM_GCC_541\Debug\port.o
                0x100884ac                vPortValidateInterruptPriority
 .text.pvPortMalloc
                0x10088504       0x64 .\CortexM4\ARM_GCC_541\Debug\heap_1.o
                0x10088504                pvPortMalloc
 .text.vPortFree
                0x10088568       0x18 .\CortexM4\ARM_GCC_541\Debug\heap_1.o
                0x10088568                vPortFree
 .text          0x10088580      0x370 c:/program files (x86)/cypress/psoc creator/4.2/psoc creator/import/gnu/arm/5.4.1/bin/../lib/gcc/arm-none-eabi/5.4.1/armv7e-m/softfp\libgcc.a(_arm_addsubdf3.o)
                0x10088580                __aeabi_drsub
                0x10088588                __aeabi_dsub
                0x10088588                __subdf3
                0x1008858c                __aeabi_dadd
                0x1008858c                __adddf3
                0x10088804                __floatunsidf
                0x10088804                __aeabi_ui2d
                0x10088824                __floatsidf
                0x10088824                __aeabi_i2d
                0x10088848                __aeabi_f2d
                0x10088848                __extendsfdf2
                0x10088884                __floatundidf
                0x10088884                __aeabi_ul2d
                0x10088894                __floatdidf
                0x10088894                __aeabi_l2d
 .text          0x100888f0      0x424 c:/program files (x86)/cypress/psoc creator/4.2/psoc creator/import/gnu/arm/5.4.1/bin/../lib/gcc/arm-none-eabi/5.4.1/armv7e-m/softfp\libgcc.a(_arm_muldivdf3.o)
                0x100888f0                __aeabi_dmul
                0x100888f0                __muldf3
                0x10088b44                __divdf3
                0x10088b44                __aeabi_ddiv
 .text.memcmp   0x10088d14       0x1e c:/program files (x86)/cypress/psoc creator/4.2/psoc creator/import/gnu/arm/5.4.1/bin/../lib/gcc/arm-none-eabi/5.4.1/../../../../arm-none-eabi/lib/armv7e-m/softfp\libg_nano.a(lib_a-memcmp.o)
                0x10088d14                memcmp
 .text.memcpy   0x10088d32       0x16 c:/program files (x86)/cypress/psoc creator/4.2/psoc creator/import/gnu/arm/5.4.1/bin/../lib/gcc/arm-none-eabi/5.4.1/../../../../arm-none-eabi/lib/armv7e-m/softfp\libg_nano.a(lib_a-memcpy-stub.o)
                0x10088d32                memcpy
 .text.memset   0x10088d48       0x10 c:/program files (x86)/cypress/psoc creator/4.2/psoc creator/import/gnu/arm/5.4.1/bin/../lib/gcc/arm-none-eabi/5.4.1/../../../../arm-none-eabi/lib/armv7e-m/softfp\libg_nano.a(lib_a-memset.o)
                0x10088d48                memset
 .text.__cvt    0x10088d58       0xc2 c:/program files (x86)/cypress/psoc creator/4.2/psoc creator/import/gnu/arm/5.4.1/bin/../lib/gcc/arm-none-eabi/5.4.1/../../../../arm-none-eabi/lib/armv7e-m/softfp\libg_nano.a(lib_a-nano-vfprintf_float.o)
                0x10088d58                __cvt
 .text.__exponent
                0x10088e1a       0x60 c:/program files (x86)/cypress/psoc creator/4.2/psoc creator/import/gnu/arm/5.4.1/bin/../lib/gcc/arm-none-eabi/5.4.1/../../../../arm-none-eabi/lib/armv7e-m/softfp\libg_nano.a(lib_a-nano-vfprintf_float.o)
                0x10088e1a                __exponent
 *fill*         0x10088e7a        0x2 
 .text._printf_float
                0x10088e7c      0x488 c:/program files (x86)/cypress/psoc creator/4.2/psoc creator/import/gnu/arm/5.4.1/bin/../lib/gcc/arm-none-eabi/5.4.1/../../../../arm-none-eabi/lib/armv7e-m/softfp\libg_nano.a(lib_a-nano-vfprintf_float.o)
                0x10088e7c                _printf_float
 .text._printf_common
                0x10089304       0xec c:/program files (x86)/cypress/psoc creator/4.2/psoc creator/import/gnu/arm/5.4.1/bin/../lib/gcc/arm-none-eabi/5.4.1/../../../../arm-none-eabi/lib/armv7e-m/softfp\libg_nano.a(lib_a-nano-vfprintf_i.o)
                0x10089304                _printf_common
 .text._printf_i
                0x100893f0      0x24c c:/program files (x86)/cypress/psoc creator/4.2/psoc creator/import/gnu/arm/5.4.1/bin/../lib/gcc/arm-none-eabi/5.4.1/../../../../arm-none-eabi/lib/armv7e-m/softfp\libg_nano.a(lib_a-nano-vfprintf_i.o)
                0x100893f0                _printf_i
 .text.sprintf  0x1008963c       0x48 c:/program files (x86)/cypress/psoc creator/4.2/psoc creator/import/gnu/arm/5.4.1/bin/../lib/gcc/arm-none-eabi/5.4.1/../../../../arm-none-eabi/lib/armv7e-m/softfp\libg_nano.a(lib_a-sprintf.o)
                0x1008963c                siprintf
                0x1008963c                sprintf
 .text          0x10089684       0x10 c:/program files (x86)/cypress/psoc creator/4.2/psoc creator/import/gnu/arm/5.4.1/bin/../lib/gcc/arm-none-eabi/5.4.1/../../../../arm-none-eabi/lib/armv7e-m/softfp\libg_nano.a(lib_a-strlen.o)
                0x10089684                strlen
 .text.strncpy  0x10089694       0x26 c:/program files (x86)/cypress/psoc creator/4.2/psoc creator/import/gnu/arm/5.4.1/bin/../lib/gcc/arm-none-eabi/5.4.1/../../../../arm-none-eabi/lib/armv7e-m/softfp\libg_nano.a(lib_a-strncpy.o)
                0x10089694                strncpy
 .text.quorem   0x100896ba      0x11e c:/program files (x86)/cypress/psoc creator/4.2/psoc creator/import/gnu/arm/5.4.1/bin/../lib/gcc/arm-none-eabi/5.4.1/../../../../arm-none-eabi/lib/armv7e-m/softfp\libg_nano.a(lib_a-dtoa.o)
 .text._dtoa_r  0x100897d8      0xb38 c:/program files (x86)/cypress/psoc creator/4.2/psoc creator/import/gnu/arm/5.4.1/bin/../lib/gcc/arm-none-eabi/5.4.1/../../../../arm-none-eabi/lib/armv7e-m/softfp\libg_nano.a(lib_a-dtoa.o)
                0x100897d8                _dtoa_r
 .text._localeconv_r
                0x1008a310        0x8 c:/program files (x86)/cypress/psoc creator/4.2/psoc creator/import/gnu/arm/5.4.1/bin/../lib/gcc/arm-none-eabi/5.4.1/../../../../arm-none-eabi/lib/armv7e-m/softfp\libg_nano.a(lib_a-locale.o)
                0x1008a310                _localeconv_r
 .text.malloc   0x1008a318       0x10 c:/program files (x86)/cypress/psoc creator/4.2/psoc creator/import/gnu/arm/5.4.1/bin/../lib/gcc/arm-none-eabi/5.4.1/../../../../arm-none-eabi/lib/armv7e-m/softfp\libg_nano.a(lib_a-malloc.o)
                0x1008a318                malloc
 *fill*         0x1008a328        0x8 
 .text          0x1008a330       0xa0 c:/program files (x86)/cypress/psoc creator/4.2/psoc creator/import/gnu/arm/5.4.1/bin/../lib/gcc/arm-none-eabi/5.4.1/../../../../arm-none-eabi/lib/armv7e-m/softfp\libg_nano.a(lib_a-memchr.o)
                0x1008a330                memchr
 .text._Balloc  0x1008a3d0       0x6a c:/program files (x86)/cypress/psoc creator/4.2/psoc creator/import/gnu/arm/5.4.1/bin/../lib/gcc/arm-none-eabi/5.4.1/../../../../arm-none-eabi/lib/armv7e-m/softfp\libg_nano.a(lib_a-mprec.o)
                0x1008a3d0                _Balloc
 .text._Bfree   0x1008a43a       0x2e c:/program files (x86)/cypress/psoc creator/4.2/psoc creator/import/gnu/arm/5.4.1/bin/../lib/gcc/arm-none-eabi/5.4.1/../../../../arm-none-eabi/lib/armv7e-m/softfp\libg_nano.a(lib_a-mprec.o)
                0x1008a43a                _Bfree
 .text.__multadd
                0x1008a468       0x76 c:/program files (x86)/cypress/psoc creator/4.2/psoc creator/import/gnu/arm/5.4.1/bin/../lib/gcc/arm-none-eabi/5.4.1/../../../../arm-none-eabi/lib/armv7e-m/softfp\libg_nano.a(lib_a-mprec.o)
                0x1008a468                __multadd
 .text.__hi0bits
                0x1008a4de       0x40 c:/program files (x86)/cypress/psoc creator/4.2/psoc creator/import/gnu/arm/5.4.1/bin/../lib/gcc/arm-none-eabi/5.4.1/../../../../arm-none-eabi/lib/armv7e-m/softfp\libg_nano.a(lib_a-mprec.o)
                0x1008a4de                __hi0bits
 .text.__lo0bits
                0x1008a51e       0x5a c:/program files (x86)/cypress/psoc creator/4.2/psoc creator/import/gnu/arm/5.4.1/bin/../lib/gcc/arm-none-eabi/5.4.1/../../../../arm-none-eabi/lib/armv7e-m/softfp\libg_nano.a(lib_a-mprec.o)
                0x1008a51e                __lo0bits
 .text.__i2b    0x1008a578       0x12 c:/program files (x86)/cypress/psoc creator/4.2/psoc creator/import/gnu/arm/5.4.1/bin/../lib/gcc/arm-none-eabi/5.4.1/../../../../arm-none-eabi/lib/armv7e-m/softfp\libg_nano.a(lib_a-mprec.o)
                0x1008a578                __i2b
 .text.__multiply
                0x1008a58a      0x122 c:/program files (x86)/cypress/psoc creator/4.2/psoc creator/import/gnu/arm/5.4.1/bin/../lib/gcc/arm-none-eabi/5.4.1/../../../../arm-none-eabi/lib/armv7e-m/softfp\libg_nano.a(lib_a-mprec.o)
                0x1008a58a                __multiply
 .text.__pow5mult
                0x1008a6ac       0x9c c:/program files (x86)/cypress/psoc creator/4.2/psoc creator/import/gnu/arm/5.4.1/bin/../lib/gcc/arm-none-eabi/5.4.1/../../../../arm-none-eabi/lib/armv7e-m/softfp\libg_nano.a(lib_a-mprec.o)
                0x1008a6ac                __pow5mult
 .text.__lshift
                0x1008a748       0xa2 c:/program files (x86)/cypress/psoc creator/4.2/psoc creator/import/gnu/arm/5.4.1/bin/../lib/gcc/arm-none-eabi/5.4.1/../../../../arm-none-eabi/lib/armv7e-m/softfp\libg_nano.a(lib_a-mprec.o)
                0x1008a748                __lshift
 .text.__mcmp   0x1008a7ea       0x38 c:/program files (x86)/cypress/psoc creator/4.2/psoc creator/import/gnu/arm/5.4.1/bin/../lib/gcc/arm-none-eabi/5.4.1/../../../../arm-none-eabi/lib/armv7e-m/softfp\libg_nano.a(lib_a-mprec.o)
                0x1008a7ea                __mcmp
 .text.__mdiff  0x1008a822       0xbe c:/program files (x86)/cypress/psoc creator/4.2/psoc creator/import/gnu/arm/5.4.1/bin/../lib/gcc/arm-none-eabi/5.4.1/../../../../arm-none-eabi/lib/armv7e-m/softfp\libg_nano.a(lib_a-mprec.o)
                0x1008a822                __mdiff
 .text.__d2b    0x1008a8e0       0x9c c:/program files (x86)/cypress/psoc creator/4.2/psoc creator/import/gnu/arm/5.4.1/bin/../lib/gcc/arm-none-eabi/5.4.1/../../../../arm-none-eabi/lib/armv7e-m/softfp\libg_nano.a(lib_a-mprec.o)
                0x1008a8e0                __d2b
 .text._calloc_r
                0x1008a97c       0x1c c:/program files (x86)/cypress/psoc creator/4.2/psoc creator/import/gnu/arm/5.4.1/bin/../lib/gcc/arm-none-eabi/5.4.1/../../../../arm-none-eabi/lib/armv7e-m/softfp\libg_nano.a(lib_a-nano-callocr.o)
                0x1008a97c                _calloc_r
 .text._free_r  0x1008a998       0x9c c:/program files (x86)/cypress/psoc creator/4.2/psoc creator/import/gnu/arm/5.4.1/bin/../lib/gcc/arm-none-eabi/5.4.1/../../../../arm-none-eabi/lib/armv7e-m/softfp\libg_nano.a(lib_a-nano-freer.o)
                0x1008a998                _free_r
 .text._malloc_r
                0x1008aa34       0xbc c:/program files (x86)/cypress/psoc creator/4.2/psoc creator/import/gnu/arm/5.4.1/bin/../lib/gcc/arm-none-eabi/5.4.1/../../../../arm-none-eabi/lib/armv7e-m/softfp\libg_nano.a(lib_a-nano-mallocr.o)
                0x1008aa34                _malloc_r
 .text.__ssputs_r
                0x1008aaf0       0xb2 c:/program files (x86)/cypress/psoc creator/4.2/psoc creator/import/gnu/arm/5.4.1/bin/../lib/gcc/arm-none-eabi/5.4.1/../../../../arm-none-eabi/lib/armv7e-m/softfp\libg_nano.a(lib_a-nano-svfprintf.o)
                0x1008aaf0                __ssputs_r
 *fill*         0x1008aba2        0x2 
 .text._svfprintf_r
                0x1008aba4      0x1e8 c:/program files (x86)/cypress/psoc creator/4.2/psoc creator/import/gnu/arm/5.4.1/bin/../lib/gcc/arm-none-eabi/5.4.1/../../../../arm-none-eabi/lib/armv7e-m/softfp\libg_nano.a(lib_a-nano-svfprintf.o)
                0x1008aba4                _svfiprintf_r
                0x1008aba4                _svfprintf_r
 .text._sbrk_r  0x1008ad8c       0x20 c:/program files (x86)/cypress/psoc creator/4.2/psoc creator/import/gnu/arm/5.4.1/bin/../lib/gcc/arm-none-eabi/5.4.1/../../../../arm-none-eabi/lib/armv7e-m/softfp\libg_nano.a(lib_a-sbrkr.o)
                0x1008ad8c                _sbrk_r
 .text.memmove  0x1008adac       0x36 c:/program files (x86)/cypress/psoc creator/4.2/psoc creator/import/gnu/arm/5.4.1/bin/../lib/gcc/arm-none-eabi/5.4.1/../../../../arm-none-eabi/lib/armv7e-m/softfp\libg_nano.a(lib_a-memmove.o)
                0x1008adac                memmove
 .text.__malloc_lock
                0x1008ade2        0x2 c:/program files (x86)/cypress/psoc creator/4.2/psoc creator/import/gnu/arm/5.4.1/bin/../lib/gcc/arm-none-eabi/5.4.1/../../../../arm-none-eabi/lib/armv7e-m/softfp\libg_nano.a(lib_a-mlock.o)
                0x1008ade2                __malloc_lock
 .text.__malloc_unlock
                0x1008ade4        0x2 c:/program files (x86)/cypress/psoc creator/4.2/psoc creator/import/gnu/arm/5.4.1/bin/../lib/gcc/arm-none-eabi/5.4.1/../../../../arm-none-eabi/lib/armv7e-m/softfp\libg_nano.a(lib_a-mlock.o)
                0x1008ade4                __malloc_unlock
 .text._realloc_r
                0x1008ade6       0x4c c:/program files (x86)/cypress/psoc creator/4.2/psoc creator/import/gnu/arm/5.4.1/bin/../lib/gcc/arm-none-eabi/5.4.1/../../../../arm-none-eabi/lib/armv7e-m/softfp\libg_nano.a(lib_a-nano-reallocr.o)
                0x1008ade6                _realloc_r
 .text._malloc_usable_size_r
                0x1008ae32       0x14 c:/program files (x86)/cypress/psoc creator/4.2/psoc creator/import/gnu/arm/5.4.1/bin/../lib/gcc/arm-none-eabi/5.4.1/../../../../arm-none-eabi/lib/armv7e-m/softfp\libg_nano.a(lib_a-nano-msizer.o)
                0x1008ae32                _malloc_usable_size_r
 *fill*         0x1008ae46        0x2 
 .text          0x1008ae48      0x110 c:/program files (x86)/cypress/psoc creator/4.2/psoc creator/import/gnu/arm/5.4.1/bin/../lib/gcc/arm-none-eabi/5.4.1/armv7e-m/softfp\libgcc.a(_arm_cmpdf2.o)
                0x1008ae48                __gtdf2
                0x1008ae48                __gedf2
                0x1008ae50                __ltdf2
                0x1008ae50                __ledf2
                0x1008ae58                __nedf2
                0x1008ae58                __eqdf2
                0x1008ae58                __cmpdf2
                0x1008aed4                __aeabi_cdrcmple
                0x1008aee4                __aeabi_cdcmpeq
                0x1008aee4                __aeabi_cdcmple
                0x1008aef4                __aeabi_dcmpeq
                0x1008af08                __aeabi_dcmplt
                0x1008af1c                __aeabi_dcmple
                0x1008af30                __aeabi_dcmpge
                0x1008af44                __aeabi_dcmpgt
 .text          0x1008af58       0x2c c:/program files (x86)/cypress/psoc creator/4.2/psoc creator/import/gnu/arm/5.4.1/bin/../lib/gcc/arm-none-eabi/5.4.1/armv7e-m/softfp\libgcc.a(_arm_unorddf2.o)
                0x1008af58                __unorddf2
                0x1008af58                __aeabi_dcmpun
 .text          0x1008af84       0x50 c:/program files (x86)/cypress/psoc creator/4.2/psoc creator/import/gnu/arm/5.4.1/bin/../lib/gcc/arm-none-eabi/5.4.1/armv7e-m/softfp\libgcc.a(_arm_fixdfsi.o)
                0x1008af84                __aeabi_d2iz
                0x1008af84                __fixdfsi
 .text._sbrk    0x1008afd4       0x1c c:/program files (x86)/cypress/psoc creator/4.2/psoc creator/import/gnu/arm/5.4.1/bin/../lib/gcc/arm-none-eabi/5.4.1/../../../../arm-none-eabi/lib/armv7e-m/softfp\libnosys.a(sbrk.o)
                0x1008afd4                _sbrk
 *(.init)
 .init          0x1008aff0        0x4 c:/program files (x86)/cypress/psoc creator/4.2/psoc creator/import/gnu/arm/5.4.1/bin/../lib/gcc/arm-none-eabi/5.4.1/armv7e-m/softfp/crti.o
                0x1008aff0                _init
 .init          0x1008aff4        0x8 c:/program files (x86)/cypress/psoc creator/4.2/psoc creator/import/gnu/arm/5.4.1/bin/../lib/gcc/arm-none-eabi/5.4.1/armv7e-m/softfp/crtn.o
 *(.fini)
 .fini          0x1008affc        0x4 c:/program files (x86)/cypress/psoc creator/4.2/psoc creator/import/gnu/arm/5.4.1/bin/../lib/gcc/arm-none-eabi/5.4.1/armv7e-m/softfp/crti.o
                0x1008affc                _fini
 .fini          0x1008b000        0x8 c:/program files (x86)/cypress/psoc creator/4.2/psoc creator/import/gnu/arm/5.4.1/bin/../lib/gcc/arm-none-eabi/5.4.1/armv7e-m/softfp/crtn.o
 .fini.__stub   0x1008b008       0x10 linker stubs
 *crtbegin.o(.ctors)
 *crtbegin?.o(.ctors)
 *(EXCLUDE_FILE(*crtend.o *crtend?.o) .ctors)
 *(SORT(.ctors.*))
 *(.ctors)
 *crtbegin.o(.dtors)
 *crtbegin?.o(.dtors)
 *(EXCLUDE_FILE(*crtend.o *crtend?.o) .dtors)
 *(SORT(.dtors.*))
 *(.dtors)
 *(.rodata .rodata.* .constdata .constdata.* .conststring .conststring.*)
 .rodata        0x1008b018        0x6 .\CortexM4\ARM_GCC_541\Debug\ble_task.o
 *fill*         0x1008b01e        0x2 
 .rodata        0x1008b020        0xa .\CortexM4\ARM_GCC_541\Debug\display_task.o
 *fill*         0x1008b02a        0x2 
 .rodata.str1.4
                0x1008b02c       0x1e .\CortexM4\ARM_GCC_541\Debug\display_task.o
 *fill*         0x1008b04a        0x2 
 .rodata        0x1008b04c       0x30 .\CortexM4\ARM_GCC_541\Debug\rtc_task.o
                0x1008b04c                alarm
 .rodata.str1.4
                0x1008b07c        0xb .\CortexM4\ARM_GCC_541\Debug\rtc_task.o
 *fill*         0x1008b087        0x1 
 .rodata.str1.4
                0x1008b088       0x30 .\CortexM4\ARM_GCC_541\Debug\status_led_task.o
 .rodata.str1.4
                0x1008b0b8       0x43 .\CortexM4\ARM_GCC_541\Debug\main_cm4.o
 *fill*         0x1008b0fb        0x1 
 .rodata        0x1008b0fc     0x17b9 .\CortexM4\ARM_GCC_541\Debug\screen_contents.o
                0x1008b0fc                background
                0x1008c7ac                instructions
 *fill*         0x1008c8b5        0x3 
 .rodata        0x1008c8b8     0x1028 .\CortexM4\ARM_GCC_541\Debug\cy_eink_fonts.o
                0x1008c8b8                cy_eink_fontData16By16
                0x1008d478                cy_eink_fontData8By12
 .rodata        0x1008d8e0        0xc .\CortexM4\ARM_GCC_541\Debug\pervasive_eink_hardware_driver.o
                0x1008d8e0                channelSelect
                0x1008d8e8                scanTable
 .rodata        0x1008d8ec       0x34 .\CortexM4\ARM_GCC_541\Debug\cy_ipc_config.o
 .rodata        0x1008d920       0x20 .\CortexM4\ARM_GCC_541\Debug\cyfitter_sysint_cfg.o
                0x1008d920                ADC_IRQ_cfg
                0x1008d928                CY_EINK_SPIM_SCB_IRQ_cfg
                0x1008d930                RTC_RTC_IRQ_cfg
                0x1008d938                isr_gpio_cfg
 .rodata        0x1008d940       0xf6 .\CortexM4\ARM_GCC_541\Debug\BLE_config.o
 *fill*         0x1008da36        0x2 
 .rodata        0x1008da38       0x34 .\CortexM4\ARM_GCC_541\Debug\CY_EINK_SPIM.o
                0x1008da38                CY_EINK_SPIM_config
 .rodata.str1.4
                0x1008da6c       0x41 .\CortexM4\ARM_GCC_541\Debug\cy_sysint.o
 *fill*         0x1008daad        0x3 
 .rodata.str1.4
                0x1008dab0       0x7f .\CortexM4\ARM_GCC_541\Debug\cy_ipc_drv.o
 *fill*         0x1008db2f        0x1 
 .rodata.str1.4
                0x1008db30       0x3f .\CortexM4\ARM_GCC_541\Debug\cy_ipc_sema.o
 *fill*         0x1008db6f        0x1 
 .rodata.str1.4
                0x1008db70       0x40 .\CortexM4\ARM_GCC_541\Debug\cy_ipc_pipe.o
                                 0x7f (size before relaxing)
 .rodata        0x1008dbb0        0xc .\CortexM4\ARM_GCC_541\Debug\cy_rtc.o
                0x1008dbb0                cy_RTC_daysInMonthTbl
 .rodata.str1.4
                0x1008dbbc       0x77 .\CortexM4\ARM_GCC_541\Debug\cy_rtc.o
 *fill*         0x1008dc33        0x1 
 .rodata.str1.4
                0x1008dc34       0x83 .\CortexM4\ARM_GCC_541\Debug\cy_scb_spi.o
 *fill*         0x1008dcb7        0x1 
 .rodata.str1.4
                0x1008dcb8       0x3f .\CortexM4\ARM_GCC_541\Debug\cy_syspm.o
 *fill*         0x1008dcf7        0x1 
 .rodata.str1.4
                0x1008dcf8       0x3d .\CortexM4\ARM_GCC_541\Debug\cy_prot.o
 *fill*         0x1008dd35        0x3 
 .rodata        0x1008dd38       0x10 .\CortexM4\ARM_GCC_541\Debug\cy_ble.o
 .rodata        0x1008dd48      0x100 .\CortexM4\ARM_GCC_541\Debug\cy_ble_hal_pvt.o
 .rodata.str1.4
                0x1008de48       0x3b .\CortexM4\ARM_GCC_541\Debug\cy_ble_hal_pvt.o
 *fill*         0x1008de83        0x1 
 .rodata.str1.4
                0x1008de84       0x37 .\CortexM4\ARM_GCC_541\Debug\cy_ble_gatt.o
 *fill*         0x1008debb        0x1 
 .rodata        0x1008debc        0x2 .\CortexM4\ARM_GCC_541\Debug\cy_ble_event_handler.o
 .rodata.str1.4
                0x1008debe       0x37 .\CortexM4\ARM_GCC_541\Debug\cy_ble_event_handler.o
 *fill*         0x1008debe        0x2 
 .rodata        0x1008dec0        0x6 .\CortexM4\ARM_GCC_541\Debug\cy_ble_cts.o
 *fill*         0x1008dec6        0x2 
 .rodata.str1.4
                0x1008dec8        0x5 .\CortexM4\ARM_GCC_541\Debug\tasks.o
 *fill*         0x1008decd        0x3 
 .rodata.str1.4
                0x1008ded0       0x10 .\CortexM4\ARM_GCC_541\Debug\timers.o
 .constdata     0x1008dee0       0x18 Generated_Source\PSoC6\pdl\middleware\ble\lib\cy_ble_stack_gcc_host_ipc_cm4.a(BT_os.o)
                0x1008dee0                cyBleStackMemoryConfig
 .constdata     0x1008def8       0x58 Generated_Source\PSoC6\pdl\middleware\ble\lib\cy_ble_stack_gcc_host_ipc_cm4.a(l2cap_init.o)
                0x1008def8                l2cap_le_sig_handler
 .constdata     0x1008df50       0x3c Generated_Source\PSoC6\pdl\middleware\ble\lib\cy_ble_stack_gcc_host_ipc_cm4.a(fsm_engine_pl.o)
                0x1008df50                fsm_module_table
 .constdata     0x1008df8c      0x110 Generated_Source\PSoC6\pdl\middleware\ble\lib\cy_ble_stack_gcc_host_ipc_cm4.a(gap_hci_iface.o)
                0x1008df8c                hciCommandCompleteEventHandlers
 .constdata     0x1008e09c       0x20 Generated_Source\PSoC6\pdl\middleware\ble\lib\cy_ble_stack_gcc_host_ipc_cm4.a(gap_privacy.o)
 .constdata     0x1008e0bc       0x32 Generated_Source\PSoC6\pdl\middleware\ble\lib\cy_ble_stack_gcc_host_ipc_cm4.a(smp_core.o)
                0x1008e0bc                smp_iocap_assoc_map
                0x1008e0d5                smp_sc_iocap_assoc_map
 *fill*         0x1008e0ee        0x2 
 .constdata     0x1008e0f0        0xc Generated_Source\PSoC6\pdl\middleware\ble\lib\cy_ble_stack_gcc_host_ipc_cm4.a(smp_interface.o)
                0x1008e0f0                smp_event_fp
 .constdata     0x1008e0fc       0x22 Generated_Source\PSoC6\pdl\middleware\ble\lib\cy_ble_stack_gcc_host_ipc_cm4.a(smp_utils.o)
                0x1008e0fc                smp_event_map
 *fill*         0x1008e11e        0x2 
 .constdata     0x1008e120       0xb4 Generated_Source\PSoC6\pdl\middleware\ble\lib\cy_ble_stack_gcc_host_ipc_cm4.a(smp_fsm_table.o)
                0x1008e120                smp_state_event_table
 .constdata     0x1008e1d4      0x110 Generated_Source\PSoC6\pdl\middleware\ble\lib\cy_ble_stack_gcc_host_ipc_cm4.a(smp_fsm_table.o)
                0x1008e1d4                smp_event_handler_table
 .constdata     0x1008e2e4       0x20 Generated_Source\PSoC6\pdl\middleware\ble\lib\cy_ble_stack_gcc_host_ipc_cm4.a(aes_cmac.o)
                0x1008e2e4                cmac_zero_data
                0x1008e2f4                cmac_rb_data
 .constdata     0x1008e304       0x60 Generated_Source\PSoC6\pdl\middleware\ble\lib\cy_ble_stack_gcc_host_ipc_cm4.a(att_fsm_table.o)
                0x1008e304                att_state_event_table
 .constdata     0x1008e364       0x58 Generated_Source\PSoC6\pdl\middleware\ble\lib\cy_ble_stack_gcc_host_ipc_cm4.a(att_fsm_table.o)
                0x1008e364                att_event_handler_table
 .rodata.str1.1
                0x1008e3bc        0x2 c:/program files (x86)/cypress/psoc creator/4.2/psoc creator/import/gnu/arm/5.4.1/bin/../lib/gcc/arm-none-eabi/5.4.1/../../../../arm-none-eabi/lib/armv7e-m/softfp\libg_nano.a(lib_a-impure.o)
 .rodata.str1.1
                0x1008e3be       0x12 c:/program files (x86)/cypress/psoc creator/4.2/psoc creator/import/gnu/arm/5.4.1/bin/../lib/gcc/arm-none-eabi/5.4.1/../../../../arm-none-eabi/lib/armv7e-m/softfp\libg_nano.a(lib_a-nano-vfprintf_float.o)
 .rodata.str1.1
                0x1008e3d0       0x22 c:/program files (x86)/cypress/psoc creator/4.2/psoc creator/import/gnu/arm/5.4.1/bin/../lib/gcc/arm-none-eabi/5.4.1/../../../../arm-none-eabi/lib/armv7e-m/softfp\libg_nano.a(lib_a-nano-vfprintf_i.o)
 .rodata.str1.1
                0x1008e3f2        0xd c:/program files (x86)/cypress/psoc creator/4.2/psoc creator/import/gnu/arm/5.4.1/bin/../lib/gcc/arm-none-eabi/5.4.1/../../../../arm-none-eabi/lib/armv7e-m/softfp\libg_nano.a(lib_a-dtoa.o)
                                  0xf (size before relaxing)
 .rodata.str1.1
                0x1008e3ff        0x8 c:/program files (x86)/cypress/psoc creator/4.2/psoc creator/import/gnu/arm/5.4.1/bin/../lib/gcc/arm-none-eabi/5.4.1/../../../../arm-none-eabi/lib/armv7e-m/softfp\libg_nano.a(lib_a-locale.o)
                                  0xb (size before relaxing)
 *fill*         0x1008e407        0x1 
 .rodata.p05.5410
                0x1008e408        0xc c:/program files (x86)/cypress/psoc creator/4.2/psoc creator/import/gnu/arm/5.4.1/bin/../lib/gcc/arm-none-eabi/5.4.1/../../../../arm-none-eabi/lib/armv7e-m/softfp\libg_nano.a(lib_a-mprec.o)
 *fill*         0x1008e414        0x4 
 .rodata.__mprec_bigtens
                0x1008e418       0x28 c:/program files (x86)/cypress/psoc creator/4.2/psoc creator/import/gnu/arm/5.4.1/bin/../lib/gcc/arm-none-eabi/5.4.1/../../../../arm-none-eabi/lib/armv7e-m/softfp\libg_nano.a(lib_a-mprec.o)
                0x1008e418                __mprec_bigtens
 .rodata.__mprec_tens
                0x1008e440       0xc8 c:/program files (x86)/cypress/psoc creator/4.2/psoc creator/import/gnu/arm/5.4.1/bin/../lib/gcc/arm-none-eabi/5.4.1/../../../../arm-none-eabi/lib/armv7e-m/softfp\libg_nano.a(lib_a-mprec.o)
                0x1008e440                __mprec_tens
 .rodata.str1.1
                0x1008e508       0x11 c:/program files (x86)/cypress/psoc creator/4.2/psoc creator/import/gnu/arm/5.4.1/bin/../lib/gcc/arm-none-eabi/5.4.1/../../../../arm-none-eabi/lib/armv7e-m/softfp\libg_nano.a(lib_a-nano-svfprintf.o)
 *(.eh_frame*)
 *fill*         0x1008e519        0x3 
 .eh_frame      0x1008e51c        0x0 c:/program files (x86)/cypress/psoc creator/4.2/psoc creator/import/gnu/arm/5.4.1/bin/../lib/gcc/arm-none-eabi/5.4.1/armv7e-m/softfp/crtbegin.o
 .eh_frame      0x1008e51c        0x4 c:/program files (x86)/cypress/psoc creator/4.2/psoc creator/import/gnu/arm/5.4.1/bin/../lib/gcc/arm-none-eabi/5.4.1/armv7e-m/softfp/crtend.o

.glue_7         0x1008e520        0x0
 .glue_7        0x1008e520        0x0 linker stubs

.glue_7t        0x1008e520        0x0
 .glue_7t       0x1008e520        0x0 linker stubs

.vfp11_veneer   0x1008e520        0x0
 .vfp11_veneer  0x1008e520        0x0 linker stubs

.v4_bx          0x1008e520        0x0
 .v4_bx         0x1008e520        0x0 linker stubs

.iplt           0x1008e520        0x0
 .iplt          0x1008e520        0x0 c:/program files (x86)/cypress/psoc creator/4.2/psoc creator/import/gnu/arm/5.4.1/bin/../lib/gcc/arm-none-eabi/5.4.1/armv7e-m/softfp/crtbegin.o

i.CyBleStackMgr_Init
                0x1008e520       0xdc
 i.CyBleStackMgr_Init
                0x1008e520       0xdc Generated_Source\PSoC6\pdl\middleware\ble\lib\cy_ble_stack_gcc_host_ipc_cm4.a(CyBleStackMgrIP_Interface.o)
                0x1008e520                CyBleStackMgr_Init

i.CyBleStackMgr_ProcessBleEvents
                0x1008e5fc       0x14
 i.CyBleStackMgr_ProcessBleEvents
                0x1008e5fc       0x14 Generated_Source\PSoC6\pdl\middleware\ble\lib\cy_ble_stack_gcc_host_ipc_cm4.a(CyBleStackMgrIP_Interface.o)
                0x1008e5fc                CyBleStackMgr_ProcessBleEvents

i.CyBleStackMgr_Shutdown
                0x1008e610       0x20
 i.CyBleStackMgr_Shutdown
                0x1008e610       0x20 Generated_Source\PSoC6\pdl\middleware\ble\lib\cy_ble_stack_gcc_host_ipc_cm4.a(CyBleStackMgrIP_Interface.o)
                0x1008e610                CyBleStackMgr_Shutdown

i.CyBle_GetHeapMemory
                0x1008e630       0x3c
 i.CyBle_GetHeapMemory
                0x1008e630       0x3c Generated_Source\PSoC6\pdl\middleware\ble\lib\cy_ble_stack_gcc_host_ipc_cm4.a(CyBleStackMgrIP_Interface.o)
                0x1008e630                CyBle_GetHeapMemory

i.CyBle_GetNumAppBufferPools
                0x1008e66c        0xc
 i.CyBle_GetNumAppBufferPools
                0x1008e66c        0xc Generated_Source\PSoC6\pdl\middleware\ble\lib\cy_ble_stack_gcc_host_ipc_cm4.a(CyBleStackMgrIP_Interface.o)
                0x1008e66c                CyBle_GetNumAppBufferPools

i.CyBle_HostStackBufferPoolInit
                0x1008e678       0xc4
 i.CyBle_HostStackBufferPoolInit
                0x1008e678       0xc4 Generated_Source\PSoC6\pdl\middleware\ble\lib\cy_ble_stack_gcc_host_ipc_cm4.a(CyBleStackMgrIP_Interface.o)

i.CyBle_SortBufers
                0x1008e73c       0x40
 i.CyBle_SortBufers
                0x1008e73c       0x40 Generated_Source\PSoC6\pdl\middleware\ble\lib\cy_ble_stack_gcc_host_ipc_cm4.a(CyBleStackMgrIP_Interface.o)
                0x1008e73c                CyBle_SortBufers

i.CyBle_StackGetConfigPtr
                0x1008e77c        0x8
 i.CyBle_StackGetConfigPtr
                0x1008e77c        0x8 Generated_Source\PSoC6\pdl\middleware\ble\lib\cy_ble_stack_gcc_host_ipc_cm4.a(CyBleStackMgrIP_Interface.o)
                0x1008e77c                CyBle_StackGetConfigPtr

i.Cy_BLE_EnableDleFeature
                0x1008e784        0x4
 i.Cy_BLE_EnableDleFeature
                0x1008e784        0x4 Generated_Source\PSoC6\pdl\middleware\ble\lib\cy_ble_stack_gcc_host_ipc_cm4.a(CyBleStackMgrIP_Interface.o)
                0x1008e784                Cy_BLE_EnableDleFeature

i.Cy_BLE_ProcessEvents
                0x1008e788        0x4
 i.Cy_BLE_ProcessEvents
                0x1008e788        0x4 Generated_Source\PSoC6\pdl\middleware\ble\lib\cy_ble_stack_gcc_host_ipc_cm4.a(CyBleStackMgrIP_Interface.o)
                0x1008e788                Cy_BLE_ProcessEvents

i.Cy_BLE_StackEnterLPM
                0x1008e78c       0x16
 i.Cy_BLE_StackEnterLPM