Archive member included to satisfy reference by file (symbol)

Generated_Source\PSoC6\pdl\middleware\ble\lib\cy_ble_stack_gcc_controller_ipc_cm0p.a(CyBleStackMgrIP_Interface.o)
                              .\CortexM0p\ARM_GCC_541\Debug\cy_ble.o (Cy_BLE_EnableDleFeature)
Generated_Source\PSoC6\pdl\middleware\ble\lib\cy_ble_stack_gcc_controller_ipc_cm0p.a(CyBleStackMgr_PSoCHal.o)
                              Generated_Source\PSoC6\pdl\middleware\ble\lib\cy_ble_stack_gcc_controller_ipc_cm0p.a(CyBleStackMgrIP_Interface.o) (bt_config)
Generated_Source\PSoC6\pdl\middleware\ble\lib\cy_ble_stack_gcc_controller_ipc_cm0p.a(CyBleStackMgr_BleSSDriver.o)
                              Generated_Source\PSoC6\pdl\middleware\ble\lib\cy_ble_stack_gcc_controller_ipc_cm0p.a(CyBleStackMgrIP_Interface.o) (CyBleStackMgr_BleSSInit)
Generated_Source\PSoC6\pdl\middleware\ble\lib\cy_ble_stack_gcc_controller_ipc_cm0p.a(CyBleStackMgr_StackTaskHandler.o)
                              Generated_Source\PSoC6\pdl\middleware\ble\lib\cy_ble_stack_gcc_controller_ipc_cm0p.a(CyBleStackMgrIP_Interface.o) (CyBle_CreateBleStackTask)
Generated_Source\PSoC6\pdl\middleware\ble\lib\cy_ble_stack_gcc_controller_ipc_cm0p.a(config_bin.o)
                              Generated_Source\PSoC6\pdl\middleware\ble\lib\cy_ble_stack_gcc_controller_ipc_cm0p.a(CyBleStackMgr_PSoCHal.o) (bt_cfg_pdata)
Generated_Source\PSoC6\pdl\middleware\ble\lib\cy_ble_stack_gcc_controller_ipc_cm0p.a(BT_timer.o)
                              Generated_Source\PSoC6\pdl\middleware\ble\lib\cy_ble_stack_gcc_controller_ipc_cm0p.a(CyBleStackMgr_StackTaskHandler.o) (BT_timer_process_signals)
Generated_Source\PSoC6\pdl\middleware\ble\lib\cy_ble_stack_gcc_controller_ipc_cm0p.a(bt_os_common.o)
                              Generated_Source\PSoC6\pdl\middleware\ble\lib\cy_ble_stack_gcc_controller_ipc_cm0p.a(CyBleStackMgr_StackTaskHandler.o) (BT_ISROSQPost)
Generated_Source\PSoC6\pdl\middleware\ble\lib\cy_ble_stack_gcc_controller_ipc_cm0p.a(CyBleStackMgrIP_Pilo.o)
                              Generated_Source\PSoC6\pdl\middleware\ble\lib\cy_ble_stack_gcc_controller_ipc_cm0p.a(CyBleStackMgrIP_Interface.o) (CyPilo_InitCalibration)
Generated_Source\PSoC6\pdl\middleware\ble\lib\cy_ble_stack_gcc_controller_ipc_cm0p.a(mint_os.o)
                              Generated_Source\PSoC6\pdl\middleware\ble\lib\cy_ble_stack_gcc_controller_ipc_cm0p.a(CyBleStackMgrIP_Interface.o) (OS_init)
Generated_Source\PSoC6\pdl\middleware\ble\lib\cy_ble_stack_gcc_controller_ipc_cm0p.a(mint_os_queue.o)
                              Generated_Source\PSoC6\pdl\middleware\ble\lib\cy_ble_stack_gcc_controller_ipc_cm0p.a(mint_os.o) (OS_TOTAL_QUEUES)
Generated_Source\PSoC6\pdl\middleware\ble\lib\cy_ble_stack_gcc_controller_ipc_cm0p.a(mint_os_task.o)
                              Generated_Source\PSoC6\pdl\middleware\ble\lib\cy_ble_stack_gcc_controller_ipc_cm0p.a(mint_os.o) (idle_func_handler)
Generated_Source\PSoC6\pdl\middleware\ble\lib\cy_ble_stack_gcc_controller_ipc_cm0p.a(mint_buf_mgmt.o)
                              Generated_Source\PSoC6\pdl\middleware\ble\lib\cy_ble_stack_gcc_controller_ipc_cm0p.a(CyBleStackMgrIP_Interface.o) (mint_buf_mgmt_init)
Generated_Source\PSoC6\pdl\middleware\ble\lib\cy_ble_stack_gcc_controller_ipc_cm0p.a(transport_ipc.o)
                              Generated_Source\PSoC6\pdl\middleware\ble\lib\cy_ble_stack_gcc_controller_ipc_cm0p.a(CyBleStackMgr_PSoCHal.o) (CyBleController_HciIpcInit)
Generated_Source\PSoC6\pdl\middleware\ble\lib\cy_ble_stack_gcc_controller_ipc_cm0p.a(CyBleStackMgr_PSoCIPCHal.o)
                              Generated_Source\PSoC6\pdl\middleware\ble\lib\cy_ble_stack_gcc_controller_ipc_cm0p.a(CyBleStackMgrIP_Interface.o) (CyBleController_IPC_HAL_InitWithStaticMem)
Generated_Source\PSoC6\pdl\middleware\ble\lib\cy_ble_stack_gcc_controller_ipc_cm0p.a(CyBleControllerIP_Interface.o)
                              Generated_Source\PSoC6\pdl\middleware\ble\lib\cy_ble_stack_gcc_controller_ipc_cm0p.a(CyBleStackMgrIP_Interface.o) (CyBle_ControllerEnableDleFeature)
Generated_Source\PSoC6\pdl\middleware\ble\lib\cy_ble_stack_gcc_controller_ipc_cm0p.a(ll.o)
                              Generated_Source\PSoC6\pdl\middleware\ble\lib\cy_ble_stack_gcc_controller_ipc_cm0p.a(CyBleControllerIP_Interface.o) (ll_self_device_data)
Generated_Source\PSoC6\pdl\middleware\ble\lib\cy_ble_stack_gcc_controller_ipc_cm0p.a(ll_advertiser.o)
                              Generated_Source\PSoC6\pdl\middleware\ble\lib\cy_ble_stack_gcc_controller_ipc_cm0p.a(ll.o) (ll_adv_is_configured_connection_adv)
Generated_Source\PSoC6\pdl\middleware\ble\lib\cy_ble_stack_gcc_controller_ipc_cm0p.a(ll_connection.o)
                              Generated_Source\PSoC6\pdl\middleware\ble\lib\cy_ble_stack_gcc_controller_ipc_cm0p.a(ll.o) (bleSlDsmFix)
Generated_Source\PSoC6\pdl\middleware\ble\lib\cy_ble_stack_gcc_controller_ipc_cm0p.a(llh_api.o)
[...]
Memory Configuration

Name             Origin             Length             Attributes
ram              0x08000000         0x00024000         xrw
flash            0x10000000         0x00080000         xr
em_eeprom        0x14000000         0x00008000         xr
sflash_user_data 0x16000800         0x00000800         xr
sflash_nar       0x16001a00         0x00000200         xr
sflash_public_key 0x16005a00         0x00000c00         xr
sflash_toc_2     0x16007c00         0x00000200         xr
sflash_rtoc_2    0x16007e00         0x00000200         xr
xip              0x18000000         0x08000000         xr
efuse            0x90700000         0x00100000         r
*default*        0x00000000         0xffffffff

Linker script and memory map

LOAD c:/program files (x86)/cypress/psoc creator/4.2/psoc creator/import/gnu/arm/5.4.1/bin/../lib/gcc/arm-none-eabi/5.4.1/armv6-m/crti.o
LOAD c:/program files (x86)/cypress/psoc creator/4.2/psoc creator/import/gnu/arm/5.4.1/bin/../lib/gcc/arm-none-eabi/5.4.1/armv6-m/crtbegin.o
LOAD c:/program files (x86)/cypress/psoc creator/4.2/psoc creator/import/gnu/arm/5.4.1/bin/../lib/gcc/arm-none-eabi/5.4.1/../../../../arm-none-eabi/lib/armv6-m/crt0.o
START GROUP
LOAD Generated_Source\PSoC6\pdl\middleware\ble\lib\cy_ble_stack_gcc_radio_max_cm0p.a
LOAD Generated_Source\PSoC6\pdl\middleware\ble\lib\cy_ble_stack_gcc_controller_ipc_cm0p.a
LOAD .\CortexM0p\ARM_GCC_541\Debug\cy_ipc_config.o
LOAD .\CortexM0p\ARM_GCC_541\Debug\stdio_user.o
LOAD .\CortexM0p\ARM_GCC_541\Debug\startup_psoc63_cm0plus.o
LOAD .\CortexM0p\ARM_GCC_541\Debug\main_cm0p.o
LOAD .\CortexM0p\ARM_GCC_541\Debug\system_psoc63_cm0plus.o
LOAD .\CortexM0p\ARM_GCC_541\Debug\cyfitter_sysint_cfg.o
LOAD .\CortexM0p\ARM_GCC_541\Debug\cyfitter_cfg.o
LOAD .\CortexM0p\ARM_GCC_541\Debug\cymetadata.o
LOAD .\CortexM0p\ARM_GCC_541\Debug\DEBUG_UART.o
LOAD .\CortexM0p\ARM_GCC_541\Debug\BLE.o
LOAD .\CortexM0p\ARM_GCC_541\Debug\BLE_config.o
LOAD .\CortexM0p\ARM_GCC_541\Debug\BLE_cts_config.o
LOAD .\CortexM0p\ARM_GCC_541\Debug\RTC.o
LOAD .\CortexM0p\ARM_GCC_541\Debug\CY_EINK_SPIM.o
LOAD .\CortexM0p\ARM_GCC_541\Debug\ADC.o
LOAD .\CortexM0p\ARM_GCC_541\Debug\ADC_INT.o
LOAD .\CortexM0p\ARM_GCC_541\Debug\ADC_INIT.o
LOAD .\CortexM0p\ARM_GCC_541\Debug\ADC_PM.o
LOAD .\CortexM0p\ARM_GCC_541\Debug\cy_sysint.o
LOAD .\CortexM0p\ARM_GCC_541\Debug\cy_ipc_drv.o
LOAD .\CortexM0p\ARM_GCC_541\Debug\cy_ipc_sema.o
LOAD .\CortexM0p\ARM_GCC_541\Debug\cy_ipc_pipe.o
LOAD .\CortexM0p\ARM_GCC_541\Debug\cy_sysclk.o
LOAD .\CortexM0p\ARM_GCC_541\Debug\cy_wdt.o
LOAD .\CortexM0p\ARM_GCC_541\Debug\cy_rtc.o
LOAD .\CortexM0p\ARM_GCC_541\Debug\cy_scb_common.o
LOAD .\CortexM0p\ARM_GCC_541\Debug\cy_scb_i2c.o
LOAD .\CortexM0p\ARM_GCC_541\Debug\cy_scb_ezi2c.o
LOAD .\CortexM0p\ARM_GCC_541\Debug\cy_scb_spi.o
LOAD .\CortexM0p\ARM_GCC_541\Debug\cy_scb_uart.o
LOAD .\CortexM0p\ARM_GCC_541\Debug\cy_efuse.o
LOAD .\CortexM0p\ARM_GCC_541\Debug\cy_flash.o
LOAD .\CortexM0p\ARM_GCC_541\Debug\cy_gpio.o
LOAD .\CortexM0p\ARM_GCC_541\Debug\cy_sar.o
LOAD .\CortexM0p\ARM_GCC_541\Debug\cy_sysanalog.o
LOAD .\CortexM0p\ARM_GCC_541\Debug\cy_syspm.o
LOAD .\CortexM0p\ARM_GCC_541\Debug\cy_syslib.o
LOAD .\CortexM0p\ARM_GCC_541\Debug\cy_syslib_gcc.o
LOAD .\CortexM0p\ARM_GCC_541\Debug\cy_trigmux.o
LOAD .\CortexM0p\ARM_GCC_541\Debug\cy_systick.o
LOAD .\CortexM0p\ARM_GCC_541\Debug\cy_profile.o
LOAD .\CortexM0p\ARM_GCC_541\Debug\cy_prot.o
LOAD .\CortexM0p\ARM_GCC_541\Debug\cy_lvd.o
LOAD .\CortexM0p\ARM_GCC_541\Debug\cy_ble.o
LOAD .\CortexM0p\ARM_GCC_541\Debug\cy_ble_hal_int.o
LOAD .\CortexM0p\ARM_GCC_541\Debug\cy_ble_hal_pvt.o
LOAD .\CortexM0p\ARM_GCC_541\Debug\cy_ble_gap.o
LOAD .\CortexM0p\ARM_GCC_541\Debug\cy_ble_gatt.o
LOAD .\CortexM0p\ARM_GCC_541\Debug\cy_ble_event_handler.o
LOAD .\CortexM0p\ARM_GCC_541\Debug\cy_ble_ancs.o
LOAD .\CortexM0p\ARM_GCC_541\Debug\cy_ble_ans.o
LOAD .\CortexM0p\ARM_GCC_541\Debug\cy_ble_aios.o
LOAD .\CortexM0p\ARM_GCC_541\Debug\cy_ble_bas.o
LOAD .\CortexM0p\ARM_GCC_541\Debug\cy_ble_bcs.o
LOAD .\CortexM0p\ARM_GCC_541\Debug\cy_ble_bls.o
LOAD .\CortexM0p\ARM_GCC_541\Debug\cy_ble_bms.o
LOAD .\CortexM0p\ARM_GCC_541\Debug\cy_ble_bts.o
LOAD .\CortexM0p\ARM_GCC_541\Debug\cy_ble_cgms.o
LOAD .\CortexM0p\ARM_GCC_541\Debug\cy_ble_cps.o
LOAD .\CortexM0p\ARM_GCC_541\Debug\cy_ble_cscs.o
LOAD .\CortexM0p\ARM_GCC_541\Debug\cy_ble_cts.o
LOAD .\CortexM0p\ARM_GCC_541\Debug\cy_ble_custom.o
LOAD .\CortexM0p\ARM_GCC_541\Debug\cy_ble_dis.o
LOAD .\CortexM0p\ARM_GCC_541\Debug\cy_ble_ess.o
LOAD .\CortexM0p\ARM_GCC_541\Debug\cy_ble_gls.o
LOAD .\CortexM0p\ARM_GCC_541\Debug\cy_ble_hids.o
LOAD .\CortexM0p\ARM_GCC_541\Debug\cy_ble_hps.o
LOAD .\CortexM0p\ARM_GCC_541\Debug\cy_ble_hrs.o
LOAD .\CortexM0p\ARM_GCC_541\Debug\cy_ble_hts.o
LOAD .\CortexM0p\ARM_GCC_541\Debug\cy_ble_ias.o
LOAD .\CortexM0p\ARM_GCC_541\Debug\cy_ble_ips.o
LOAD .\CortexM0p\ARM_GCC_541\Debug\cy_ble_lls.o
LOAD .\CortexM0p\ARM_GCC_541\Debug\cy_ble_lns.o
LOAD .\CortexM0p\ARM_GCC_541\Debug\cy_ble_ndcs.o
LOAD .\CortexM0p\ARM_GCC_541\Debug\cy_ble_plxs.o
LOAD .\CortexM0p\ARM_GCC_541\Debug\cy_ble_pass.o
LOAD .\CortexM0p\ARM_GCC_541\Debug\cy_ble_rscs.o
LOAD .\CortexM0p\ARM_GCC_541\Debug\cy_ble_rtus.o
LOAD .\CortexM0p\ARM_GCC_541\Debug\cy_ble_scps.o
LOAD .\CortexM0p\ARM_GCC_541\Debug\cy_ble_tps.o
LOAD .\CortexM0p\ARM_GCC_541\Debug\cy_ble_uds.o
LOAD .\CortexM0p\ARM_GCC_541\Debug\cy_ble_wpts.o
LOAD .\CortexM0p\ARM_GCC_541\Debug\cy_ble_wss.o
LOAD .\CortexM0p\ARM_GCC_541\Debug\cy_ble_clk.o
LOAD .\CortexM0p\ARM_GCC_541\Debug\retarget.o
END GROUP
START GROUP
LOAD c:/program files (x86)/cypress/psoc creator/4.2/psoc creator/import/gnu/arm/5.4.1/bin/../lib/gcc/arm-none-eabi/5.4.1/armv6-m\libgcc.a
LOAD c:/program files (x86)/cypress/psoc creator/4.2/psoc creator/import/gnu/arm/5.4.1/bin/../lib/gcc/arm-none-eabi/5.4.1/../../../../arm-none-eabi/lib/armv6-m\libg_nano.a
LOAD c:/program files (x86)/cypress/psoc creator/4.2/psoc creator/import/gnu/arm/5.4.1/bin/../lib/gcc/arm-none-eabi/5.4.1/../../../../arm-none-eabi/lib/armv6-m\libc_nano.a
END GROUP
START GROUP
LOAD c:/program files (x86)/cypress/psoc creator/4.2/psoc creator/import/gnu/arm/5.4.1/bin/../lib/gcc/arm-none-eabi/5.4.1/armv6-m\libgcc.a
LOAD c:/program files (x86)/cypress/psoc creator/4.2/psoc creator/import/gnu/arm/5.4.1/bin/../lib/gcc/arm-none-eabi/5.4.1/../../../../arm-none-eabi/lib/armv6-m\libc_nano.a
END GROUP
LOAD c:/program files (x86)/cypress/psoc creator/4.2/psoc creator/import/gnu/arm/5.4.1/bin/../lib/gcc/arm-none-eabi/5.4.1/armv6-m/crtend.o
LOAD c:/program files (x86)/cypress/psoc creator/4.2/psoc creator/import/gnu/arm/5.4.1/bin/../lib/gcc/arm-none-eabi/5.4.1/armv6-m/crtn.o
START GROUP
LOAD c:/program files (x86)/cypress/psoc creator/4.2/psoc creator/import/gnu/arm/5.4.1/bin/../lib/gcc/arm-none-eabi/5.4.1/armv6-m\libgcc.a
LOAD c:/program files (x86)/cypress/psoc creator/4.2/psoc creator/import/gnu/arm/5.4.1/bin/../lib/gcc/arm-none-eabi/5.4.1/../../../../arm-none-eabi/lib/armv6-m\libc.a
LOAD c:/program files (x86)/cypress/psoc creator/4.2/psoc creator/import/gnu/arm/5.4.1/bin/../lib/gcc/arm-none-eabi/5.4.1/../../../../arm-none-eabi/lib/armv6-m\libnosys.a
END GROUP
START GROUP
LOAD c:/program files (x86)/cypress/psoc creator/4.2/psoc creator/import/gnu/arm/5.4.1/bin/../lib/gcc/arm-none-eabi/5.4.1/armv6-m\libgcc.a
LOAD c:/program files (x86)/cypress/psoc creator/4.2/psoc creator/import/gnu/arm/5.4.1/bin/../lib/gcc/arm-none-eabi/5.4.1/../../../../arm-none-eabi/lib/armv6-m\libc.a
LOAD c:/program files (x86)/cypress/psoc creator/4.2/psoc creator/import/gnu/arm/5.4.1/bin/../lib/gcc/arm-none-eabi/5.4.1/../../../../arm-none-eabi/lib/armv6-m\libm.a
LOAD c:/program files (x86)/cypress/psoc creator/4.2/psoc creator/import/gnu/arm/5.4.1/bin/../lib/gcc/arm-none-eabi/5.4.1/../../../../arm-none-eabi/lib/armv6-m\libnosys.a
END GROUP

.cy_app_header
 *(.cy_app_header)

.text           0x10000000     0x5fe8
                0x10000000                . = ALIGN (0x4)
                0x10000000                __Vectors = .
 *(.vectors)
 .vectors       0x10000000       0xc0 .\CortexM0p\ARM_GCC_541\Debug\startup_psoc63_cm0plus.o
                0x100000c0                . = ALIGN (0x4)
                0x100000c0                __Vectors_End = .
                0x000000c0                __Vectors_Size = (__Vectors_End - __Vectors)
                0x100000c0                __end__ = .
                0x100000c0                . = ALIGN (0x4)
 *(.text*)
 .text          0x100000c0       0x60 c:/program files (x86)/cypress/psoc creator/4.2/psoc creator/import/gnu/arm/5.4.1/bin/../lib/gcc/arm-none-eabi/5.4.1/armv6-m/crtbegin.o
 .text.Cy_IPC_SystemPipeIsr
                0x10000120        0xc .\CortexM0p\ARM_GCC_541\Debug\cy_ipc_config.o
 .text.Cy_IPC_SystemSemaInit
                0x1000012c       0x14 .\CortexM0p\ARM_GCC_541\Debug\cy_ipc_config.o
                0x1000012c                Cy_IPC_SystemSemaInit
 .text.Cy_IPC_SystemPipeInit
                0x10000140       0x28 .\CortexM0p\ARM_GCC_541\Debug\cy_ipc_config.o
                0x10000140                Cy_IPC_SystemPipeInit
 .text          0x10000168       0x90 .\CortexM0p\ARM_GCC_541\Debug\startup_psoc63_cm0plus.o
                0x10000168                Cy_OnResetUser
                0x1000016a                Cy_SaveIRQ
                0x10000172                Cy_RestoreIRQ
                0x10000178                Reset_Handler
                0x100001d8                SysTick_Handler
                0x100001d8                PendSV_Handler
                0x100001d8                NMI_Handler
                0x100001d8                NvicMux19_IRQHandler
                0x100001d8                NvicMux8_IRQHandler
                0x100001d8                NvicMux27_IRQHandler
                0x100001d8                NvicMux26_IRQHandler
                0x100001d8                NvicMux17_IRQHandler
                0x100001d8                NvicMux0_IRQHandler
                0x100001d8                NvicMux25_IRQHandler
                0x100001d8                NvicMux13_IRQHandler
                0x100001d8                NvicMux11_IRQHandler
                0x100001d8                NvicMux9_IRQHandler
                0x100001d8                NvicMux18_IRQHandler
                0x100001d8                NvicMux6_IRQHandler
                0x100001d8                NvicMux10_IRQHandler
                0x100001d8                NvicMux7_IRQHandler
                0x100001d8                NvicMux2_IRQHandler
                0x100001d8                NvicMux4_IRQHandler
                0x100001d8                Default_Handler
                0x100001d8                NvicMux30_IRQHandler
                0x100001d8                NvicMux12_IRQHandler
                0x100001d8                NvicMux5_IRQHandler
                0x100001d8                NvicMux14_IRQHandler
                0x100001d8                NvicMux3_IRQHandler
                0x100001d8                SVC_Handler
                0x100001d8                NvicMux1_IRQHandler
                0x100001d8                NvicMux16_IRQHandler
                0x100001d8                NvicMux29_IRQHandler
                0x100001d8                NvicMux31_IRQHandler
                0x100001d8                NvicMux21_IRQHandler
                0x100001d8                NvicMux24_IRQHandler
                0x100001d8                NvicMux20_IRQHandler
                0x100001d8                NvicMux22_IRQHandler
                0x100001d8                NvicMux15_IRQHandler
                0x100001d8                NvicMux28_IRQHandler
                0x100001d8                NvicMux23_IRQHandler
                0x100001dc                HardFault_Handler
 .text.main     0x100001f8       0x34 .\CortexM0p\ARM_GCC_541\Debug\main_cm0p.o
                0x100001f8                main
 .text.SystemCoreClockUpdate
                0x1000022c      0x1b0 .\CortexM0p\ARM_GCC_541\Debug\system_psoc63_cm0plus.o
                0x1000022c                SystemCoreClockUpdate
 .text.SystemInit
                0x100003dc       0xa4 .\CortexM0p\ARM_GCC_541\Debug\system_psoc63_cm0plus.o
                0x100003dc                SystemInit
 .text.Cy_SysGetCM4Status
                0x10000480       0x10 .\CortexM0p\ARM_GCC_541\Debug\system_psoc63_cm0plus.o
                0x10000480                Cy_SysGetCM4Status
 .text.Cy_SysResetCM4
                0x10000490       0x34 .\CortexM0p\ARM_GCC_541\Debug\system_psoc63_cm0plus.o
                0x10000490                Cy_SysResetCM4
 .text.Cy_SysEnableCM4
                0x100004c4       0x4c .\CortexM0p\ARM_GCC_541\Debug\system_psoc63_cm0plus.o
                0x100004c4                Cy_SysEnableCM4
 .text.CyClockStartupError
                0x10000510        0x4 .\CortexM0p\ARM_GCC_541\Debug\cyfitter_cfg.o
 .text.AnalogSetDefault
                0x10000514       0x34 .\CortexM0p\ARM_GCC_541\Debug\cyfitter_cfg.o
 .text.ClockInit
                0x10000548      0x218 .\CortexM0p\ARM_GCC_541\Debug\cyfitter_cfg.o
 .text.Cy_SystemInit
                0x10000760      0x178 .\CortexM0p\ARM_GCC_541\Debug\cyfitter_cfg.o
                0x10000760                Cy_SystemInit
 .text.Cy_BLE_Start
                0x100008d8       0x20 .\CortexM0p\ARM_GCC_541\Debug\BLE.o
                0x100008d8                Cy_BLE_Start
 .text.Cy_SysInt_SetIntSource
                0x100008f8       0x88 .\CortexM0p\ARM_GCC_541\Debug\cy_sysint.o
                0x100008f8                Cy_SysInt_SetIntSource
 .text.Cy_SysInt_GetIntSource
                0x10000980       0x78 .\CortexM0p\ARM_GCC_541\Debug\cy_sysint.o
                0x10000980                Cy_SysInt_GetIntSource
 .text.Cy_SysInt_SetVector
                0x100009f8       0x44 .\CortexM0p\ARM_GCC_541\Debug\cy_sysint.o
                0x100009f8                Cy_SysInt_SetVector
 .text.Cy_SysInt_Init
                0x10000a3c       0xcc .\CortexM0p\ARM_GCC_541\Debug\cy_sysint.o
                0x10000a3c                Cy_SysInt_Init
 .text.Cy_IPC_Drv_LockRelease
                0x10000b08       0x34 .\CortexM0p\ARM_GCC_541\Debug\cy_ipc_drv.o
                0x10000b08                Cy_IPC_Drv_LockRelease
 .text.Cy_IPC_Drv_SendMsgWord
                0x10000b3c       0x40 .\CortexM0p\ARM_GCC_541\Debug\cy_ipc_drv.o
                0x10000b3c                Cy_IPC_Drv_SendMsgWord
 .text.Cy_IPC_Drv_ReadMsgWord
                0x10000b7c       0x2c .\CortexM0p\ARM_GCC_541\Debug\cy_ipc_drv.o
                0x10000b7c                Cy_IPC_Drv_ReadMsgWord
 .text.Cy_IPC_Sema_Init
                0x10000ba8       0xb8 .\CortexM0p\ARM_GCC_541\Debug\cy_ipc_sema.o
                0x10000ba8                Cy_IPC_Sema_Init
 .text.Cy_IPC_Sema_Set
                0x10000c60       0x8c .\CortexM0p\ARM_GCC_541\Debug\cy_ipc_sema.o
                0x10000c60                Cy_IPC_Sema_Set
 .text.Cy_IPC_Sema_Clear
                0x10000cec       0x8c .\CortexM0p\ARM_GCC_541\Debug\cy_ipc_sema.o
                0x10000cec                Cy_IPC_Sema_Clear
 .text.Cy_IPC_Sema_Status
                0x10000d78       0x3c .\CortexM0p\ARM_GCC_541\Debug\cy_ipc_sema.o
                0x10000d78                Cy_IPC_Sema_Status
 .text.Cy_IPC_Pipe_Config
                0x10000db4       0x14 .\CortexM0p\ARM_GCC_541\Debug\cy_ipc_pipe.o
                0x10000db4                Cy_IPC_Pipe_Config
 .text.Cy_IPC_Pipe_EndpointInit
                0x10000dc8       0xd0 .\CortexM0p\ARM_GCC_541\Debug\cy_ipc_pipe.o
                0x10000dc8                Cy_IPC_Pipe_EndpointInit
 .text.Cy_IPC_Pipe_Init
                0x10000e98       0xcc .\CortexM0p\ARM_GCC_541\Debug\cy_ipc_pipe.o
                0x10000e98                Cy_IPC_Pipe_Init
 .text.Cy_IPC_Pipe_SendMessage
                0x10000f64       0xd0 .\CortexM0p\ARM_GCC_541\Debug\cy_ipc_pipe.o
                0x10000f64                Cy_IPC_Pipe_SendMessage
 .text.Cy_IPC_Pipe_RegisterCallback
                0x10001034       0x64 .\CortexM0p\ARM_GCC_541\Debug\cy_ipc_pipe.o
                0x10001034                Cy_IPC_Pipe_RegisterCallback
 .text.Cy_IPC_Pipe_RegisterCallbackRel
                0x10001098       0x3c .\CortexM0p\ARM_GCC_541\Debug\cy_ipc_pipe.o
                0x10001098                Cy_IPC_Pipe_RegisterCallbackRel
 .text.Cy_IPC_Pipe_ExecCallback
                0x100010d4       0xc4 .\CortexM0p\ARM_GCC_541\Debug\cy_ipc_pipe.o
                0x100010d4                Cy_IPC_Pipe_ExecCallback
 .text.Cy_IPC_Pipe_ExecuteCallback
                0x10001198       0x3c .\CortexM0p\ARM_GCC_541\Debug\cy_ipc_pipe.o
                0x10001198                Cy_IPC_Pipe_ExecuteCallback
 .text.Cy_IPC_Pipe_EndpointPause
                0x100011d4       0x60 .\CortexM0p\ARM_GCC_541\Debug\cy_ipc_pipe.o
                0x100011d4                Cy_IPC_Pipe_EndpointPause
 .text.Cy_IPC_Pipe_EndpointResume
                0x10001234       0x58 .\CortexM0p\ARM_GCC_541\Debug\cy_ipc_pipe.o
                0x10001234                Cy_IPC_Pipe_EndpointResume
 .text.Cy_SysClk_ClkPathSetSource
                0x1000128c       0x50 .\CortexM0p\ARM_GCC_541\Debug\cy_sysclk.o
                0x1000128c                Cy_SysClk_ClkPathSetSource
 .text.Cy_SysClk_ClkPathGetSource
                0x100012dc       0x40 .\CortexM0p\ARM_GCC_541\Debug\cy_sysclk.o
                0x100012dc                Cy_SysClk_ClkPathGetSource
 .text.Cy_SysClk_FllManualConfigure
                0x1000131c      0x170 .\CortexM0p\ARM_GCC_541\Debug\cy_sysclk.o
                0x1000131c                Cy_SysClk_FllManualConfigure
 .text.Cy_SysClk_FllEnable
                0x1000148c       0xcc .\CortexM0p\ARM_GCC_541\Debug\cy_sysclk.o
                0x1000148c                Cy_SysClk_FllEnable
 .text.Cy_SysClk_StartClkMeasurementCounters
                0x10001558      0x1b8 .\CortexM0p\ARM_GCC_541\Debug\cy_sysclk.o
                0x10001558                Cy_SysClk_StartClkMeasurementCounters
 .text.Cy_SysClk_ClkMeasurementCountersGetFreq
                0x10001710       0xdc .\CortexM0p\ARM_GCC_541\Debug\cy_sysclk.o
                0x10001710                Cy_SysClk_ClkMeasurementCountersGetFreq
 .text.Cy_Flash_GetRowNum
                0x100017ec       0x4c .\CortexM0p\ARM_GCC_541\Debug\cy_flash.o
 .text.Cy_Flash_BoundsCheck
                0x10001838       0x1c .\CortexM0p\ARM_GCC_541\Debug\cy_flash.o
 .text.Cy_Flash_ProcessOpcode
                0x10001854       0xbc .\CortexM0p\ARM_GCC_541\Debug\cy_flash.o
 .text.Cy_Flash_OperationStatus
                0x10001910       0x4c .\CortexM0p\ARM_GCC_541\Debug\cy_flash.o
 .text.Cy_Flash_Init
                0x1000195c       0x14 .\CortexM0p\ARM_GCC_541\Debug\cy_flash.o
                0x1000195c                Cy_Flash_Init
 .text.Cy_Flash_WriteRow
                0x10001970       0x84 .\CortexM0p\ARM_GCC_541\Debug\cy_flash.o
                0x10001970                Cy_Flash_WriteRow
 .text.Cy_Flash_IsOperationComplete
                0x100019f4        0x8 .\CortexM0p\ARM_GCC_541\Debug\cy_flash.o
                0x100019f4                Cy_Flash_IsOperationComplete
 .text.Cy_Flash_StartErase
                0x100019fc       0x80 .\CortexM0p\ARM_GCC_541\Debug\cy_flash.o
                0x100019fc                Cy_Flash_StartErase
 .text.Cy_Flash_StartProgram
                0x10001a7c       0x88 .\CortexM0p\ARM_GCC_541\Debug\cy_flash.o
                0x10001a7c                Cy_Flash_StartProgram
 .text.Cy_GPIO_Pin_Init
                0x10001b04      0x2d4 .\CortexM0p\ARM_GCC_541\Debug\cy_gpio.o
                0x10001b04                Cy_GPIO_Pin_Init
 .text.Cy_GPIO_Port_Init
                0x10001dd8       0xb4 .\CortexM0p\ARM_GCC_541\Debug\cy_gpio.o
                0x10001dd8                Cy_GPIO_Port_Init
 .text.SaveRegisters
                0x10001e8c       0x54 .\CortexM0p\ARM_GCC_541\Debug\cy_syspm.o
 .text.RestoreRegisters
                0x10001ee0       0x54 .\CortexM0p\ARM_GCC_541\Debug\cy_syspm.o
 .text.SetReadMarginTrimUlp
                0x10001f34       0x28 .\CortexM0p\ARM_GCC_541\Debug\cy_syspm.o
 .text.SetReadMarginTrimLp
                0x10001f5c       0x28 .\CortexM0p\ARM_GCC_541\Debug\cy_syspm.o
 .text.SetWriteAssistTrimUlp
                0x10001f84       0x20 .\CortexM0p\ARM_GCC_541\Debug\cy_syspm.o
 .text.SetWriteAssistTrimLp
                0x10001fa4       0x20 .\CortexM0p\ARM_GCC_541\Debug\cy_syspm.o
 .text.IsVoltageChangePossible
                0x10001fc4       0x34 .\CortexM0p\ARM_GCC_541\Debug\cy_syspm.o
 .text.WriteVoltageBitForFlash
                0x10001ff8       0x78 .\CortexM0p\ARM_GCC_541\Debug\cy_syspm.o
 .text.Cy_SysPm_BuckSetVoltage1
                0x10002070       0xac .\CortexM0p\ARM_GCC_541\Debug\cy_syspm.o
                0x10002070                Cy_SysPm_BuckSetVoltage1
 .text.Cy_SysPm_BuckIsOutputEnabled
                0x1000211c       0x4c .\CortexM0p\ARM_GCC_541\Debug\cy_syspm.o
                0x1000211c                Cy_SysPm_BuckIsOutputEnabled
 .text.Cy_SysPm_BuckSetVoltage2
                0x10002168       0x4c .\CortexM0p\ARM_GCC_541\Debug\cy_syspm.o
                0x10002168                Cy_SysPm_BuckSetVoltage2
 .text.Cy_SysPm_LdoSetVoltage
                0x100021b4       0xc8 .\CortexM0p\ARM_GCC_541\Debug\cy_syspm.o
                0x100021b4                Cy_SysPm_LdoSetVoltage
 .text.Cy_SysPm_RegisterCallback
                0x1000227c       0x7c .\CortexM0p\ARM_GCC_541\Debug\cy_syspm.o
                0x1000227c                Cy_SysPm_RegisterCallback
 .text.Cy_SysPm_ExecuteCallback
                0x100022f8       0xc8 .\CortexM0p\ARM_GCC_541\Debug\cy_syspm.o
                0x100022f8                Cy_SysPm_ExecuteCallback
 .text.Cy_SysPm_Sleep
                0x100023c0       0x8c .\CortexM0p\ARM_GCC_541\Debug\cy_syspm.o
                0x100023c0                Cy_SysPm_Sleep
 .text.Cy_SysPm_DeepSleep
                0x1000244c      0x110 .\CortexM0p\ARM_GCC_541\Debug\cy_syspm.o
                0x1000244c                Cy_SysPm_DeepSleep
 .text.Cy_SysPm_IoUnfreeze
                0x1000255c       0x2c .\CortexM0p\ARM_GCC_541\Debug\cy_syspm.o
                0x1000255c                Cy_SysPm_IoUnfreeze
 .text.Cy_SysLib_DelayUs
                0x10002588       0x14 .\CortexM0p\ARM_GCC_541\Debug\cy_syslib.o
                0x10002588                Cy_SysLib_DelayUs
 .text.Cy_SysLib_Halt
                0x1000259c        0x4 .\CortexM0p\ARM_GCC_541\Debug\cy_syslib.o
                0x1000259c                Cy_SysLib_Halt
 .text.Cy_SysLib_AssertFailed
                0x100025a0       0x1c .\CortexM0p\ARM_GCC_541\Debug\cy_syslib.o
                0x100025a0                Cy_SysLib_AssertFailed
 .text.Cy_SysLib_ClearFlashCacheAndBuffer
                0x100025bc        0xc .\CortexM0p\ARM_GCC_541\Debug\cy_syslib.o
                0x100025bc                Cy_SysLib_ClearFlashCacheAndBuffer
 .text.Cy_SysLib_ProcessingFault
                0x100025c8        0x4 .\CortexM0p\ARM_GCC_541\Debug\cy_syslib.o
                0x100025c8                Cy_SysLib_ProcessingFault
 .text.Cy_SysLib_FaultHandler
                0x100025cc       0x30 .\CortexM0p\ARM_GCC_541\Debug\cy_syslib.o
                0x100025cc                Cy_SysLib_FaultHandler
 .text.Cy_SysLib_SetWaitStates
                0x100025fc       0x90 .\CortexM0p\ARM_GCC_541\Debug\cy_syslib.o
                0x100025fc                Cy_SysLib_SetWaitStates
 *fill*         0x1000268c        0x4 
 .text          0x10002690       0x20 .\CortexM0p\ARM_GCC_541\Debug\cy_syslib_gcc.o
                0x10002690                Cy_SysLib_DelayCycles
                0x100026a2                Cy_SysLib_EnterCriticalSection
                0x100026aa                Cy_SysLib_ExitCriticalSection
 .text.Cy_SysTick_SetClockSource
                0x100026b0       0x34 .\CortexM0p\ARM_GCC_541\Debug\cy_systick.o
                0x100026b0                Cy_SysTick_SetClockSource
 .text.Cy_Prot_GetActivePC
                0x100026e4       0x28 .\CortexM0p\ARM_GCC_541\Debug\cy_prot.o
                0x100026e4                Cy_Prot_GetActivePC
 .text.Cy_BLE_DeepSleepCallback
                0x1000270c       0xb4 .\CortexM0p\ARM_GCC_541\Debug\cy_ble.o
                0x1000270c                Cy_BLE_DeepSleepCallback
 .text.Cy_BLE_Init
                0x100027c0       0x20 .\CortexM0p\ARM_GCC_541\Debug\cy_ble.o
                0x100027c0                Cy_BLE_Init
 .text.Cy_BLE_Enable
                0x100027e0       0x68 .\CortexM0p\ARM_GCC_541\Debug\cy_ble.o
                0x100027e0                Cy_BLE_Enable
 .text.Cy_BLE_ConfigureExtPA
                0x10002848       0x10 .\CortexM0p\ARM_GCC_541\Debug\cy_ble.o
                0x10002848                Cy_BLE_ConfigureExtPA
 .text.Cy_BLE_BlessInterrupt
                0x10002858        0x8 .\CortexM0p\ARM_GCC_541\Debug\cy_ble_hal_int.o
                0x10002858                Cy_BLE_BlessInterrupt
 .text.Cy_BLE_IPC_CtrlMsgFlushRecvCallBack
                0x10002860       0x10 .\CortexM0p\ARM_GCC_541\Debug\cy_ble_hal_pvt.o
 .text.Cy_BLE_HAL_RadioCalibrationRead
                0x10002870       0x2c .\CortexM0p\ARM_GCC_541\Debug\cy_ble_hal_pvt.o
                0x10002870                Cy_BLE_HAL_RadioCalibrationRead
 .text.Cy_BLE_HAL_NvramWrite
                0x1000289c      0x324 .\CortexM0p\ARM_GCC_541\Debug\cy_ble_hal_pvt.o
                0x1000289c                Cy_BLE_HAL_NvramWrite
 .text.Cy_BLE_HAL_RadioCalibrationWrite
                0x10002bc0       0x2c .\CortexM0p\ARM_GCC_541\Debug\cy_ble_hal_pvt.o
                0x10002bc0                Cy_BLE_HAL_RadioCalibrationWrite
 .text.Cy_BLE_HAL_GetIcPackageType
                0x10002bec        0x4 .\CortexM0p\ARM_GCC_541\Debug\cy_ble_hal_pvt.o
                0x10002bec                Cy_BLE_HAL_GetIcPackageType
 .text.Cy_BLE_HAL_GetSiliconId
                0x10002bf0        0xc .\CortexM0p\ARM_GCC_541\Debug\cy_ble_hal_pvt.o
                0x10002bf0                Cy_BLE_HAL_GetSiliconId
 .text.Cy_BLE_HAL_IsDefinedTx5dbm
                0x10002bfc        0x4 .\CortexM0p\ARM_GCC_541\Debug\cy_ble_hal_pvt.o
                0x10002bfc                Cy_BLE_HAL_IsDefinedTx5dbm
 .text.Cy_BLE_HAL_DelayUs
                0x10002c00        0x8 .\CortexM0p\ARM_GCC_541\Debug\cy_ble_hal_pvt.o
                0x10002c00                Cy_BLE_HAL_DelayUs
 .text.Cy_BLE_HAL_LfClkGetSource
                0x10002c08       0x14 .\CortexM0p\ARM_GCC_541\Debug\cy_ble_hal_pvt.o
                0x10002c08                Cy_BLE_HAL_LfClkGetSource
 .text.Cy_BLE_HAL_ClkMeasurementCountersDone
                0x10002c1c       0x14 .\CortexM0p\ARM_GCC_541\Debug\cy_ble_hal_pvt.o
                0x10002c1c                Cy_BLE_HAL_ClkMeasurementCountersDone
 .text.Cy_BLE_HAL_ClkMeasurementCountersGetFreq
                0x10002c30        0x8 .\CortexM0p\ARM_GCC_541\Debug\cy_ble_hal_pvt.o
                0x10002c30                Cy_BLE_HAL_ClkMeasurementCountersGetFreq
 .text.Cy_BLE_HAL_StartClkMeasurementCounters
                0x10002c38       0x2c .\CortexM0p\ARM_GCC_541\Debug\cy_ble_hal_pvt.o
                0x10002c38                Cy_BLE_HAL_StartClkMeasurementCounters
 .text.Cy_BLE_HAL_TryPiloTrim
                0x10002c64       0x78 .\CortexM0p\ARM_GCC_541\Debug\cy_ble_hal_pvt.o
                0x10002c64                Cy_BLE_HAL_TryPiloTrim
 .text.Cy_BLE_HAL_PiloTrim
                0x10002cdc       0x14 .\CortexM0p\ARM_GCC_541\Debug\cy_ble_hal_pvt.o
                0x10002cdc                Cy_BLE_HAL_PiloTrim
 .text.Cy_BLE_HAL_BlessStart
                0x10002cf0       0x40 .\CortexM0p\ARM_GCC_541\Debug\cy_ble_hal_pvt.o
                0x10002cf0                Cy_BLE_HAL_BlessStart
 .text.Cy_BLE_HAL_GetIpBlockVersion
                0x10002d30        0x4 .\CortexM0p\ARM_GCC_541\Debug\cy_ble_hal_pvt.o
                0x10002d30                Cy_BLE_HAL_GetIpBlockVersion
 .text.Cy_BLE_HAL_EnterCriticalSection
                0x10002d34        0x8 .\CortexM0p\ARM_GCC_541\Debug\cy_ble_hal_pvt.o
                0x10002d34                Cy_BLE_HAL_EnterCriticalSection
 .text.Cy_BLE_HAL_ExitCriticalSection
                0x10002d3c        0x8 .\CortexM0p\ARM_GCC_541\Debug\cy_ble_hal_pvt.o
                0x10002d3c                Cy_BLE_HAL_ExitCriticalSection
 .text.Cy_BLE_HAL_SysPmSleep
                0x10002d44        0x8 .\CortexM0p\ARM_GCC_541\Debug\cy_ble_hal_pvt.o
                0x10002d44                Cy_BLE_HAL_SysPmSleep
 .text.Cy_BLE_HAL_SimoBuckSetVoltage2
                0x10002d4c        0xc .\CortexM0p\ARM_GCC_541\Debug\cy_ble_hal_pvt.o
                0x10002d4c                Cy_BLE_HAL_SimoBuckSetVoltage2
 .text.Cy_BLE_Ipc_Cypipe_Isr_Enable
                0x10002d58        0xc .\CortexM0p\ARM_GCC_541\Debug\cy_ble_hal_pvt.o
                0x10002d58                Cy_BLE_Ipc_Cypipe_Isr_Enable
 .text.Cy_BLE_HAL_EnableGlobalInterrupts
                0x10002d64       0x2c .\CortexM0p\ARM_GCC_541\Debug\cy_ble_hal_pvt.o
                0x10002d64                Cy_BLE_HAL_EnableGlobalInterrupts
 .text.Cy_BLE_Ipc_Cypipe_Isr_Disable
                0x10002d90        0xc .\CortexM0p\ARM_GCC_541\Debug\cy_ble_hal_pvt.o
                0x10002d90                Cy_BLE_Ipc_Cypipe_Isr_Disable
 .text.Cy_BLE_HAL_DisableGlobalInterrupts
                0x10002d9c       0x34 .\CortexM0p\ARM_GCC_541\Debug\cy_ble_hal_pvt.o
                0x10002d9c                Cy_BLE_HAL_DisableGlobalInterrupts
 .text.Cy_BLE_IPC_ControllerRegisterClientCallbacks
                0x10002dd0       0x28 .\CortexM0p\ARM_GCC_541\Debug\cy_ble_hal_pvt.o
                0x10002dd0                Cy_BLE_IPC_ControllerRegisterClientCallbacks
 .text.Cy_BLE_IPC_SendMessageToHost
                0x10002df8       0x20 .\CortexM0p\ARM_GCC_541\Debug\cy_ble_hal_pvt.o
                0x10002df8                Cy_BLE_IPC_SendMessageToHost
 .text.Cy_BLE_HAL_RcbRegRead
                0x10002e18       0x50 .\CortexM0p\ARM_GCC_541\Debug\cy_ble_clk.o
 .text.Cy_BLE_HAL_RcbRegWrite
                0x10002e68       0x4c .\CortexM0p\ARM_GCC_541\Debug\cy_ble_clk.o
 .text.Cy_BLE_HAL_MxdRadioEnableClocks
                0x10002eb4      0x21c .\CortexM0p\ARM_GCC_541\Debug\cy_ble_clk.o
 .text.Cy_BLE_HAL_EcoSetTrim
                0x100030d0       0x38 .\CortexM0p\ARM_GCC_541\Debug\cy_ble_clk.o
 .text.Cy_BLE_EcoStop
                0x10003108       0x18 .\CortexM0p\ARM_GCC_541\Debug\cy_ble_clk.o
                0x10003108                Cy_BLE_EcoStop
 .text.Cy_BLE_HAL_Init
                0x10003120       0x68 .\CortexM0p\ARM_GCC_541\Debug\cy_ble_clk.o
                0x10003120                Cy_BLE_HAL_Init
 .text.Cy_BLE_EcoStart
                0x10003188      0x23c .\CortexM0p\ARM_GCC_541\Debug\cy_ble_clk.o
                0x10003188                Cy_BLE_EcoStart
 .text.Cy_BLE_HAL_EcoGetFrequency
                0x100033c4        0xc .\CortexM0p\ARM_GCC_541\Debug\cy_ble_clk.o
                0x100033c4                Cy_BLE_HAL_EcoGetFrequency
 .text.Cy_BLE_HAL_IsEcoCpuClockSrc
                0x100033d0       0x20 .\CortexM0p\ARM_GCC_541\Debug\cy_ble_clk.o
                0x100033d0                Cy_BLE_HAL_IsEcoCpuClockSrc
 .text.Cy_BLE_HAL_IsWcoLfclkSrc
                0x100033f0       0x24 .\CortexM0p\ARM_GCC_541\Debug\cy_ble_clk.o
                0x100033f0                Cy_BLE_HAL_IsWcoLfclkSrc
 .text          0x10003414      0x114 c:/program files (x86)/cypress/psoc creator/4.2/psoc creator/import/gnu/arm/5.4.1/bin/../lib/gcc/arm-none-eabi/5.4.1/armv6-m\libgcc.a(_udivsi3.o)
                0x10003414                __aeabi_uidiv
                0x10003414                __udivsi3
                0x10003520                __aeabi_uidivmod
 .text          0x10003528      0x1d4 c:/program files (x86)/cypress/psoc creator/4.2/psoc creator/import/gnu/arm/5.4.1/bin/../lib/gcc/arm-none-eabi/5.4.1/armv6-m\libgcc.a(_divsi3.o)
                0x10003528                __divsi3
                0x10003528                __aeabi_idiv
                0x100036f4                __aeabi_idivmod
 .text          0x100036fc        0x4 c:/program files (x86)/cypress/psoc creator/4.2/psoc creator/import/gnu/arm/5.4.1/bin/../lib/gcc/arm-none-eabi/5.4.1/armv6-m\libgcc.a(_dvmd_tls.o)
                0x100036fc                __aeabi_idiv0
                0x100036fc                __aeabi_ldiv0
 .text          0x10003700       0x40 c:/program files (x86)/cypress/psoc creator/4.2/psoc creator/import/gnu/arm/5.4.1/bin/../lib/gcc/arm-none-eabi/5.4.1/armv6-m\libgcc.a(_aeabi_uldivmod.o)
                0x10003700                __aeabi_uldivmod
 .text          0x10003740       0x58 c:/program files (x86)/cypress/psoc creator/4.2/psoc creator/import/gnu/arm/5.4.1/bin/../lib/gcc/arm-none-eabi/5.4.1/armv6-m\libgcc.a(_muldi3.o)
                0x10003740                __muldi3
                0x10003740                __aeabi_lmul
 .text          0x10003798       0x3c c:/program files (x86)/cypress/psoc creator/4.2/psoc creator/import/gnu/arm/5.4.1/bin/../lib/gcc/arm-none-eabi/5.4.1/armv6-m\libgcc.a(_fixunsdfsi.o)
                0x10003798                __aeabi_d2uiz
                0x10003798                __fixunsdfsi
 .text          0x100037d4      0x180 c:/program files (x86)/cypress/psoc creator/4.2/psoc creator/import/gnu/arm/5.4.1/bin/../lib/gcc/arm-none-eabi/5.4.1/armv6-m\libgcc.a(_udivmoddi4.o)
                0x100037d4                __udivmoddi4
 .text          0x10003954      0x62c c:/program files (x86)/cypress/psoc creator/4.2/psoc creator/import/gnu/arm/5.4.1/bin/../lib/gcc/arm-none-eabi/5.4.1/armv6-m\libgcc.a(divdf3.o)
                0x10003954                __aeabi_ddiv
 .text          0x10003f80      0x4f4 c:/program files (x86)/cypress/psoc creator/4.2/psoc creator/import/gnu/arm/5.4.1/bin/../lib/gcc/arm-none-eabi/5.4.1/armv6-m\libgcc.a(muldf3.o)
                0x10003f80                __aeabi_dmul
 .text          0x10004474      0x6a8 c:/program files (x86)/cypress/psoc creator/4.2/psoc creator/import/gnu/arm/5.4.1/bin/../lib/gcc/arm-none-eabi/5.4.1/armv6-m\libgcc.a(subdf3.o)
                0x10004474                __aeabi_dsub
 .text          0x10004b1c       0x6c c:/program files (x86)/cypress/psoc creator/4.2/psoc creator/import/gnu/arm/5.4.1/bin/../lib/gcc/arm-none-eabi/5.4.1/armv6-m\libgcc.a(fixdfsi.o)
                0x10004b1c                __aeabi_d2iz
 .text          0x10004b88       0x70 c:/program files (x86)/cypress/psoc creator/4.2/psoc creator/import/gnu/arm/5.4.1/bin/../lib/gcc/arm-none-eabi/5.4.1/armv6-m\libgcc.a(floatunsidf.o)
                0x10004b88                __aeabi_ui2d
 .text          0x10004bf8       0x7c c:/program files (x86)/cypress/psoc creator/4.2/psoc creator/import/gnu/arm/5.4.1/bin/../lib/gcc/arm-none-eabi/5.4.1/armv6-m\libgcc.a(_arm_cmpdf2.o)
                0x10004bf8                __aeabi_cdrcmple
                0x10004c08                __aeabi_cdcmple
                0x10004c08                __aeabi_cdcmpeq
                0x10004c18                __aeabi_dcmpeq
                0x10004c24                __aeabi_dcmplt
                0x10004c38                __aeabi_dcmple
                0x10004c4c                __aeabi_dcmpgt
                0x10004c60                __aeabi_dcmpge
 .text          0x10004c74       0x3c c:/program files (x86)/cypress/psoc creator/4.2/psoc creator/import/gnu/arm/5.4.1/bin/../lib/gcc/arm-none-eabi/5.4.1/armv6-m\libgcc.a(_clzsi2.o)
                0x10004c74                __clzsi2
 .text          0x10004cb0       0x18 c:/program files (x86)/cypress/psoc creator/4.2/psoc creator/import/gnu/arm/5.4.1/bin/../lib/gcc/arm-none-eabi/5.4.1/armv6-m\libgcc.a(_clzdi2.o)
                0x10004cb0                __clzdi2
 .text          0x10004cc8       0x80 c:/program files (x86)/cypress/psoc creator/4.2/psoc creator/import/gnu/arm/5.4.1/bin/../lib/gcc/arm-none-eabi/5.4.1/armv6-m\libgcc.a(eqdf2.o)
                0x10004cc8                __nedf2
                0x10004cc8                __eqdf2
 .text          0x10004d48       0xc8 c:/program files (x86)/cypress/psoc creator/4.2/psoc creator/import/gnu/arm/5.4.1/bin/../lib/gcc/arm-none-eabi/5.4.1/armv6-m\libgcc.a(gedf2.o)
                0x10004d48                __gedf2
                0x10004d48                __gtdf2
 .text          0x10004e10       0xd4 c:/program files (x86)/cypress/psoc creator/4.2/psoc creator/import/gnu/arm/5.4.1/bin/../lib/gcc/arm-none-eabi/5.4.1/armv6-m\libgcc.a(ledf2.o)
                0x10004e10                __ledf2
                0x10004e10                __ltdf2
 .text.memcmp   0x10004ee4       0x1e c:/program files (x86)/cypress/psoc creator/4.2/psoc creator/import/gnu/arm/5.4.1/bin/../lib/gcc/arm-none-eabi/5.4.1/../../../../arm-none-eabi/lib/armv6-m\libg_nano.a(lib_a-memcmp.o)
                0x10004ee4                memcmp
 .text.memcpy   0x10004f02       0x12 c:/program files (x86)/cypress/psoc creator/4.2/psoc creator/import/gnu/arm/5.4.1/bin/../lib/gcc/arm-none-eabi/5.4.1/../../../../arm-none-eabi/lib/armv6-m\libg_nano.a(lib_a-memcpy-stub.o)
                0x10004f02                memcpy
 .text.memset   0x10004f14       0x10 c:/program files (x86)/cypress/psoc creator/4.2/psoc creator/import/gnu/arm/5.4.1/bin/../lib/gcc/arm-none-eabi/5.4.1/../../../../arm-none-eabi/lib/armv6-m\libg_nano.a(lib_a-memset.o)
                0x10004f14                memset
 .text.strncpy  0x10004f24       0x26 c:/program files (x86)/cypress/psoc creator/4.2/psoc creator/import/gnu/arm/5.4.1/bin/../lib/gcc/arm-none-eabi/5.4.1/../../../../arm-none-eabi/lib/armv6-m\libg_nano.a(lib_a-strncpy.o)
                0x10004f24                strncpy
 *(.init)
 *fill*         0x10004f4a        0x2 
 .init          0x10004f4c        0x4 c:/program files (x86)/cypress/psoc creator/4.2/psoc creator/import/gnu/arm/5.4.1/bin/../lib/gcc/arm-none-eabi/5.4.1/armv6-m/crti.o
                0x10004f4c                _init
 .init          0x10004f50        0x8 c:/program files (x86)/cypress/psoc creator/4.2/psoc creator/import/gnu/arm/5.4.1/bin/../lib/gcc/arm-none-eabi/5.4.1/armv6-m/crtn.o
 *(.fini)
 .fini          0x10004f58        0x4 c:/program files (x86)/cypress/psoc creator/4.2/psoc creator/import/gnu/arm/5.4.1/bin/../lib/gcc/arm-none-eabi/5.4.1/armv6-m/crti.o
                0x10004f58                _fini
 .fini          0x10004f5c        0x8 c:/program files (x86)/cypress/psoc creator/4.2/psoc creator/import/gnu/arm/5.4.1/bin/../lib/gcc/arm-none-eabi/5.4.1/armv6-m/crtn.o
 *fill*         0x10004f64        0x4 
 .fini.__stub   0x10004f68       0x30 linker stubs
 *crtbegin.o(.ctors)
 *crtbegin?.o(.ctors)
 *(EXCLUDE_FILE(*crtend.o *crtend?.o) .ctors)
 *(SORT(.ctors.*))
 *(.ctors)
 *crtbegin.o(.dtors)
 *crtbegin?.o(.dtors)
 *(EXCLUDE_FILE(*crtend.o *crtend?.o) .dtors)
 *(SORT(.dtors.*))
 *(.dtors)
 *(.rodata .rodata.* .constdata .constdata.* .conststring .conststring.*)
 .rodata        0x10004f98       0x34 .\CortexM0p\ARM_GCC_541\Debug\cy_ipc_config.o
 .rodata.str1.4
                0x10004fcc        0xc .\CortexM0p\ARM_GCC_541\Debug\main_cm0p.o
 .rodata        0x10004fd8        0x8 .\CortexM0p\ARM_GCC_541\Debug\cyfitter_sysint_cfg.o
                0x10004fd8                BLE_bless_isr_cfg
 .rodata        0x10004fe0      0x110 .\CortexM0p\ARM_GCC_541\Debug\cyfitter_cfg.o
 .rodata        0x100050f0       0x40 .\CortexM0p\ARM_GCC_541\Debug\cy_sysint.o
 .rodata.str1.4
                0x10005130       0x41 .\CortexM0p\ARM_GCC_541\Debug\cy_sysint.o
 *fill*         0x10005171        0x3 
 .rodata.str1.4
                0x10005174       0x7f .\CortexM0p\ARM_GCC_541\Debug\cy_ipc_drv.o
 *fill*         0x100051f3        0x1 
 .rodata.str1.4
                0x100051f4       0x3f .\CortexM0p\ARM_GCC_541\Debug\cy_ipc_sema.o
 *fill*         0x10005233        0x1 
 .rodata.str1.4
                0x10005234       0x40 .\CortexM0p\ARM_GCC_541\Debug\cy_ipc_pipe.o
                                 0x7f (size before relaxing)
 .rodata.str1.4
                0x10005274       0x85 .\CortexM0p\ARM_GCC_541\Debug\cy_sysclk.o
 *fill*         0x100052f9        0x3 
 .rodata.str1.4
                0x100052fc       0x7d .\CortexM0p\ARM_GCC_541\Debug\cy_gpio.o
 *fill*         0x10005379        0x3 
 .rodata.str1.4
                0x1000537c       0x3f .\CortexM0p\ARM_GCC_541\Debug\cy_syspm.o
 *fill*         0x100053bb        0x1 
 .rodata.str1.4
                0x100053bc       0x3d .\CortexM0p\ARM_GCC_541\Debug\cy_prot.o
 *fill*         0x100053f9        0x3 
 .rodata.str1.4
                0x100053fc       0x3c .\CortexM0p\ARM_GCC_541\Debug\cy_ble_hal_pvt.o
                                 0x3b (size before relaxing)
 .rodata        0x10005438       0x6c .\CortexM0p\ARM_GCC_541\Debug\cy_ble_clk.o
 .constdata     0x100054a4       0x48 Generated_Source\PSoC6\pdl\middleware\ble\lib\cy_ble_stack_gcc_controller_ipc_cm0p.a(config_bin.o)
                0x100054a4                bt_cfg_pdata
 .constdata     0x100054ec       0x10 Generated_Source\PSoC6\pdl\middleware\ble\lib\cy_ble_stack_gcc_controller_ipc_cm0p.a(ll_connection.o)
                0x100054ec                g_slave_clock_accuracy
 .constdata     0x100054fc       0xd0 Generated_Source\PSoC6\pdl\middleware\ble\lib\cy_ble_stack_gcc_controller_ipc_cm0p.a(ll_pdu.o)
                0x100054fc                enc_valid_pdu_list
                0x10005504                fp_ll_pdu_handlers
                0x10005568                fp_ll_pdu_ack_handlers
 .constdata     0x100055cc       0x88 Generated_Source\PSoC6\pdl\middleware\ble\lib\cy_ble_stack_gcc_controller_ipc_cm0p.a(ll_privacy.o)
 .constdata     0x10005654       0x40 Generated_Source\PSoC6\pdl\middleware\ble\lib\cy_ble_stack_gcc_controller_ipc_cm0p.a(ll_dle.o)
 .constdata     0x10005694       0x50 Generated_Source\PSoC6\pdl\middleware\ble\lib\cy_ble_stack_gcc_controller_ipc_cm0p.a(ll_phy_update.o)
 .constdata     0x100056e4       0x84 Generated_Source\PSoC6\pdl\middleware\ble\lib\cy_ble_stack_gcc_controller_ipc_cm0p.a(lec_hci_le_commands.o)
 .constdata     0x10005768      0x3f6 Generated_Source\PSoC6\pdl\middleware\ble\lib\cy_ble_stack_gcc_controller_ipc_cm0p.a(lec_hci_le_commands.o)
 *fill*         0x10005b5e        0x2 
 .constdata     0x10005b60       0x84 Generated_Source\PSoC6\pdl\middleware\ble\lib\cy_ble_stack_gcc_controller_ipc_cm0p.a(lec_hci_le_commands.o)
 .constdata     0x10005be4       0x84 Generated_Source\PSoC6\pdl\middleware\ble\lib\cy_ble_stack_gcc_controller_ipc_cm0p.a(lec_hci_le_commands.o)
 .constdata     0x10005c68       0x21 Generated_Source\PSoC6\pdl\middleware\ble\lib\cy_ble_stack_gcc_controller_ipc_cm0p.a(lec_hci_le_commands.o)
 .constdata     0x10005c89       0x40 Generated_Source\PSoC6\pdl\middleware\ble\lib\cy_ble_stack_gcc_controller_ipc_cm0p.a(lec_hci_le_common_commands.o)
                0x10005c89                Cu8_hci_le_supported_commands_array
 *fill*         0x10005cc9        0x3 
 .constdata     0x10005ccc       0xcc Generated_Source\PSoC6\pdl\middleware\ble\lib\cy_ble_stack_gcc_controller_ipc_cm0p.a(lec_hci_le_privacy.o)
 .constdata     0x10005d98        0xc Generated_Source\PSoC6\pdl\middleware\ble\lib\cy_ble_stack_gcc_controller_ipc_cm0p.a(lec_hci_le_privacy.o)
 .constdata     0x10005da4       0x60 Generated_Source\PSoC6\pdl\middleware\ble\lib\cy_ble_stack_gcc_controller_ipc_cm0p.a(lec_hci_le_dle.o)
 .constdata     0x10005e04       0x78 Generated_Source\PSoC6\pdl\middleware\ble\lib\cy_ble_stack_gcc_controller_ipc_cm0p.a(lec_hci_le_phy_update.o)
 .conststring   0x10005e7c       0x87 Generated_Source\PSoC6\pdl\middleware\ble\lib\cy_ble_stack_gcc_controller_ipc_cm0p.a(drbg.o)
 *fill*         0x10005f03        0x1 
 .constdata     0x10005f04       0x60 Generated_Source\PSoC6\pdl\middleware\ble\lib\cy_ble_stack_gcc_radio_max_cm0p.a(CyBlessVer3.o)
                0x10005f04                rssiMap
 .rodata        0x10005f64       0x40 c:/program files (x86)/cypress/psoc creator/4.2/psoc creator/import/gnu/arm/5.4.1/bin/../lib/gcc/arm-none-eabi/5.4.1/armv6-m\libgcc.a(divdf3.o)
 .rodata        0x10005fa4       0x40 c:/program files (x86)/cypress/psoc creator/4.2/psoc creator/import/gnu/arm/5.4.1/bin/../lib/gcc/arm-none-eabi/5.4.1/armv6-m\libgcc.a(muldf3.o)
 *(.eh_frame*)
 .eh_frame      0x10005fe4        0x0 c:/program files (x86)/cypress/psoc creator/4.2/psoc creator/import/gnu/arm/5.4.1/bin/../lib/gcc/arm-none-eabi/5.4.1/armv6-m/crtbegin.o
 .eh_frame      0x10005fe4        0x4 c:/program files (x86)/cypress/psoc creator/4.2/psoc creator/import/gnu/arm/5.4.1/bin/../lib/gcc/arm-none-eabi/5.4.1/armv6-m/crtend.o

.glue_7         0x10005fe8        0x0
 .glue_7        0x10005fe8        0x0 linker stubs

.glue_7t        0x10005fe8        0x0
 .glue_7t       0x10005fe8        0x0 linker stubs

.vfp11_veneer   0x10005fe8        0x0
 .vfp11_veneer  0x10005fe8        0x0 linker stubs

.v4_bx          0x10005fe8        0x0
 .v4_bx         0x10005fe8        0x0 linker stubs

.iplt           0x10005fe8        0x0
 .iplt          0x10005fe8        0x0 c:/program files (x86)/cypress/psoc creator/4.2/psoc creator/import/gnu/arm/5.4.1/bin/../lib/gcc/arm-none-eabi/5.4.1/armv6-m/crtbegin.o

i.CyBleStackMgr_Init
                0x10005fe8       0xe8
 i.CyBleStackMgr_Init
                0x10005fe8       0xe8 Generated_Source\PSoC6\pdl\middleware\ble\lib\cy_ble_stack_gcc_controller_ipc_cm0p.a(CyBleStackMgrIP_Interface.o)
                0x10005fe8                CyBleStackMgr_Init

i.CyBleStackMgr_ProcessBleEvents
                0x100060d0       0x2c
 i.CyBleStackMgr_ProcessBleEvents
                0x100060d0       0x2c Generated_Source\PSoC6\pdl\middleware\ble\lib\cy_ble_stack_gcc_controller_ipc_cm0p.a(CyBleStackMgrIP_Interface.o)
                0x100060d0                CyBleStackMgr_ProcessBleEvents

i.CyBleStackMgr_Shutdown
                0x100060fc       0x28
 i.CyBleStackMgr_Shutdown
                0x100060fc       0x28 Generated_Source\PSoC6\pdl\middleware\ble\lib\cy_ble_stack_gcc_controller_ipc_cm0p.a(CyBleStackMgrIP_Interface.o)
                0x100060fc                CyBleStackMgr_Shutdown

i.CyBle_GetHeapConfig
                0x10006124        0x8
 i.CyBle_GetHeapConfig
                0x10006124        0x8 Generated_Source\PSoC6\pdl\middleware\ble\lib\cy_ble_stack_gcc_controller_ipc_cm0p.a(CyBleStackMgrIP_Interface.o)
                0x10006124                CyBle_GetHeapConfig

i.CyBle_GetHeapMemory
                0x1000612c       0x3c
 i.CyBle_GetHeapMemory
                0x1000612c       0x3c Generated_Source\PSoC6\pdl\middleware\ble\lib\cy_ble_stack_gcc_controller_ipc_cm0p.a(CyBleStackMgrIP_Interface.o)
                0x1000612c                CyBle_GetHeapMemory

i.CyBle_StackGetConfigPtr
                0x10006168        0x8
 i.CyBle_StackGetConfigPtr
                0x10006168        0x8 Generated_Source\PSoC6\pdl\middleware\ble\lib\cy_ble_stack_gcc_controller_ipc_cm0p.a(CyBleStackMgrIP_Interface.o)
                0x10006168                CyBle_StackGetConfigPtr

i.Cy_BLE_EnableDleFeature
                0x10006170        0x8
 i.Cy_BLE_EnableDleFeature
                0x10006170        0x8 Generated_Source\PSoC6\pdl\middleware\ble\lib\cy_ble_stack_gcc_controller_ipc_cm0p.a(CyBleStackMgrIP_Interface.o)
                0x10006170                Cy_BLE_EnableDleFeature

i.Cy_BLE_GetStackLibraryVersion
                0x10006178       0x24
 i.Cy_BLE_GetStackLibraryVersion
                0x10006178       0x24 Generated_Source\PSoC6\pdl\middleware\ble\lib\cy_ble_stack_gcc_controller_ipc_cm0p.a(CyBleStackMgrIP_Interface.o)
                0x10006178                Cy_BLE_GetStackLibraryVersion

i.Cy_BLE_ProcessEvents
                0x1000619c        0x8
 i.Cy_BLE_ProcessEvents
                0x1000619c        0x8 Generated_Source\PSoC6\pdl\middleware\ble\lib\cy_ble_stack_gcc_controller_ipc_cm0p.a(CyBleStackMgrIP_Interface.o)
                0x1000619c                Cy_BLE_ProcessEvents

i.Cy_BLE_StackEnterLPM
                0x100061a4        0x8
 i.Cy_BLE_StackEnterLPM
                0x100061a4        0x8 Generated_Source\PSoC6\pdl\middleware\ble\lib\cy_ble_stack_gcc_controller_ipc_cm0p.a(CyBleStackMgrIP_Interface.o)
                0x100061a4                Cy_BLE_StackEnterLPM

i.Cy_BLE_StackGetBleSsState
                0x100061ac        0x8
 i.Cy_BLE_StackGetBleSsState
                0x100061ac        0x8 Generated_Source\PSoC6\pdl\middleware\ble\lib\cy_ble_stack_gcc_controller_ipc_cm0p.a(CyBleStackMgrIP_Interface.o)
                0x100061ac                Cy_BLE_StackGetBleSsState

i.Cy_BLE_StackInit
                0x100061b4       0x58
 i.Cy_BLE_StackInit
                0x100061b4       0x58 Generated_Source\PSoC6\pdl\middleware\ble\lib\cy_ble_stack_gcc_controller_ipc_cm0p.a(CyBleStackMgrIP_Interface.o)
                0x100061b4                Cy_BLE_StackInit

i.Cy_BLE_StackSetFeatureConfig
                0x1000620c       0x54
 i.Cy_BLE_StackSetFeatureConfig
                0x1000620c       0x54 Generated_Source\PSoC6\pdl\middleware\ble\lib\cy_ble_stack_gcc_controller_ipc_cm0p.a(CyBleStackMgrIP_Interface.o)
                0x1000620c                Cy_BLE_StackSetFeatureConfig

i.ble_stack_idle_task_callback
                0x10006260        0x2
 i.ble_stack_idle_task_callback
                0x10006260        0x2 Generated_Source\PSoC6\pdl\middleware\ble\lib\cy_ble_stack_gcc_controller_ipc_cm0p.a(CyBleStackMgrIP_Interface.o)
                0x10006260                ble_stack_idle_task_callback

i.CyBleStackMgr_GetTime
                0x10006264       0x28
 i.CyBleStackMgr_GetTime
                0x10006264       0x28 Generated_Source\PSoC6\pdl\middleware\ble\lib\cy_ble_stack_gcc_controller_ipc_cm0p.a(CyBleStackMgr_PSoCHal.o)
                0x10006264                CyBleStackMgr_GetTime

i.CyBleStackMgr_HalInit
                0x1000628c       0x1c
 i.CyBleStackMgr_HalInit
                0x1000628c       0x1c Generated_Source\PSoC6\pdl\middleware\ble\lib\cy_ble_stack_gcc_controller_ipc_cm0p.a(CyBleStackMgr_PSoCHal.o)
                0x1000628c                CyBleStackMgr_HalInit

i.CyBleStackMgr_HalIntrEnable
                0x100062a8        0x8
 i.CyBleStackMgr_HalIntrEnable
                0x100062a8        0x8 Generated_Source\PSoC6\pdl\middleware\ble\lib\cy_ble_stack_gcc_controller_ipc_cm0p.a(CyBleStackMgr_PSoCHal.o)
                0x100062a8                CyBleStackMgr_HalIntrEnable

i.CyBleStackMgr_HciPortInit
                0x100062b0       0x18
 i.CyBleStackMgr_HciPortInit
                0x100062b0       0x18 Generated_Source\PSoC6\pdl\middleware\ble\lib\cy_ble_stack_gcc_controller_ipc_cm0p.a(CyBleStackMgr_PSoCHal.o)
                0x100062b0                CyBleStackMgr_HciPortInit

i.CyBleStackMgr_HciPortReset
                0x100062c8        0x8
 i.CyBleStackMgr_HciPortReset
                0x100062c8        0x8 Generated_Source\PSoC6\pdl\middleware\ble\lib\cy_ble_stack_gcc_controller_ipc_cm0p.a(CyBleStackMgr_PSoCHal.o)
                0x100062c8                CyBleStackMgr_HciPortReset

i.CyBleStackMgr_HciPortWrite
                0x100062d0        0x8
 i.CyBleStackMgr_HciPortWrite
                0x100062d0        0x8 Generated_Source\PSoC6\pdl\middleware\ble\lib\cy_ble_stack_gcc_controller_ipc_cm0p.a(CyBleStackMgr_PSoCHal.o)
                0x100062d0                CyBleStackMgr_HciPortWrite

i.CyBleStackMgr_TimerStart
                0x100062d8       0x20
 i.CyBleStackMgr_TimerStart
                0x100062d8       0x20 Generated_Source\PSoC6\pdl\middleware\ble\lib\cy_ble_stack_gcc_controller_ipc_cm0p.a(CyBleStackMgr_PSoCHal.o)
                0x100062d8                CyBleStackMgr_TimerStart

i.CyBleStackMgr_TimerStop
                0x100062f8       0x18
 i.CyBleStackMgr_TimerStop
                0x100062f8       0x18 Generated_Source\PSoC6\pdl\middleware\ble\lib\cy_ble_stack_gcc_controller_ipc_cm0p.a(CyBleStackMgr_PSoCHal.o)
                0x100062f8                CyBleStackMgr_TimerStop

i.CyBleStackMgr_isTimerRunning
                0x10006310        0xc
 i.CyBleStackMgr_isTimerRunning
                0x10006310        0xc Generated_Source\PSoC6\pdl\middleware\ble\lib\cy_ble_stack_gcc_controller_ipc_cm0p.a(CyBleStackMgr_PSoCHal.o)
                0x10006310                CyBleStackMgr_isTimerRunning

i.CyBleStackMgr_BleSSFifoRead
                0x1000631c       0x3c
 i.CyBleStackMgr_BleSSFifoRead
                0x1000631c       0x3c Generated_Source\PSoC6\pdl\middleware\ble\lib\cy_ble_stack_gcc_controller_ipc_cm0p.a(CyBleStackMgr_BleSSDriver.o)
                0x1000631c                CyBleStackMgr_BleSSFifoRead

i.CyBleStackMgr_BleSSFifoWrite
                0x10006358       0x30
 i.CyBleStackMgr_BleSSFifoWrite
                0x10006358       0x30 Generated_Source\PSoC6\pdl\middleware\ble\lib\cy_ble_stack_gcc_controller_ipc_cm0p.a(CyBleStackMgr_BleSSDriver.o)
                0x10006358                CyBleStackMgr_BleSSFifoWrite

i.CyBleStackMgr_BleSSInit
                0x10006388       0x70
 i.CyBleStackMgr_BleSSInit
                0x10006388       0x70 Generated_Source\PSoC6\pdl\middleware\ble\lib\cy_ble_stack_gcc_controller_ipc_cm0p.a(CyBleStackMgr_BleSSDriver.o)
                0x10006388                CyBleStackMgr_BleSSInit

i.CyBleStackMgr_BleSSMemRead
                0x100063f8       0x30
 i.CyBleStackMgr_BleSSMemRead
                0x100063f8       0x30 Generated_Source\PSoC6\pdl\middleware\ble\lib\cy_ble_stack_gcc_controller_ipc_cm0p.a(CyBleStackMgr_BleSSDriver.o)
                0x100063f8                CyBleStackMgr_BleSSMemRead

i.CyBleStackMgr_BleSSMemWrite
                0x10006428       0x34
 i.CyBleStackMgr_BleSSMemWrite
                0x10006428       0x34 Generated_Source\PSoC6\pdl\middleware\ble\lib\cy_ble_stack_gcc_controller_ipc_cm0p.a(CyBleStackMgr_BleSSDriver.o)
                0x10006428                CyBleStackMgr_BleSSMemWrite

i.CyBleStackMgr_BleSSMemWriteFields
                0x1000645c       0x70
 i.CyBleStackMgr_BleSSMemWriteFields
                0x1000645c       0x70 Generated_Source\PSoC6\pdl\middleware\ble\lib\cy_ble_stack_gcc_controller_ipc_cm0p.a(CyBleStackMgr_BleSSDriver.o)
                0x1000645c                CyBleStackMgr_BleSSMemWriteFields

i.CyBleStackMgr_BleSSReset
                0x100064cc       0x2c
 i.CyBleStackMgr_BleSSReset
                0x100064cc       0x2c Generated_Source\PSoC6\pdl\middleware\ble\lib\cy_ble_stack_gcc_controller_ipc_cm0p.a(CyBleStackMgr_BleSSDriver.o)
                0x100064cc                CyBleStackMgr_BleSSReset

i.CyBleStackMgr_BleSSShutdown
                0x100064f8       0x34
 i.CyBleStackMgr_BleSSShutdown
                0x100064f8       0x34 Generated_Source\PSoC6\pdl\middleware\ble\lib\cy_ble_stack_gcc_controller_ipc_cm0p.a(CyBleStackMgr_BleSSDriver.o)
                0x100064f8                CyBleStackMgr_BleSSShutdown

i.CyBleStackMgr_GenericIface
                0x1000652c       0x58
 i.CyBleStackMgr_GenericIface
                0x1000652c       0x58 Generated_Source\PSoC6\pdl\middleware\ble\lib\cy_ble_stack_gcc_controller_ipc_cm0p.a(CyBleStackMgr_BleSSDriver.o)
                0x1000652c                CyBleStackMgr_GenericIface

i.CyBleStackMgr_HandleBleSSIntr
                0x10006584       0x70
 i.CyBleStackMgr_HandleBleSSIntr
                0x10006584       0x70 Generated_Source\PSoC6\pdl\middleware\ble\lib\cy_ble_stack_gcc_controller_ipc_cm0p.a(CyBleStackMgr_BleSSDriver.o)
                0x10006584                CyBleStackMgr_HandleBleSSIntr

i.CyBle_ControllerGetBleClockCfgParam
                0x100065f4       0x20
 i.CyBle_ControllerGetBleClockCfgParam
                0x100065f4       0x20 Generated_Source\PSoC6\pdl\middleware\ble\lib\cy_ble_stack_gcc_controller_ipc_cm0p.a(CyBleStackMgr_BleSSDriver.o)
                0x100065f4                CyBle_ControllerGetBleClockCfgParam

i.CyBle_ControllerGetTxPowerLevel
                0x10006614       0x3c
 i.CyBle_ControllerGetTxPowerLevel
                0x10006614       0x3c Generated_Source\PSoC6\pdl\middleware\ble\lib\cy_ble_stack_gcc_controller_ipc_cm0p.a(CyBleStackMgr_BleSSDriver.o)
                0x10006614                CyBle_ControllerGetTxPowerLevel

i.CyBle_ControllerSetBleClockCfgParam
                0x10006650       0x30
 i.CyBle_ControllerSetBleClockCfgParam
                0x10006650       0x30 Generated_Source\PSoC6\pdl\middleware\ble\lib\cy_ble_stack_gcc_controller_ipc_cm0p.a(CyBleStackMgr_BleSSDriver.o)
                0x10006650                CyBle_ControllerSetBleClockCfgParam

i.CyBle_ControllerSetDcxoLdoTrim
                0x10006680       0x1c
 i.CyBle_ControllerSetDcxoLdoTrim
                0x10006680       0x1c Generated_Source\PSoC6\pdl\middleware\ble\lib\cy_ble_stack_gcc_controller_ipc_cm0p.a(CyBleStackMgr_BleSSDriver.o)
                0x10006680                CyBle_ControllerSetDcxoLdoTrim

i.CyBle_ControllerSetTxPowerLevel
                0x1000669c       0x20
 i.CyBle_ControllerSetTxPowerLevel
                0x1000669c       0x20 Generated_Source\PSoC6\pdl\middleware\ble\lib\cy_ble_stack_gcc_controller_ipc_cm0p.a(CyBleStackMgr_BleSSDriver.o)
                0x1000669c                CyBle_ControllerSetTxPowerLevel

i.CyBle_EnterDsmMode
                0x100066bc       0x34
 i.CyBle_EnterDsmMode
                0x100066bc       0x34 Generated_Source\PSoC6\pdl\middleware\ble\lib\cy_ble_stack_gcc_controller_ipc_cm0p.a(CyBleStackMgr_BleSSDriver.o)
                0x100066bc                CyBle_EnterDsmMode

i.CyBle_ExitDsmMode
                0x100066f0       0x34
 i.CyBle_ExitDsmMode
                0x100066f0       0x34 Generated_Source\PSoC6\pdl\middleware\ble\lib\cy_ble_stack_gcc_controller_ipc_cm0p.a(CyBleStackMgr_BleSSDriver.o)
                0x100066f0                CyBle_ExitDsmMode

i.CyBle_GetBleSsOperationalMode
                0x10006724        0xc
 i.CyBle_GetBleSsOperationalMode
                0x10006724        0xc Generated_Source\PSoC6\pdl\middleware\ble\lib\cy_ble_stack_gcc_controller_ipc_cm0p.a(CyBleStackMgr_BleSSDriver.o)
                0x10006724                CyBle_GetBleSsOperationalMode

i.CyBle_GetEventCloseState
                0x10006730       0x10
 i.CyBle_GetEventCloseState
                0x10006730       0x10 Generated_Source\PSoC6\pdl\middleware\ble\lib\cy_ble_stack_gcc_controller_ipc_cm0p.a(CyBleStackMgr_BleSSDriver.o)
                0x10006730                CyBle_GetEventCloseState

i.CyBle_GetLpMode
                0x10006740       0x1c
 i.CyBle_GetLpMode
                0x10006740       0x1c Generated_Source\PSoC6\pdl\middleware\ble\lib\cy_ble_stack_gcc_controller_ipc_cm0p.a(CyBleStackMgr_BleSSDriver.o)
                0x10006740                CyBle_GetLpMode

i.CyBle_GetTxGainMode
                0x1000675c        0xe
 i.CyBle_GetTxGainMode
                0x1000675c        0xe Generated_Source\PSoC6\pdl\middleware\ble\lib\cy_ble_stack_gcc_controller_ipc_cm0p.a(CyBleStackMgr_BleSSDriver.o)
                0x1000675c                CyBle_GetTxGainMode

i.CyBle_SetAutoWakeUp
                0x1000676c        0xc
 i.CyBle_SetAutoWakeUp
                0x1000676c        0xc Generated_Source\PSoC6\pdl\middleware\ble\lib\cy_ble_stack_gcc_controller_ipc_cm0p.a(CyBleStackMgr_BleSSDriver.o)
                0x1000676c                CyBle_SetAutoWakeUp

i.CyBle_SetBleSsOperationalMode
                0x10006778       0x20
 i.CyBle_SetBleSsOperationalMode
                0x10006778       0x20 Generated_Source\PSoC6\pdl\middleware\ble\lib\cy_ble_stack_gcc_controller_ipc_cm0p.a(CyBleStackMgr_BleSSDriver.o)
                0x10006778                CyBle_SetBleSsOperationalMode

i.CyBle_SetEventCloseState
                0x10006798        0xc
 i.CyBle_SetEventCloseState
                0x10006798        0xc Generated_Source\PSoC6\pdl\middleware\ble\lib\cy_ble_stack_gcc_controller_ipc_cm0p.a(CyBleStackMgr_BleSSDriver.o)
                0x10006798                CyBle_SetEventCloseState

i.CyBle_CheckBleStackTaskStatus
                0x100067a4        0x4
 i.CyBle_CheckBleStackTaskStatus
                0x100067a4        0x4 Generated_Source\PSoC6\pdl\middleware\ble\lib\cy_ble_stack_gcc_controller_ipc_cm0p.a(CyBleStackMgr_StackTaskHandler.o)
                0x100067a4                CyBle_CheckBleStackTaskStatus

i.CyBle_CreateBleStackTask
                0x100067a8       0x30
 i.CyBle_CreateBleStackTask
                0x100067a8       0x30 Generated_Source\PSoC6\pdl\middleware\ble\lib\cy_ble_stack_gcc_controller_ipc_cm0p.a(CyBleStackMgr_StackTaskHandler.o)
                0x100067a8                CyBle_CreateBleStackTask

i.CyBle_SignalBleStackTask
                0x100067d8       0x44
 i.CyBle_SignalBleStackTask
                0x100067d8       0x44 Generated_Source\PSoC6\pdl\middleware\ble\lib\cy_ble_stack_gcc_controller_ipc_cm0p.a(CyBleStackMgr_StackTaskHandler.o)
                0x100067d8                CyBle_SignalBleStackTask

i.CyBle_StackTaskHandler
                0x1000681c       0x26
 i.CyBle_StackTaskHandler
                0x1000681c       0x26 Generated_Source\PSoC6\pdl\middleware\ble\lib\cy_ble_stack_gcc_controller_ipc_cm0p.a(CyBleStackMgr_StackTaskHandler.o)
                0x1000681c                CyBle_StackTaskHandler

i.IsStackTaskFree
                0x10006844       0x10
 i.IsStackTaskFree
                0x10006844       0x10 Generated_Source\PSoC6\pdl\middleware\ble\lib\cy_ble_stack_gcc_controller_ipc_cm0p.a(CyBleStackMgr_StackTaskHandler.o)
                0x10006844                IsStackTaskFree

i.BT_start_timer
                0x10006854       0xe4
 i.BT_start_timer
                0x10006854       0xe4 Generated_Source\PSoC6\pdl\middleware\ble\lib\cy_ble_stack_gcc_controller_ipc_cm0p.a(BT_timer.o)
                0x10006854                BT_start_timer

i.BT_start_timer_controller
                0x10006938       0x28
 i.BT_start_timer_controller
                0x10006938       0x28 Generated_Source\PSoC6\pdl\middleware\ble\lib\cy_ble_stack_gcc_controller_ipc_cm0p.a(BT_timer.o)
                0x10006938                BT_start_timer_controller

i.BT_start_timer_pilo
                0x10006960       0x28
 i.BT_start_timer_pilo
                0x10006960       0x28 Generated_Source\PSoC6\pdl\middleware\ble\lib\cy_ble_stack_gcc_controller_ipc_cm0p.a(BT_timer.o)
                0x10006960                BT_start_timer_pilo

i.BT_stop_timer
                0x10006988       0xa0
 i.BT_stop_timer
                0x10006988       0xa0 Generated_Source\PSoC6\pdl\middleware\ble\lib\cy_ble_stack_gcc_controller_ipc_cm0p.a(BT_timer.o)
                0x10006988                BT_stop_timer

i.BT_stop_timer_controller
                0x10006a28       0x28
 i.BT_stop_timer_controller
                0x10006a28       0x28 Generated_Source\PSoC6\pdl\middleware\ble\lib\cy_ble_stack_gcc_controller_ipc_cm0p.a(BT_timer.o)
                0x10006a28                BT_stop_timer_controller

i.BT_stop_timer_pilo
                0x10006a50       0x28
 i.BT_stop_timer_pilo
                0x10006a50       0x28 Generated_Source\PSoC6\pdl\middleware\ble\lib\cy_ble_stack_gcc_controller_ipc_cm0p.a(BT_timer.o)
                0x10006a50                BT_stop_timer_pilo

i.BT_timer_process_signals
                0x10006a78       0xd4
 i.BT_timer_process_signals
                0x10006a78       0xd4 Generated_Source\PSoC6\pdl\middleware\ble\lib\cy_ble_stack_gcc_controller_ipc_cm0p.a(BT_timer.o)
                0x10006a78                BT_timer_process_signals

i.timer_allocated_entity
                0x10006b4c       0x34
 i.timer_allocated_entity
                0x10006b4c       0x34 Generated_Source\PSoC6\pdl\middleware\ble\lib\cy_ble_stack_gcc_controller_ipc_cm0p.a(BT_timer.o)
                0x10006b4c                timer_allocated_entity

i.timer_init    0x10006b80       0x30
 i.timer_init   0x10006b80       0x30 Generated_Source\PSoC6\pdl\middleware\ble\lib\cy_ble_stack_gcc_controller_ipc_cm0p.a(BT_timer.o)
                0x10006b80                timer_init

i.timer_update_offsets
                0x10006bb0       0x34
 i.timer_update_offsets
                0x10006bb0       0x34 Generated_Source\PSoC6\pdl\middleware\ble\lib\cy_ble_stack_gcc_controller_ipc_cm0p.a(BT_timer.o)

i.BT_ISROSQPost
                0x10006be4        0xa
 i.BT_ISROSQPost
                0x10006be4        0xa Generated_Source\PSoC6\pdl\middleware\ble\lib\cy_ble_stack_gcc_controller_ipc_cm0p.a(bt_os_common.o)
                0x10006be4                BT_ISROSQPost

i.BT_OSQPost    0x10006bee        0xa
 i.BT_OSQPost   0x10006bee        0xa Generated_Source\PSoC6\pdl\middleware\ble\lib\cy_ble_stack_gcc_controller_ipc_cm0p.a(bt_os_common.o)
                0x10006bee                BT_OSQPost

i.BT_thread_create
                0x10006bf8       0x30
 i.BT_thread_create
                0x10006bf8       0x30 Generated_Source\PSoC6\pdl\middleware\ble\lib\cy_ble_stack_gcc_controller_ipc_cm0p.a(bt_os_common.o)
                0x10006bf8                BT_thread_create

i.pf_timer_handle_tick
                0x10006c28       0x20
 i.pf_timer_handle_tick
                0x10006c28       0x20 Generated_Source\PSoC6\pdl\middleware\ble\lib\cy_ble_stack_gcc_controller_ipc_cm0p.a(bt_os_common.o)
                0x10006c28                pf_timer_handle_tick

i.CyPilo_ApplyTrim
                0x10006c48       0x88
 i.CyPilo_ApplyTrim
                0x10006c48       0x88 Generated_Source\PSoC6\pdl\middleware\ble\lib\cy_ble_stack_gcc_controller_ipc_cm0p.a(CyBleStackMgrIP_Pilo.o)

i.CyPilo_DSMExitCalibration
                0x10006cd0       0x14
 i.CyPilo_DSMExitCalibration
                0x10006cd0       0x14 Generated_Source\PSoC6\pdl\middleware\ble\lib\cy_ble_stack_gcc_controller_ipc_cm0p.a(CyBleStackMgrIP_Pilo.o)
                0x10006cd0                CyPilo_DSMExitCalibration

i.CyPilo_GetState
                0x10006ce4        0xc
 i.CyPilo_GetState
                0x10006ce4        0xc Generated_Source\PSoC6\pdl\middleware\ble\lib\cy_ble_stack_gcc_controller_ipc_cm0p.a(CyBleStackMgrIP_Pilo.o)
                0x10006ce4                CyPilo_GetState

i.CyPilo_InitCalibration
                0x10006cf0       0x18
 i.CyPilo_InitCalibration
                0x10006cf0       0x18 Generated_Source\PSoC6\pdl\middleware\ble\lib\cy_ble_stack_gcc_controller_ipc_cm0p.a(CyBleStackMgrIP_Pilo.o)
                0x10006cf0                CyPilo_InitCalibration

i.CyPilo_PeriodicCalibTimeout
                0x10006d08       0x24
 i.CyPilo_PeriodicCalibTimeout
                0x10006d08       0x24 Generated_Source\PSoC6\pdl\middleware\ble\lib\cy_ble_stack_gcc_controller_ipc_cm0p.a(CyBleStackMgrIP_Pilo.o)

i.CyPilo_RetryCalibration
                0x10006d2c       0x20
 i.CyPilo_RetryCalibration
                0x10006d2c       0x20 Generated_Source\PSoC6\pdl\middleware\ble\lib\cy_ble_stack_gcc_controller_ipc_cm0p.a(CyBleStackMgrIP_Pilo.o)

i.CyPilo_SetCalibInterval
                0x10006d4c        0xc
 i.CyPilo_SetCalibInterval
                0x10006d4c        0xc Generated_Source\PSoC6\pdl\middleware\ble\lib\cy_ble_stack_gcc_controller_ipc_cm0p.a(CyBleStackMgrIP_Pilo.o)
                0x10006d4c                CyPilo_SetCalibInterval

i.CyPilo_SetState
                0x10006d58        0xc
 i.CyPilo_SetState
                0x10006d58        0xc Generated_Source\PSoC6\pdl\middleware\ble\lib\cy_ble_stack_gcc_controller_ipc_cm0p.a(CyBleStackMgrIP_Pilo.o)
                0x10006d58                CyPilo_SetState

i.CyPilo_ShutdownCalibration
                0x10006d64       0x1c
 i.CyPilo_ShutdownCalibration
                0x10006d64       0x1c Generated_Source\PSoC6\pdl\middleware\ble\lib\cy_ble_stack_gcc_controller_ipc_cm0p.a(CyBleStackMgrIP_Pilo.o)
                0x10006d64                CyPilo_ShutdownCalibration

i.CyPilo_StopPeriodicTimer
                0x10006d80       0x10
 i.CyPilo_StopPeriodicTimer
                0x10006d80       0x10 Generated_Source\PSoC6\pdl\middleware\ble\lib\cy_ble_stack_gcc_controller_ipc_cm0p.a(CyBleStackMgrIP_Pilo.o)
                0x10006d80                CyPilo_StopPeriodicTimer

i.CyPilo_TriggerCalibration
                0x10006d90       0x54
 i.CyPilo_TriggerCalibration
                0x10006d90       0x54 Generated_Source\PSoC6\pdl\middleware\ble\lib\cy_ble_stack_gcc_controller_ipc_cm0p.a(CyBleStackMgrIP_Pilo.o)
                0x10006d90                CyPilo_TriggerCalibration

i.CyPilo_UpdateCalibInterval
                0x10006de4       0x34
 i.CyPilo_UpdateCalibInterval
                0x10006de4       0x34 Generated_Source\PSoC6\pdl\middleware\ble\lib\cy_ble_stack_gcc_controller_ipc_cm0p.a(CyBleStackMgrIP_Pilo.o)
                0x10006de4                CyPilo_UpdateCalibInterval

i.OS_init       0x10006e18       0x64
 i.OS_init      0x10006e18       0x64 Generated_Source\PSoC6\pdl\middleware\ble\lib\cy_ble_stack_gcc_controller_ipc_cm0p.a(mint_os.o)
                0x10006e18                OS_init

i.OS_shutdown   0x10006e7c        0x4
 i.OS_shutdown  0x10006e7c        0x4 Generated_Source\PSoC6\pdl\middleware\ble\lib\cy_ble_stack_gcc_controller_ipc_cm0p.a(mint_os.o)
                0x10006e7c                OS_shutdown

i.mintos_malloc
                0x10006e80       0x34
 i.mintos_malloc
                0x10006e80       0x34 Generated_Source\PSoC6\pdl\middleware\ble\lib\cy_ble_stack_gcc_controller_ipc_cm0p.a(mint_os.o)
                0x10006e80                mintos_malloc

i.OS_create_queue
                0x10006eb4       0x64
 i.OS_create_queue
                0x10006eb4       0x64 Generated_Source\PSoC6\pdl\middleware\ble\lib\cy_ble_stack_gcc_controller_ipc_cm0p.a(mint_os_queue.o)
                0x10006eb4                OS_create_queue

i.OS_enqueue_item
                0x10006f18       0x8c
 i.OS_enqueue_item
                0x10006f18       0x8c Generated_Source\PSoC6\pdl\middleware\ble\lib\cy_ble_stack_gcc_controller_ipc_cm0p.a(mint_os_queue.o)
                0x10006f18                OS_enqueue_item

i.OS_queue_get_num_of_items
                0x10006fa4       0x28
 i.OS_queue_get_num_of_items
                0x10006fa4       0x28 Generated_Source\PSoC6\pdl\middleware\ble\lib\cy_ble_stack_gcc_controller_ipc_cm0p.a(mint_os_queue.o)
                0x10006fa4                OS_queue_get_num_of_items

i.OS_queue_mgmt_init
                0x10006fcc       0x40
 i.OS_queue_mgmt_init
                0x10006fcc       0x40 Generated_Source\PSoC6\pdl\middleware\ble\lib\cy_ble_stack_gcc_controller_ipc_cm0p.a(mint_os_queue.o)
                0x10006fcc                OS_queue_mgmt_init

i.OS_remove_item
                0x1000700c       0xa0
 i.OS_remove_item
                0x1000700c       0xa0 Generated_Source\PSoC6\pdl\middleware\ble\lib\cy_ble_stack_gcc_controller_ipc_cm0p.a(mint_os_queue.o)
                0x1000700c                OS_remove_item

i.OS_create_task
                0x100070ac       0x88
 i.OS_create_task
                0x100070ac       0x88 Generated_Source\PSoC6\pdl\middleware\ble\lib\cy_ble_stack_gcc_controller_ipc_cm0p.a(mint_os_task.o)
                0x100070ac                OS_create_task

i.OS_is_task_free
                0x10007134       0x30
 i.OS_is_task_free
                0x10007134       0x30 Generated_Source\PSoC6\pdl\middleware\ble\lib\cy_ble_stack_gcc_controller_ipc_cm0p.a(mint_os_task.o)
                0x10007134                OS_is_task_free

i.OS_isr_send_signal_to_task
                0x10007164        0xc
 i.OS_isr_send_signal_to_task
                0x10007164        0xc Generated_Source\PSoC6\pdl\middleware\ble\lib\cy_ble_stack_gcc_controller_ipc_cm0p.a(mint_os_task.o)
                0x10007164                OS_isr_send_signal_to_task

i.OS_scheduler  0x10007170       0x64
 i.OS_scheduler
                0x10007170       0x64 Generated_Source\PSoC6\pdl\middleware\ble\lib\cy_ble_stack_gcc_controller_ipc_cm0p.a(mint_os_task.o)
                0x10007170                OS_scheduler

i.OS_send_signal_to_task
                0x100071d4        0xc
 i.OS_send_signal_to_task
                0x100071d4        0xc Generated_Source\PSoC6\pdl\middleware\ble\lib\cy_ble_stack_gcc_controller_ipc_cm0p.a(mint_os_task.o)
                0x100071d4                OS_send_signal_to_task

i.OS_send_signal_to_task_context
                0x100071e0       0x3c
 i.OS_send_signal_to_task_context
                0x100071e0       0x3c Generated_Source\PSoC6\pdl\middleware\ble\lib\cy_ble_stack_gcc_controller_ipc_cm0p.a(mint_os_task.o)

i.OS_task_mgmt_init
                0x1000721c       0x50
 i.OS_task_mgmt_init
                0x1000721c       0x50 Generated_Source\PSoC6\pdl\middleware\ble\lib\cy_ble_stack_gcc_controller_ipc_cm0p.a(mint_os_task.o)
                0x1000721c                OS_task_mgmt_init

i.mint_buf_mgmt_allocate_buffer
                0x1000726c       0x4c
 i.mint_buf_mgmt_allocate_buffer
                0x1000726c       0x4c Generated_Source\PSoC6\pdl\middleware\ble\lib\cy_ble_stack_gcc_controller_ipc_cm0p.a(mint_buf_mgmt.o)
                0x1000726c                mint_buf_mgmt_allocate_buffer

i.mint_buf_mgmt_create_pool
                0x100072b8       0xd4
 i.mint_buf_mgmt_create_pool
                0x100072b8       0xd4 Generated_Source\PSoC6\pdl\middleware\ble\lib\cy_ble_stack_gcc_controller_ipc_cm0p.a(mint_buf_mgmt.o)
                0x100072b8                mint_buf_mgmt_create_pool

i.mint_buf_mgmt_free_buffer
                0x1000738c       0xa4
 i.mint_buf_mgmt_free_buffer
                0x1000738c       0xa4 Generated_Source\PSoC6\pdl\middleware\ble\lib\cy_ble_stack_gcc_controller_ipc_cm0p.a(mint_buf_mgmt.o)
                0x1000738c                mint_buf_mgmt_free_buffer

i.mint_buf_mgmt_init
                0x10007430       0x44
 i.mint_buf_mgmt_init
                0x10007430       0x44 Generated_Source\PSoC6\pdl\middleware\ble\lib\cy_ble_stack_gcc_controller_ipc_cm0p.a(mint_buf_mgmt.o)
                0x10007430                mint_buf_mgmt_init

i.mint_buf_mgmt_malloc
                0x10007474       0x28
 i.mint_buf_mgmt_malloc
                0x10007474       0x28 Generated_Source\PSoC6\pdl\middleware\ble\lib\cy_ble_stack_gcc_controller_ipc_cm0p.a(mint_buf_mgmt.o)
                0x10007474                mint_buf_mgmt_malloc

i.mint_buf_mgmt_pl_init
                0x1000749c       0x4c
 i.mint_buf_mgmt_pl_init
                0x1000749c       0x4c Generated_Source\PSoC6\pdl\middleware\ble\lib\cy_ble_stack_gcc_controller_ipc_cm0p.a(mint_buf_mgmt.o)
                0x1000749c                mint_buf_mgmt_pl_init

i.mint_buf_mgmt_reset_pool
                0x100074e8       0x70
 i.mint_buf_mgmt_reset_pool
                0x100074e8       0x70 Generated_Source\PSoC6\pdl\middleware\ble\lib\cy_ble_stack_gcc_controller_ipc_cm0p.a(mint_buf_mgmt.o)
                0x100074e8                mint_buf_mgmt_reset_pool

i.mint_buf_mgmt_stack_init
                0x10007558       0x24
 i.mint_buf_mgmt_stack_init
                0x10007558       0x24 Generated_Source\PSoC6\pdl\middleware\ble\lib\cy_ble_stack_gcc_controller_ipc_cm0p.a(mint_buf_mgmt.o)
                0x10007558                mint_buf_mgmt_stack_init

i.mint_buf_mgmt_stack_pop
                0x1000757c       0x36
 i.mint_buf_mgmt_stack_pop
                0x1000757c       0x36 Generated_Source\PSoC6\pdl\middleware\ble\lib\cy_ble_stack_gcc_controller_ipc_cm0p.a(mint_buf_mgmt.o)
                0x1000757c                mint_buf_mgmt_stack_pop

i.mint_buf_mgmt_stack_push
                0x100075b2       0x36
 i.mint_buf_mgmt_stack_push
                0x100075b2       0x36 Generated_Source\PSoC6\pdl\middleware\ble\lib\cy_ble_stack_gcc_controller_ipc_cm0p.a(mint_buf_mgmt.o)
                0x100075b2                mint_buf_mgmt_stack_push

i.mint_buf_mgmt_stack_reset
                0x100075e8       0x1e
 i.mint_buf_mgmt_stack_reset
                0x100075e8       0x1e Generated_Source\PSoC6\pdl\middleware\ble\lib\cy_ble_stack_gcc_controller_ipc_cm0p.a(mint_buf_mgmt.o)
                0x100075e8                mint_buf_mgmt_stack_reset

i.mint_buf_mgmt_stack_search_item
                0x10007606       0x30
 i.mint_buf_mgmt_stack_search_item
                0x10007606       0x30 Generated_Source\PSoC6\pdl\middleware\ble\lib\cy_ble_stack_gcc_controller_ipc_cm0p.a(mint_buf_mgmt.o)
                0x10007606                mint_buf_mgmt_stack_search_item

i.CyBleController_HciIpcExtractPacket
                0x10007638       0x84
 i.CyBleController_HciIpcExtractPacket
                0x10007638       0x84 Generated_Source\PSoC6\pdl\middleware\ble\lib\cy_ble_stack_gcc_controller_ipc_cm0p.a(transport_ipc.o)
                0x10007638                CyBleController_HciIpcExtractPacket

i.CyBleController_HciIpcInit
                0x100076bc       0x10
 i.CyBleController_HciIpcInit
                0x100076bc       0x10 Generated_Source\PSoC6\pdl\middleware\ble\lib\cy_ble_stack_gcc_controller_ipc_cm0p.a(transport_ipc.o)
                0x100076bc                CyBleController_HciIpcInit

i.CyBleController_HciIpcMsgCompleteReceive
                0x100076cc       0x20
 i.CyBleController_HciIpcMsgCompleteReceive
                0x100076cc       0x20 Generated_Source\PSoC6\pdl\middleware\ble\lib\cy_ble_stack_gcc_controller_ipc_cm0p.a(transport_ipc.o)
                0x100076cc                CyBleController_HciIpcMsgCompleteReceive

i.CyBleController_HciIpcMsgReceive
                0x100076ec       0xb4
 i.CyBleController_HciIpcMsgReceive
                0x100076ec       0xb4 Generated_Source\PSoC6\pdl\middleware\ble\lib\cy_ble_stack_gcc_controller_ipc_cm0p.a(transport_ipc.o)
                0x100076ec                CyBleController_HciIpcMsgReceive

i.CyBleController_HciIpcSend
                0x100077a0       0x16
 i.CyBleController_HciIpcSend
                0x100077a0       0x16 Generated_Source\PSoC6\pdl\middleware\ble\lib\cy_ble_stack_gcc_controller_ipc_cm0p.a(transport_ipc.o)
                0x100077a0                CyBleController_HciIpcSend

i.CyBleController_IpcSendStackInitHWError
                0x100077b6        0x8
 i.CyBleController_IpcSendStackInitHWError
                0x100077b6        0x8 Generated_Source\PSoC6\pdl\middleware\ble\lib\cy_ble_stack_gcc_controller_ipc_cm0p.a(transport_ipc.o)
                0x100077b6                CyBleController_IpcSendStackInitHWError

i.CyBleController_IPC_HAL_Init
                0x100077c0       0x40
 i.CyBleController_IPC_HAL_Init
                0x100077c0       0x40 Generated_Source\PSoC6\pdl\middleware\ble\lib\cy_ble_stack_gcc_controller_ipc_cm0p.a(CyBleStackMgr_PSoCIPCHal.o)
                0x100077c0                CyBleController_IPC_HAL_Init

i.CyBleController_IPC_HAL_InitWithStaticMem
                0x10007800       0x10
 i.CyBleController_IPC_HAL_InitWithStaticMem
                0x10007800       0x10 Generated_Source\PSoC6\pdl\middleware\ble\lib\cy_ble_stack_gcc_controller_ipc_cm0p.a(CyBleStackMgr_PSoCIPCHal.o)
                0x10007800                CyBleController_IPC_HAL_InitWithStaticMem

i.CyBleController_IPC_HAL_IsQueueEmpty
                0x10007810       0x24
 i.CyBleController_IPC_HAL_IsQueueEmpty
                0x10007810       0x24 Generated_Source\PSoC6\pdl\middleware\ble\lib\cy_ble_stack_gcc_controller_ipc_cm0p.a(CyBleStackMgr_PSoCIPCHal.o)
                0x10007810                CyBleController_IPC_HAL_IsQueueEmpty

i.CyBleController_IPC_HAL_PipeReleaseCallback
                0x10007834       0x1c
 i.CyBleController_IPC_HAL_PipeReleaseCallback
                0x10007834       0x1c Generated_Source\PSoC6\pdl\middleware\ble\lib\cy_ble_stack_gcc_controller_ipc_cm0p.a(CyBleStackMgr_PSoCIPCHal.o)

i.CyBleController_IPC_HAL_ProcessMsgQ
                0x10007850       0x40
 i.CyBleController_IPC_HAL_ProcessMsgQ
                0x10007850       0x40 Generated_Source\PSoC6\pdl\middleware\ble\lib\cy_ble_stack_gcc_controller_ipc_cm0p.a(CyBleStackMgr_PSoCIPCHal.o)
                0x10007850                CyBleController_IPC_HAL_ProcessMsgQ

i.CyBleController_IPC_HAL_PushMessage
                0x10007890       0x4c
 i.CyBleController_IPC_HAL_PushMessage
                0x10007890       0x4c Generated_Source\PSoC6\pdl\middleware\ble\lib\cy_ble_stack_gcc_controller_ipc_cm0p.a(CyBleStackMgr_PSoCIPCHal.o)

i.CyBleController_IPC_HAL_Reset
                0x100078dc        0x2
 i.CyBleController_IPC_HAL_Reset
                0x100078dc        0x2 Generated_Source\PSoC6\pdl\middleware\ble\lib\cy_ble_stack_gcc_controller_ipc_cm0p.a(CyBleStackMgr_PSoCIPCHal.o)
                0x100078dc                CyBleController_IPC_HAL_Reset

i.CyBleController_IPC_HAL_SendEnqueue
                0x100078de       0x10
 i.CyBleController_IPC_HAL_SendEnqueue
                0x100078de       0x10 Generated_Source\PSoC6\pdl\middleware\ble\lib\cy_ble_stack_gcc_controller_ipc_cm0p.a(CyBleStackMgr_PSoCIPCHal.o)
                0x100078de                CyBleController_IPC_HAL_SendEnqueue

i.CyBle_ControllerAesCcmDecrypt
                0x100078f0       0x50
 i.CyBle_ControllerAesCcmDecrypt
                0x100078f0       0x50 Generated_Source\PSoC6\pdl\middleware\ble\lib\cy_ble_stack_gcc_controller_ipc_cm0p.a(CyBleControllerIP_Interface.o)
                0x100078f0                CyBle_ControllerAesCcmDecrypt

i.CyBle_ControllerAesCcmEncrypt
                0x10007940       0x44
 i.CyBle_ControllerAesCcmEncrypt
                0x10007940       0x44 Generated_Source\PSoC6\pdl\middleware\ble\lib\cy_ble_stack_gcc_controller_ipc_cm0p.a(CyBleControllerIP_Interface.o)
                0x10007940                CyBle_ControllerAesCcmEncrypt

i.CyBle_ControllerAesEncrypt
                0x10007984       0x60
 i.CyBle_ControllerAesEncrypt
                0x10007984       0x60 Generated_Source\PSoC6\pdl\middleware\ble\lib\cy_ble_stack_gcc_controller_ipc_cm0p.a(CyBleControllerIP_Interface.o)
                0x10007984                CyBle_ControllerAesEncrypt

i.CyBle_ControllerDisableDleFeature
                0x100079e4       0x10
 i.CyBle_ControllerDisableDleFeature
                0x100079e4       0x10 Generated_Source\PSoC6\pdl\middleware\ble\lib\cy_ble_stack_gcc_controller_ipc_cm0p.a(CyBleControllerIP_Interface.o)
                0x100079e4                CyBle_ControllerDisableDleFeature

i.CyBle_ControllerDisablePhyUpdateFeature
                0x100079f4        0xc
 i.CyBle_ControllerDisablePhyUpdateFeature
                0x100079f4        0xc Generated_Source\PSoC6\pdl\middleware\ble\lib\cy_ble_stack_gcc_controller_ipc_cm0p.a(CyBleControllerIP_Interface.o)
                0x100079f4                CyBle_ControllerDisablePhyUpdateFeature

i.CyBle_ControllerDisablePrivacyFeature
                0x10007a00        0xc
 i.CyBle_ControllerDisablePrivacyFeature
                0x10007a00        0xc Generated_Source\PSoC6\pdl\middleware\ble\lib\cy_ble_stack_gcc_controller_ipc_cm0p.a(CyBleControllerIP_Interface.o)
                0x10007a00                CyBle_ControllerDisablePrivacyFeature

i.CyBle_ControllerEnableDleFeature
                0x10007a0c       0x14
 i.CyBle_ControllerEnableDleFeature
                0x10007a0c       0x14 Generated_Source\PSoC6\pdl\middleware\ble\lib\cy_ble_stack_gcc_controller_ipc_cm0p.a(CyBleControllerIP_Interface.o)
                0x10007a0c                CyBle_ControllerEnableDleFeature

i.CyBle_ControllerEnterLPM
                0x10007a20       0x14
 i.CyBle_ControllerEnterLPM
                0x10007a20       0x14 Generated_Source\PSoC6\pdl\middleware\ble\lib\cy_ble_stack_gcc_controller_ipc_cm0p.a(CyBleControllerIP_Interface.o)
                0x10007a20                CyBle_ControllerEnterLPM

i.CyBle_ControllerExitLPM
                0x10007a34       0x10
 i.CyBle_ControllerExitLPM
                0x10007a34       0x10 Generated_Source\PSoC6\pdl\middleware\ble\lib\cy_ble_stack_gcc_controller_ipc_cm0p.a(CyBleControllerIP_Interface.o)
                0x10007a34                CyBle_ControllerExitLPM

i.CyBle_ControllerGetBleSsState
                0x10007a44       0x10
 i.CyBle_ControllerGetBleSsState
                0x10007a44       0x10 Generated_Source\PSoC6\pdl\middleware\ble\lib\cy_ble_stack_gcc_controller_ipc_cm0p.a(CyBleControllerIP_Interface.o)
                0x10007a44                CyBle_ControllerGetBleSsState

i.CyBle_ControllerGetFeatureHeapReq
                0x10007a54       0x56
 i.CyBle_ControllerGetFeatureHeapReq
                0x10007a54       0x56 Generated_Source\PSoC6\pdl\middleware\ble\lib\cy_ble_stack_gcc_controller_ipc_cm0p.a(CyBleControllerIP_Interface.o)
                0x10007a54                CyBle_ControllerGetFeatureHeapReq

i.CyBle_ControllerGetFirmwareProgrammedDSM
                0x10007aac        0xc
 i.CyBle_ControllerGetFirmwareProgrammedDSM
                0x10007aac        0xc Generated_Source\PSoC6\pdl\middleware\ble\lib\cy_ble_stack_gcc_controller_ipc_cm0p.a(CyBleControllerIP_Interface.o)
                0x10007aac                CyBle_ControllerGetFirmwareProgrammedDSM

i.CyBle_ControllerGetHeapMemory
                0x10007ab8       0x18
 i.CyBle_ControllerGetHeapMemory
                0x10007ab8       0x18 Generated_Source\PSoC6\pdl\middleware\ble\lib\cy_ble_stack_gcc_controller_ipc_cm0p.a(CyBleControllerIP_Interface.o)
                0x10007ab8                CyBle_ControllerGetHeapMemory

i.CyBle_ControllerGetInternalHeapReq
                0x10007ad0       0x3c
 i.CyBle_ControllerGetInternalHeapReq
                0x10007ad0       0x3c Generated_Source\PSoC6\pdl\middleware\ble\lib\cy_ble_stack_gcc_controller_ipc_cm0p.a(CyBleControllerIP_Interface.o)
                0x10007ad0                CyBle_ControllerGetInternalHeapReq

i.CyBle_ControllerHCIReInit
                0x10007b0c       0x60
 i.CyBle_ControllerHCIReInit
                0x10007b0c       0x60 Generated_Source\PSoC6\pdl\middleware\ble\lib\cy_ble_stack_gcc_controller_ipc_cm0p.a(CyBleControllerIP_Interface.o)
                0x10007b0c                CyBle_ControllerHCIReInit

i.CyBle_ControllerInit
                0x10007b6c       0x68
 i.CyBle_ControllerInit
                0x10007b6c       0x68 Generated_Source\PSoC6\pdl\middleware\ble\lib\cy_ble_stack_gcc_controller_ipc_cm0p.a(CyBleControllerIP_Interface.o)
                0x10007b6c                CyBle_ControllerInit

i.CyBle_ControllerReset
                0x10007bd4       0x20
 i.CyBle_ControllerReset
                0x10007bd4       0x20 Generated_Source\PSoC6\pdl\middleware\ble\lib\cy_ble_stack_gcc_controller_ipc_cm0p.a(CyBleControllerIP_Interface.o)
                0x10007bd4                CyBle_ControllerReset

i.CyBle_ControllerSetFeatureConfig
                0x10007bf4       0x5c
 i.CyBle_ControllerSetFeatureConfig
                0x10007bf4       0x5c Generated_Source\PSoC6\pdl\middleware\ble\lib\cy_ble_stack_gcc_controller_ipc_cm0p.a(CyBleControllerIP_Interface.o)
                0x10007bf4                CyBle_ControllerSetFeatureConfig

i.CyBle_ControllerSetFirmwareProgrammedDSM
                0x10007c50        0xc
 i.CyBle_ControllerSetFirmwareProgrammedDSM
                0x10007c50        0xc Generated_Source\PSoC6\pdl\middleware\ble\lib\cy_ble_stack_gcc_controller_ipc_cm0p.a(CyBleControllerIP_Interface.o)
                0x10007c50                CyBle_ControllerSetFirmwareProgrammedDSM

i.CyBle_ControllerValidateInputParams
                0x10007c5c       0x24
 i.CyBle_ControllerValidateInputParams
                0x10007c5c       0x24 Generated_Source\PSoC6\pdl\middleware\ble\lib\cy_ble_stack_gcc_controller_ipc_cm0p.a(CyBleControllerIP_Interface.o)
                0x10007c5c                CyBle_ControllerValidateInputParams

i.Cy_BLE_IsControllerActive
                0x10007c80       0x30
 i.Cy_BLE_IsControllerActive
                0x10007c80       0x30 Generated_Source\PSoC6\pdl\middleware\ble\lib\cy_ble_stack_gcc_controller_ipc_cm0p.a(ll.o)
                0x10007c80                Cy_BLE_IsControllerActive

i.ll_check_and_mark_packet_ready_for_transmission
                0x10007cb0       0x5c
 i.ll_check_and_mark_packet_ready_for_transmission
                0x10007cb0       0x5c Generated_Source\PSoC6\pdl\middleware\ble\lib\cy_ble_stack_gcc_controller_ipc_cm0p.a(ll.o)
                0x10007cb0                ll_check_and_mark_packet_ready_for_transmission

i.ll_cleanup_pending_data_pdu
                0x10007d0c       0x3c
 i.ll_cleanup_pending_data_pdu
                0x10007d0c       0x3c Generated_Source\PSoC6\pdl\middleware\ble\lib\cy_ble_stack_gcc_controller_ipc_cm0p.a(ll.o)
                0x10007d0c                ll_cleanup_pending_data_pdu

i.ll_dequeue_data_in_pdu_q_mgr
                0x10007d48      0x144
 i.ll_dequeue_data_in_pdu_q_mgr
                0x10007d48      0x144 Generated_Source\PSoC6\pdl\middleware\ble\lib\cy_ble_stack_gcc_controller_ipc_cm0p.a(ll.o)
                0x10007d48                ll_dequeue_data_in_pdu_q_mgr

i.ll_derive_window_offset
                0x10007e8c       0x20
 i.ll_derive_window_offset
                0x10007e8c       0x20 Generated_Source\PSoC6\pdl\middleware\ble\lib\cy_ble_stack_gcc_controller_ipc_cm0p.a(ll.o)
                0x10007e8c                ll_derive_window_offset

i.ll_derive_window_size
                0x10007eac        0xc
 i.ll_derive_window_size
                0x10007eac        0xc Generated_Source\PSoC6\pdl\middleware\ble\lib\cy_ble_stack_gcc_controller_ipc_cm0p.a(ll.o)
                0x10007eac                ll_derive_window_size

i.ll_enqueue_data_in_pdu_q_mgr
                0x10007eb8       0x84
 i.ll_enqueue_data_in_pdu_q_mgr
                0x10007eb8       0x84 Generated_Source\PSoC6\pdl\middleware\ble\lib\cy_ble_stack_gcc_controller_ipc_cm0p.a(ll.o)
                0x10007eb8                ll_enqueue_data_in_pdu_q_mgr

i.ll_enter_dsm_mode
                0x10007f3c      0x200
 i.ll_enter_dsm_mode
                0x10007f3c      0x200 Generated_Source\PSoC6\pdl\middleware\ble\lib\cy_ble_stack_gcc_controller_ipc_cm0p.a(ll.o)
                0x10007f3c                ll_enter_dsm_mode

i.ll_exit_low_power_mode
                0x1000813c       0x6c
 i.ll_exit_low_power_mode
                0x1000813c       0x6c Generated_Source\PSoC6\pdl\middleware\ble\lib\cy_ble_stack_gcc_controller_ipc_cm0p.a(ll.o)
                0x1000813c                ll_exit_low_power_mode

i.ll_get_ack_status
                0x100081a8       0x44
 i.ll_get_ack_status
                0x100081a8       0x44 Generated_Source\PSoC6\pdl\middleware\ble\lib\cy_ble_stack_gcc_controller_ipc_cm0p.a(ll.o)
                0x100081a8                ll_get_ack_status

i.ll_get_ack_status_for_all_connections
                0x100081ec       0x38
 i.ll_get_ack_status_for_all_connections
                0x100081ec       0x38 Generated_Source\PSoC6\pdl\middleware\ble\lib\cy_ble_stack_gcc_controller_ipc_cm0p.a(ll.o)
                0x100081ec                ll_get_ack_status_for_all_connections

i.ll_get_adv_ch_tx_power
                0x10008224       0x16
 i.ll_get_adv_ch_tx_power
                0x10008224       0x16 Generated_Source\PSoC6\pdl\middleware\ble\lib\cy_ble_stack_gcc_controller_ipc_cm0p.a(ll.o)
                0x10008224                ll_get_adv_ch_tx_power

i.ll_get_data_channel_map
                0x1000823a       0x28
 i.ll_get_data_channel_map
                0x1000823a       0x28 Generated_Source\PSoC6\pdl\middleware\ble\lib\cy_ble_stack_gcc_controller_ipc_cm0p.a(ll.o)
                0x1000823a                ll_get_data_channel_map

i.ll_get_max_white_list_size
                0x10008264        0xc
 i.ll_get_max_white_list_size
                0x10008264        0xc Generated_Source\PSoC6\pdl\middleware\ble\lib\cy_ble_stack_gcc_controller_ipc_cm0p.a(ll.o)
                0x10008264                ll_get_max_white_list_size

i.ll_get_my_role
                0x10008270        0xc
 i.ll_get_my_role
                0x10008270        0xc Generated_Source\PSoC6\pdl\middleware\ble\lib\cy_ble_stack_gcc_controller_ipc_cm0p.a(ll.o)
                0x10008270                ll_get_my_role

i.ll_get_next_available_fifo_for_data_pdu
                0x1000827c        0x8
 i.ll_get_next_available_fifo_for_data_pdu
                0x1000827c        0x8 Generated_Source\PSoC6\pdl\middleware\ble\lib\cy_ble_stack_gcc_controller_ipc_cm0p.a(ll.o)
                0x1000827c                ll_get_next_available_fifo_for_data_pdu

i.ll_get_next_available_fifo_for_ll_pdu
                0x10008284       0x30
 i.ll_get_next_available_fifo_for_ll_pdu
                0x10008284       0x30 Generated_Source\PSoC6\pdl\middleware\ble\lib\cy_ble_stack_gcc_controller_ipc_cm0p.a(ll.o)
                0x10008284                ll_get_next_available_fifo_for_ll_pdu

i.ll_get_rssi_value
                0x100082b4       0x28
 i.ll_get_rssi_value
                0x100082b4       0x28 Generated_Source\PSoC6\pdl\middleware\ble\lib\cy_ble_stack_gcc_controller_ipc_cm0p.a(ll.o)
                0x100082b4                ll_get_rssi_value

i.ll_get_transmit_power_level
                0x100082dc       0x20
 i.ll_get_transmit_power_level
                0x100082dc       0x20 Generated_Source\PSoC6\pdl\middleware\ble\lib\cy_ble_stack_gcc_controller_ipc_cm0p.a(ll.o)
                0x100082dc                ll_get_transmit_power_level

i.ll_handle_ack_received
                0x100082fc       0x6c
 i.ll_handle_ack_received
                0x100082fc       0x6c Generated_Source\PSoC6\pdl\middleware\ble\lib\cy_ble_stack_gcc_controller_ipc_cm0p.a(ll.o)
                0x100082fc                ll_handle_ack_received

i.ll_handle_add_device_in_whitelist
                0x10008368       0xbc
 i.ll_handle_add_device_in_whitelist
                0x10008368       0xbc Generated_Source\PSoC6\pdl\middleware\ble\lib\cy_ble_stack_gcc_controller_ipc_cm0p.a(ll.o)
                0x10008368                ll_handle_add_device_in_whitelist

i.ll_handle_clear_whitelist
                0x10008424       0x2c
 i.ll_handle_clear_whitelist
                0x10008424       0x2c Generated_Source\PSoC6\pdl\middleware\ble\lib\cy_ble_stack_gcc_controller_ipc_cm0p.a(ll.o)
                0x10008424                ll_handle_clear_whitelist

i.ll_handle_encrypt_host_data
                0x10008450       0x36
 i.ll_handle_encrypt_host_data
                0x10008450       0x36 Generated_Source\PSoC6\pdl\middleware\ble\lib\cy_ble_stack_gcc_controller_ipc_cm0p.a(ll.o)
                0x10008450                ll_handle_encrypt_host_data

i.ll_handle_host_data_packet
                0x10008488       0xa0
 i.ll_handle_host_data_packet
                0x10008488       0xa0 Generated_Source\PSoC6\pdl\middleware\ble\lib\cy_ble_stack_gcc_controller_ipc_cm0p.a(ll.o)
                0x10008488                ll_handle_host_data_packet

i.ll_handle_read_host_channel_map
                0x10008528        0x4
 i.ll_handle_read_host_channel_map
                0x10008528        0x4 Generated_Source\PSoC6\pdl\middleware\ble\lib\cy_ble_stack_gcc_controller_ipc_cm0p.a(ll.o)